<html>
<body>
<pre>
<h1>µVision Build Log</h1>
<h2>Project:</h2>
C:\Users\wam\Projects\CR95HF\CR95HF firmware\CR95HF Demo board project v2.1.2\RVMDK\CR95HF project.uvproj
Project File Date:  09/07/2012

<h2>Output:</h2>
Build target 'DEMO_BOARD_CR95HF'
compiling main.c...
..\src\main.c(119): warning:  #174-D: expression has no effect
..\src\main.c(120): error:  #65: expected a ";"
compiling hw_config.c...
compiling stm32f10x_it.c...
compiling miscellaneous.c...
compiling track_TAG.c...
compiling lib_CR95HF.c...
compiling lib_iso15693.c...
compiling lib_iso14443A.c...
compiling lib_iso14443B.c...
compiling lib_felica.c...
compiling lib_iso14443SR.c...
compiling drv_uart.c...
compiling drv_spi.c...
compiling drv_LED.c...
compiling drv_CR95HF.c...
compiling usb_desc.c...
compiling usb_endp.c...
compiling usb_hid.c...
compiling usb_istr.c...
compiling usb_prop.c...
compiling usb_pwr.c...
compiling diskio.c...
compiling ff.c...
compiling flash_cmd.c...
compiling mass_mal.c...
compiling memory.c...
compiling nand_if.c...
compiling scsi_data.c...
compiling usb_bot.c...
compiling usb_scsi.c...
compiling stm3210e_lcd.c...
compiling usb_core.c...
compiling usb_init.c...
compiling usb_int.c...
compiling usb_mem.c...
compiling usb_regs.c...
compiling usb_sil.c...
compiling misc.c...
compiling stm32f10x_exti.c...
compiling stm32f10x_gpio.c...
compiling stm32f10x_spi.c...
compiling stm32f10x_usart.c...
compiling stm32f10x_flash.c...
compiling stm32f10x_rcc.c...
compiling stm32f10x_tim.c...
compiling stm32f10x_fsmc.c...
assembling startup_stm32f10x_md.s...
compiling core_cm3.c...
compiling system_stm32f10x.c...
Target not created
Build target 'DEMO_BOARD_CR95HF'
compiling main.c...
..\src\main.c(119): warning:  #174-D: expression has no effect
linking...
Program Size: Code=30814 RO-data=682 RW-data=344 ZI-data=10552  
FromELF: creating hex file...
"CR95HF MMY project.axf" - 0 Error(s), 1 Warning(s).
Build target 'DEMO_BOARD_CR95HF'
compiling main.c...
linking...
Program Size: Code=30822 RO-data=682 RW-data=344 ZI-data=10552  
FromELF: creating hex file...
"CR95HF MMY project.axf" - 0 Error(s), 0 Warning(s).
Load "C:\\Users\\wam\\Projects\\CR95HF\\CR95HF firmware\\CR95HF Demo board project v2.1.2\\RVMDK\\CR95HF MMY project.AXF" 
Erase Done.
Programming Done.
Verify OK.
Build target 'DEMO_BOARD_CR95HF'
compiling main.c...
linking...
Program Size: Code=30786 RO-data=682 RW-data=344 ZI-data=10552  
FromELF: creating hex file...
"CR95HF MMY project.axf" - 0 Error(s), 0 Warning(s).
Build target 'DEMO_BOARD_CR95HF'
compiling main.c...
linking...
Program Size: Code=30794 RO-data=682 RW-data=344 ZI-data=10552  
FromELF: creating hex file...
"CR95HF MMY project.axf" - 0 Error(s), 0 Warning(s).
Load "C:\\Users\\wam\\Projects\\CR95HF\\CR95HF firmware\\CR95HF Demo board project v2.1.2\\RVMDK\\CR95HF MMY project.AXF" 
Load "C:\\Users\\wam\\Projects\\CR95HF\\CR95HF firmware\\CR95HF Demo board project v2.1.2\\RVMDK\\CR95HF MMY project.AXF" 
Erase Done.
Programming Done.
Verify OK.
