<html>
<body>
<pre>
<h1>µVision Build Log</h1>
<h2>Tool Versions:</h2>
IDE-Version: µVision V5.15
Copyright (C) 2015 ARM Ltd and ARM Germany GmbH. All rights reserved.
License Information: Matjaž Moènik, Fotona d.d., LIC=JL2UM-X800R-PF2I8-1U35I-62JWP-CGLZK
 
Tool Versions:
Toolchain:       MDK-ARM Standard  Version: 5.15.0
Toolchain Path:  C:\Keil\ARM\ARMCC\Bin
C Compiler:      Armcc.exe V5.05 update 2 (build 169)
Assembler:       Armasm.exe V5.05 update 2 (build 169)
Linker/Locator:  ArmLink.exe V5.05 update 2 (build 169)
Library Manager: ArmAr.exe V5.05 update 2 (build 169)
Hex Converter:   FromElf.exe V5.05 update 2 (build 169)
CPU DLL:         SARMCM3.DLL V5.15.0
Dialog DLL:      DCM.DLL V1.13.2.0
Target DLL:      STLink\ST-LINKIII-KEIL_SWO.dll V2.0.15.0_KEIL
Dialog DLL:      TCM.DLL V1.14.5.0
 
<h2>Project:</h2>
C:\Users\MOCNIK\Documents\STM32_USB-Host-Device_Lib_V2.1.0\Project\CR95HF Demo board project v2.1.2\RVMDK\CR95HF project.uvprojx
Project File Date:  07/07/2015

<h2>Output:</h2>
*** Using Compiler 'V5.05 update 2 (build 169)', folder: 'C:\Keil\ARM\ARMCC\Bin'
Build target 'DEMO_BOARD_CR95HF'
compiling main.c...
compiling hw_config.c...
compiling stm32f10x_it.c...
compiling miscellaneous.c...
compiling track_TAG.c...
compiling lib_CR95HF.c...
compiling lib_iso15693.c...
compiling lib_iso14443A.c...
compiling lib_iso14443B.c...
compiling lib_felica.c...
compiling lib_iso14443SR.c...
compiling drv_uart.c...
compiling drv_spi.c...
compiling drv_LED.c...
compiling drv_CR95HF.c...
compiling usb_desc.c...
compiling usb_endp.c...
compiling usb_hid.c...
compiling usb_istr.c...
compiling usb_prop.c...
compiling usb_pwr.c...
compiling diskio.c...
compiling ff.c...
compiling flash_cmd.c...
compiling mass_mal.c...
compiling memory.c...
compiling nand_if.c...
compiling scsi_data.c...
compiling usb_bot.c...
compiling usb_scsi.c...
compiling stm3210e_lcd.c...
compiling usb_core.c...
compiling usb_init.c...
compiling usb_int.c...
compiling usb_mem.c...
compiling usb_regs.c...
compiling usb_sil.c...
compiling misc.c...
compiling stm32f10x_exti.c...
compiling stm32f10x_gpio.c...
compiling stm32f10x_spi.c...
compiling stm32f10x_usart.c...
compiling stm32f10x_flash.c...
compiling stm32f10x_rcc.c...
compiling stm32f10x_tim.c...
compiling stm32f10x_fsmc.c...
assembling startup_stm32f10x_md.s...
compiling core_cm3.c...
compiling system_stm32f10x.c...
linking...
Program Size: Code=28036 RO-data=544 RW-data=356 ZI-data=10252  
FromELF: creating hex file...
".\CR95HF MMY project.axf" - 0 Error(s), 0 Warning(s).

<h2>Collection of Component include folders:</h2>
  C:\Users\MOCNIK\Documents\STM32_USB-Host-Device_Lib_V2.1.0\Project\CR95HF Demo board project v2.1.2\RVMDK\RTE
  C:\Keil\ARM\PACK\Keil\STM32F1xx_DFP\1.0.5\Device\Include

<h2>Collection of Component Files used:</h2>
</pre>
</body>
</html>
