Component: ARM Compiler 5.05 update 2 (build 169) Tool: armlink [4d0f33]

==============================================================================

Section Cross References

    lm.o(.ARM.exidx) refers to lm.o(.emb_text) for __asm___6_lm_cpp_a6e1da08___Z7__REV16j
    lm.o(i._ZN3_LM10PlusDecodeEPc) refers to strtoul.o(.text) for strtoul
    lm.o(i._ZN3_LM10PlusDecodeEPc) refers to appmisc.o(i._thread_add) for _thread_add
    lm.o(i._ZN3_LM10PlusDecodeEPc) refers to pyro.o(i._ZN5_PYRO9addFilterEPc) for _PYRO::addFilter(char*)
    lm.o(i._ZN3_LM10PlusDecodeEPc) refers to lm.o(i._ZN3_LM5PrintEPv) for _LM::Print(void*)
    lm.o(i._ZN3_LM10WhatDecodeEPc) refers to pyro.o(i._ZN5_PYRO11printFilterEv) for _PYRO::printFilter()
    lm.o(i._ZN3_LM10WhatDecodeEPc) refers to printfa.o(i.__0printf) for __2printf
    lm.o(i._ZN3_LM11MinusDecodeEPc) refers to appmisc.o(i._thread_remove) for _thread_remove
    lm.o(i._ZN3_LM11MinusDecodeEPc) refers to pyro.o(i._ZN5_PYRO10initFilterEv) for _PYRO::initFilter()
    lm.o(i._ZN3_LM11MinusDecodeEPc) refers to strtoul.o(.text) for strtoul
    lm.o(i._ZN3_LM11MinusDecodeEPc) refers to lm.o(i._ZN3_LM5PrintEPv) for _LM::Print(void*)
    lm.o(i._ZN3_LM4PollEPv) refers to retarget.o(i._stdio) for _stdio
    lm.o(i._ZN3_LM4PollEPv) refers to can.o(i._ZN4_CAN5ParseEPv) for _CAN::Parse(void*)
    lm.o(i._ZN3_LM4PollEPv) refers to spray.o(i._ZN6_SPRAY4PollEv) for _SPRAY::Poll()
    lm.o(i._ZN3_LM4PollEPv) refers to adc.o(i._ZN4_ADC8InstanceEv) for _ADC::Instance()
    lm.o(i._ZN3_LM4PollEPv) refers to adc.o(i._ZN4_ADC6StatusEv) for _ADC::Status()
    lm.o(i._ZN3_LM4PollEPv) refers to fan.o(i._ZN4_FAN4PollEv) for _FAN::Poll()
    lm.o(i._ZN3_LM4PollEPv) refers to pump.o(i._ZN5_PUMP4PollEv) for _PUMP::Poll()
    lm.o(i._ZN3_LM4PollEPv) refers to tim.o(i._ZN4_TIM8InstanceEv) for _TIM::Instance()
    lm.o(i._ZN3_LM4PollEPv) refers to tim.o(i._ZN4_TIM4PollEv) for _TIM::Poll()
    lm.o(i._ZN3_LM5ParseEPSt6__FILE) refers to retarget.o(i.fgetc) for fgetc
    lm.o(i._ZN3_LM5ParseEPSt6__FILE) refers to lm.o(i._ZN3_LM5ParseEi) for _LM::Parse(int)
    lm.o(i._ZN3_LM5ParseEi) refers to adc.o(i._ZN4_ADC8InstanceEv) for _ADC::Instance()
    lm.o(i._ZN3_LM5ParseEi) refers to lm.o(i._ZN3_LM6SelectE12__SELECTED__) for _LM::Select(__SELECTED__)
    lm.o(i._ZN3_LM5ParseEi) refers to gpio.o(i._ZN5_TERM6RepeatEi) for _TERM::Repeat(int)
    lm.o(i._ZN3_LM5ParseEi) refers to lm.o(i._ZN3_LM6DecodeEPc) for _LM::Decode(char*)
    lm.o(i._ZN3_LM5ParseEi) refers to ff.o(i.f_open) for f_open
    lm.o(i._ZN3_LM5ParseEi) refers to pyro.o(i._ZN5_PYRO12SaveSettingsEPSt6__FILE) for _PYRO::SaveSettings(std::__FILE*)
    lm.o(i._ZN3_LM5ParseEi) refers to pump.o(i._ZN5_PUMP12SaveSettingsEPSt6__FILE) for _PUMP::SaveSettings(std::__FILE*)
    lm.o(i._ZN3_LM5ParseEi) refers to fan.o(i._ZN4_FAN12SaveSettingsEPSt6__FILE) for _FAN::SaveSettings(std::__FILE*)
    lm.o(i._ZN3_LM5ParseEi) refers to spray.o(i._ZN6_SPRAY12SaveSettingsEPSt6__FILE) for _SPRAY::SaveSettings(std::__FILE*)
    lm.o(i._ZN3_LM5ParseEi) refers to ec20.o(i._ZN5_EC2012SaveSettingsEPSt6__FILE) for _EC20::SaveSettings(std::__FILE*)
    lm.o(i._ZN3_LM5ParseEi) refers to ff.o(i.f_sync) for f_sync
    lm.o(i._ZN3_LM5ParseEi) refers to ff.o(i.f_close) for f_close
    lm.o(i._ZN3_LM5ParseEi) refers to printfa.o(i.__0printf) for __2printf
    lm.o(i._ZN3_LM5ParseEi) refers to lm.o(i._ZN3_LM9IncrementEii) for _LM::Increment(int, int)
    lm.o(i._ZN3_LM5ParseEi) refers to memmove.o(.text) for __aeabi_memcpy
    lm.o(i._ZN3_LM5ParseEv) refers to retarget.o(i._stdio) for _stdio
    lm.o(i._ZN3_LM5ParseEv) refers to gpio.o(i._ZN5_TERM6EscapeEv) for _TERM::Escape()
    lm.o(i._ZN3_LM5ParseEv) refers to lm.o(i._ZN3_LM5ParseEi) for _LM::Parse(int)
    lm.o(i._ZN3_LM5PrintEPv) refers to retarget.o(i._stdio) for _stdio
    lm.o(i._ZN3_LM5PrintEPv) refers to adc.o(i._ZN4_ADC8InstanceEv) for _ADC::Instance()
    lm.o(i._ZN3_LM5PrintEPv) refers to printfa.o(i.__0printf) for __2printf
    lm.o(i._ZN3_LM6DecodeEPc) refers to appmisc.o(i.PrintVersion) for PrintVersion
    lm.o(i._ZN3_LM6DecodeEPc) refers to lm.o(i._ZN3_LM10WhatDecodeEPc) for _LM::WhatDecode(char*)
    lm.o(i._ZN3_LM6DecodeEPc) refers to lm.o(i._ZN3_LM10PlusDecodeEPc) for _LM::PlusDecode(char*)
    lm.o(i._ZN3_LM6DecodeEPc) refers to lm.o(i._ZN3_LM11MinusDecodeEPc) for _LM::MinusDecode(char*)
    lm.o(i._ZN3_LM6DecodeEPc) refers to strtoul.o(.text) for strtoul
    lm.o(i._ZN3_LM6DecodeEPc) refers to printfa.o(i.__0printf) for __2printf
    lm.o(i._ZN3_LM6DecodeEPc) refers to can.o(i._ZN4_CAN4SendEPc) for _CAN::Send(char*)
    lm.o(i._ZN3_LM6DecodeEPc) refers to can.o(i._ZN4_CAN4RecvEPc) for _CAN::Recv(char*)
    lm.o(i._ZN3_LM6DecodeEPc) refers to dflti.o(.text) for __aeabi_i2d
    lm.o(i._ZN3_LM6DecodeEPc) refers to dmul.o(.text) for __aeabi_dmul
    lm.o(i._ZN3_LM6DecodeEPc) refers to ddiv.o(.text) for __aeabi_ddiv
    lm.o(i._ZN3_LM6DecodeEPc) refers to sin.o(i.sin) for sin
[...]
    0x0800630c   0x0000002c   Code   RO         6114    i.USBH_BulkSendData  libPfm.lib(usbh_ioreq.o)
    0x08006338   0x0000002e   Code   RO         5992    i.USBH_ClrFeature   libPfm.lib(usbh_stdreq.o)
    0x08006366   0x0000000a   Code   RO         5256    i.USBH_Connected    libPfm.lib(usbh_core.o)
    0x08006370   0x00000024   Code   RO         6115    i.USBH_CtlReceiveData  libPfm.lib(usbh_ioreq.o)
    0x08006394   0x00000046   Code   RO         6116    i.USBH_CtlReq       libPfm.lib(usbh_ioreq.o)
    0x080063da   0x00000038   Code   RO         6117    i.USBH_CtlSendData  libPfm.lib(usbh_ioreq.o)
    0x08006412   0x00000026   Code   RO         6118    i.USBH_CtlSendSetup  libPfm.lib(usbh_ioreq.o)
    0x08006438   0x00000018   Code   RO         6074    i.USBH_DeAllocate_AllChannel  libPfm.lib(usbh_hcs.o)
    0x08006450   0x00000034   Code   RO         5257    i.USBH_DeInit       libPfm.lib(usbh_core.o)
    0x08006484   0x0000000a   Code   RO         5258    i.USBH_Disconnected  libPfm.lib(usbh_core.o)
    0x0800648e   0x0000002c   Code   RO         5259    i.USBH_ErrorHandle  libPfm.lib(usbh_core.o)
    0x080064ba   0x00000018   Code   RO         6075    i.USBH_Free_Channel  libPfm.lib(usbh_hcs.o)
    0x080064d2   0x00000030   Code   RO         5993    i.USBH_GetDescriptor  libPfm.lib(usbh_stdreq.o)
    0x08006502   0x0000000e   Code   RO         5994    i.USBH_GetNextDesc  libPfm.lib(usbh_stdreq.o)
    0x08006510   0x00000058   Code   RO         5995    i.USBH_Get_CfgDesc  libPfm.lib(usbh_stdreq.o)
    0x08006568   0x0000009c   Code   RO         5996    i.USBH_Get_DevDesc  libPfm.lib(usbh_stdreq.o)
    0x08006604   0x00000048   Code   RO         5997    i.USBH_Get_StringDesc  libPfm.lib(usbh_stdreq.o)
    0x0800664c   0x000001d4   Code   RO         5260    i.USBH_HandleControl  libPfm.lib(usbh_core.o)
    0x08006820   0x0000019c   Code   RO         5261    i.USBH_HandleEnum   libPfm.lib(usbh_core.o)
    0x080069bc   0x00000004   Code   RO         4594    i.USBH_Iap          libPfm.lib(com.o)
    0x080069c0   0x0000003c   Code   RO         5262    i.USBH_Init         libPfm.lib(usbh_core.o)
    0x080069fc   0x00000038   Code   RO         6316    i.USBH_MSC_BOT_Abort  libPfm.lib(usbh_msc_bot.o)
    0x08006a34   0x0000000c   Code   RO         6357    i.USBH_MSC_ClassRequest  libPfm.lib(usbh_msc_core.o)
    0x08006a40   0x0000005c   Code   RO         6317    i.USBH_MSC_DecodeCSW  libPfm.lib(usbh_msc_bot.o)
    0x08006a9c   0x00000034   Code   RO         6358    i.USBH_MSC_ErrorHandle  libPfm.lib(usbh_msc_core.o)
    0x08006ad0   0x00000164   Code   RO         6359    i.USBH_MSC_Handle   libPfm.lib(usbh_msc_core.o)
    0x08006c34   0x0000021c   Code   RO         6318    i.USBH_MSC_HandleBOTXfer  libPfm.lib(usbh_msc_bot.o)
    0x08006e50   0x0000003c   Code   RO         6319    i.USBH_MSC_Init     libPfm.lib(usbh_msc_bot.o)
    0x08006e8c   0x00000038   Code   RO         6360    i.USBH_MSC_InterfaceDeInit  libPfm.lib(usbh_msc_core.o)
    0x08006ec4   0x000000a0   Code   RO         6361    i.USBH_MSC_InterfaceInit  libPfm.lib(usbh_msc_core.o)
    0x08006f64   0x0000009c   Code   RO         6402    i.USBH_MSC_ModeSense6  libPfm.lib(usbh_msc_scsi.o)
    0x08007000   0x000000d8   Code   RO         6403    i.USBH_MSC_Read10   libPfm.lib(usbh_msc_scsi.o)
    0x080070d8   0x000000a0   Code   RO         6404    i.USBH_MSC_ReadCapacity10  libPfm.lib(usbh_msc_scsi.o)
    0x08007178   0x000000a0   Code   RO         6405    i.USBH_MSC_RequestSense  libPfm.lib(usbh_msc_scsi.o)
    0x08007218   0x00000080   Code   RO         6406    i.USBH_MSC_TestUnitReady  libPfm.lib(usbh_msc_scsi.o)
    0x08007298   0x0000009c   Code   RO         6407    i.USBH_MSC_Write10  libPfm.lib(usbh_msc_scsi.o)
    0x08007334   0x00000032   Code   RO         6076    i.USBH_Modify_Channel  libPfm.lib(usbh_hcs.o)
    0x08007366   0x000000a8   Code   RO         2478    i.USBH_OTG_ISR_Handler  libPfm.lib(usb_hcd_int.o)
    0x0800740e   0x00000054   Code   RO         6077    i.USBH_Open_Channel  libPfm.lib(usbh_hcs.o)
    0x08007462   0x00000002   PAD
    0x08007464   0x00000120   Code   RO         5998    i.USBH_ParseCfgDesc  libPfm.lib(usbh_stdreq.o)
    0x08007584   0x00000026   Code   RO         5999    i.USBH_ParseInterfaceDesc  libPfm.lib(usbh_stdreq.o)
    0x080075aa   0x00000186   Code   RO         5263    i.USBH_Process      libPfm.lib(usbh_core.o)
    0x08007730   0x00000004   Code   RO         5264    i.USBH_SOF          libPfm.lib(usbh_core.o)
    0x08007734   0x00000018   Code   RO         6000    i.USBH_SetAddress   libPfm.lib(usbh_stdreq.o)
    0x0800774c   0x00000018   Code   RO         6001    i.USBH_SetCfg       libPfm.lib(usbh_stdreq.o)
    0x08007764   0x00000024   Code   RO         4988    i.USBH_USR_Configuration_DescAvailable  libPfm.lib(usbh_msc_usr.o)
    0x08007788   0x00000002   Code   RO         4989    i.USBH_USR_DeInit   libPfm.lib(usbh_msc_usr.o)
    0x0800778a   0x00000002   PAD
    0x0800778c   0x00000020   Code   RO         4990    i.USBH_USR_DeviceAddressAssigned  libPfm.lib(usbh_msc_usr.o)
    0x080077ac   0x00000018   Code   RO         4991    i.USBH_USR_DeviceAttached  libPfm.lib(usbh_msc_usr.o)
    0x080077c4   0x00000030   Code   RO         4992    i.USBH_USR_DeviceDisconnected  libPfm.lib(usbh_msc_usr.o)
    0x080077f4   0x00000024   Code   RO         4993    i.USBH_USR_DeviceNotSupported  libPfm.lib(usbh_msc_usr.o)
    0x08007818   0x0000001c   Code   RO         4994    i.USBH_USR_DeviceSpeedDetected  libPfm.lib(usbh_msc_usr.o)
    0x08007834   0x00000024   Code   RO         4995    i.USBH_USR_Device_DescAvailable  libPfm.lib(usbh_msc_usr.o)
    0x08007858   0x00000020   Code   RO         4996    i.USBH_USR_EnumerationDone  libPfm.lib(usbh_msc_usr.o)
    0x08007878   0x00000018   Code   RO         4997    i.USBH_USR_Init     libPfm.lib(usbh_msc_usr.o)
    0x08007890   0x00000014   Code   RO         4998    i.USBH_USR_MSC_Application  libPfm.lib(usbh_msc_usr.o)
    0x080078a4   0x00000010   Code   RO         4999    i.USBH_USR_Manufacturer_String  libPfm.lib(usbh_msc_usr.o)
    0x080078b4   0x00000002   Code   RO         5000    i.USBH_USR_OverCurrentDetected  libPfm.lib(usbh_msc_usr.o)
    0x080078b6   0x00000002   PAD
    0x080078b8   0x00000010   Code   RO         5001    i.USBH_USR_Product_String  libPfm.lib(usbh_msc_usr.o)
    0x080078c8   0x00000014   Code   RO         5002    i.USBH_USR_ResetDevice  libPfm.lib(usbh_msc_usr.o)
    0x080078dc   0x00000010   Code   RO         5003    i.USBH_USR_SerialNum_String  libPfm.lib(usbh_msc_usr.o)
    0x080078ec   0x00000014   Code   RO         5004    i.USBH_USR_UnrecoveredError  libPfm.lib(usbh_msc_usr.o)
    0x08007900   0x00000004   Code   RO         5005    i.USBH_USR_UserInput  libPfm.lib(usbh_msc_usr.o)
    0x08007904   0x00000010   Code   RO         5006    i.USBHost           libPfm.lib(usbh_msc_usr.o)
    0x08007914   0x00000002   Code   RO         4935    i.USB_OTG_BSP_ConfigVBUS  libPfm.lib(usb_bsp.o)
    0x08007916   0x00000002   Code   RO         4937    i.USB_OTG_BSP_DriveVBUS  libPfm.lib(usb_bsp.o)
    0x08007918   0x00000028   Code   RO         4938    i.USB_OTG_BSP_EnableInterrupt  libPfm.lib(usb_bsp.o)
    0x08007940   0x00000064   Code   RO         4939    i.USB_OTG_BSP_Init  libPfm.lib(usb_bsp.o)
    0x080079a4   0x0000000c   Code   RO         4940    i.USB_OTG_BSP_mDelay  libPfm.lib(usb_bsp.o)
    0x080079b0   0x00000010   Code   RO         4941    i.USB_OTG_BSP_uDelay  libPfm.lib(usb_bsp.o)
    0x080079c0   0x00000080   Code   RO         2182    i.USB_OTG_CoreInit  libPfm.lib(usb_core.o)
    0x08007a40   0x00000130   Code   RO         2183    i.USB_OTG_CoreInitDev  libPfm.lib(usb_core.o)
    0x08007b70   0x000000a6   Code   RO         2184    i.USB_OTG_CoreInitHost  libPfm.lib(usb_core.o)
    0x08007c16   0x00000002   PAD
    0x08007c18   0x00000058   Code   RO         2185    i.USB_OTG_CoreReset  libPfm.lib(usb_core.o)
    0x08007c70   0x00000010   Code   RO         2186    i.USB_OTG_DisableGlobalInt  libPfm.lib(usb_core.o)
    0x08007c80   0x0000003a   Code   RO         2187    i.USB_OTG_DriveVbus  libPfm.lib(usb_core.o)
    0x08007cba   0x0000003a   Code   RO         2188    i.USB_OTG_EP0Activate  libPfm.lib(usb_core.o)
    0x08007cf4   0x000000b6   Code   RO         2189    i.USB_OTG_EP0StartXfer  libPfm.lib(usb_core.o)
    0x08007daa   0x00000002   PAD
    0x08007dac   0x00000024   Code   RO         2190    i.USB_OTG_EP0_OutStart  libPfm.lib(usb_core.o)
    0x08007dd0   0x00000052   Code   RO         2191    i.USB_OTG_EPActivate  libPfm.lib(usb_core.o)
    0x08007e22   0x00000032   Code   RO         2192    i.USB_OTG_EPClearStall  libPfm.lib(usb_core.o)
    0x08007e54   0x00000034   Code   RO         2193    i.USB_OTG_EPDeactivate  libPfm.lib(usb_core.o)
    0x08007e88   0x00000030   Code   RO         2194    i.USB_OTG_EPSetStall  libPfm.lib(usb_core.o)
    0x08007eb8   0x00000120   Code   RO         2195    i.USB_OTG_EPStartXfer  libPfm.lib(usb_core.o)
    0x08007fd8   0x0000001c   Code   RO         2196    i.USB_OTG_EnableCommonInt  libPfm.lib(usb_core.o)
    0x08007ff4   0x0000003a   Code   RO         2197    i.USB_OTG_EnableDevInt  libPfm.lib(usb_core.o)
    0x0800802e   0x00000010   Code   RO         2198    i.USB_OTG_EnableGlobalInt  libPfm.lib(usb_core.o)
    0x0800803e   0x00000038   Code   RO         2199    i.USB_OTG_EnableHostInt  libPfm.lib(usb_core.o)
    0x08008076   0x00000002   PAD
    0x08008078   0x00000038   Code   RO         2200    i.USB_OTG_FlushRxFifo  libPfm.lib(usb_core.o)
    0x080080b0   0x00000040   Code   RO         2201    i.USB_OTG_FlushTxFifo  libPfm.lib(usb_core.o)
    0x080080f0   0x00000026   Code   RO         2202    i.USB_OTG_GetDeviceSpeed  libPfm.lib(usb_core.o)
    0x08008116   0x0000002a   Code   RO         2205    i.USB_OTG_HC_DoPing  libPfm.lib(usb_core.o)
    0x08008140   0x0000003c   Code   RO         2206    i.USB_OTG_HC_Halt   libPfm.lib(usb_core.o)
    0x0800817c   0x000000ec   Code   RO         2207    i.USB_OTG_HC_Init   libPfm.lib(usb_core.o)
    0x08008268   0x00000102   Code   RO         2208    i.USB_OTG_HC_StartXfer  libPfm.lib(usb_core.o)
    0x0800836a   0x0000000c   Code   RO         2209    i.USB_OTG_InitDevSpeed  libPfm.lib(usb_core.o)
    0x08008376   0x0000000c   Code   RO         2210    i.USB_OTG_InitFSLSPClkSel  libPfm.lib(usb_core.o)
    0x08008382   0x00000012   Code   RO         2211    i.USB_OTG_IsDeviceMode  libPfm.lib(usb_core.o)
    0x08008394   0x0000000c   Code   RO         2212    i.USB_OTG_IsEvenFrame  libPfm.lib(usb_core.o)
    0x080083a0   0x0000000e   Code   RO         2213    i.USB_OTG_IsHostMode  libPfm.lib(usb_core.o)
    0x080083ae   0x0000000a   Code   RO         2214    i.USB_OTG_ReadCoreItr  libPfm.lib(usb_core.o)
    0x080083b8   0x0000000c   Code   RO         2215    i.USB_OTG_ReadDevAllInEPItr  libPfm.lib(usb_core.o)
    0x080083c4   0x0000000c   Code   RO         2216    i.USB_OTG_ReadDevAllOutEp_itr  libPfm.lib(usb_core.o)
    0x080083d0   0x00000010   Code   RO         2217    i.USB_OTG_ReadDevOutEP_itr  libPfm.lib(usb_core.o)
    0x080083e0   0x0000000c   Code   RO         2218    i.USB_OTG_ReadHPRT0  libPfm.lib(usb_core.o)
    0x080083ec   0x00000006   Code   RO         2219    i.USB_OTG_ReadHostAllChannels_intr  libPfm.lib(usb_core.o)
    0x080083f2   0x00000020   Code   RO         2221    i.USB_OTG_ReadPacket  libPfm.lib(usb_core.o)
    0x08008412   0x0000002a   Code   RO         2222    i.USB_OTG_ResetPort  libPfm.lib(usb_core.o)
    0x0800843c   0x000000c0   Code   RO         2223    i.USB_OTG_SelectCore  libPfm.lib(usb_core.o)
    0x080084fc   0x0000002a   Code   RO         2224    i.USB_OTG_SetCurrentMode  libPfm.lib(usb_core.o)
    0x08008526   0x00000002   PAD
    0x08008528   0x0000002c   Code   RO         2479    i.USB_OTG_USBH_handle_Disconnect_ISR  libPfm.lib(usb_hcd_int.o)
    0x08008554   0x00000046   Code   RO         2480    i.USB_OTG_USBH_handle_IncompletePeriodicXfer_ISR  libPfm.lib(usb_hcd_int.o)
    0x0800859a   0x00000056   Code   RO         2481    i.USB_OTG_USBH_handle_hc_ISR  libPfm.lib(usb_hcd_int.o)
    0x080085f0   0x0000042a   Code   RO         2482    i.USB_OTG_USBH_handle_hc_n_In_ISR  libPfm.lib(usb_hcd_int.o)
    0x08008a1a   0x000003d0   Code   RO         2483    i.USB_OTG_USBH_handle_hc_n_Out_ISR  libPfm.lib(usb_hcd_int.o)
    0x08008dea   0x0000012e   Code   RO         2484    i.USB_OTG_USBH_handle_nptxfempty_ISR  libPfm.lib(usb_hcd_int.o)
    0x08008f18   0x00000120   Code   RO         2485    i.USB_OTG_USBH_handle_port_ISR  libPfm.lib(usb_hcd_int.o)
    0x08009038   0x0000012e   Code   RO         2486    i.USB_OTG_USBH_handle_ptxfempty_ISR  libPfm.lib(usb_hcd_int.o)
    0x08009166   0x00000164   Code   RO         2487    i.USB_OTG_USBH_handle_rx_qlvl_ISR  libPfm.lib(usb_hcd_int.o)
    0x080092ca   0x00000002   PAD
    0x080092cc   0x0000002c   Code   RO         2488    i.USB_OTG_USBH_handle_sof_ISR  libPfm.lib(usb_hcd_int.o)
    0x080092f8   0x00000028   Code   RO         2229    i.USB_OTG_WritePacket  libPfm.lib(usb_core.o)
    0x08009320   0x00000050   Code   RO         6257    i.VCP_Ctrl          libPfm.lib(usbd_cdc_vcp.o)
    0x08009370   0x0000001c   Code   RO         6258    i.VCP_DataRx        libPfm.lib(usbd_cdc_vcp.o)
    0x0800938c   0x00000040   Code   RO         6259    i.VCP_DataTx        libPfm.lib(usbd_cdc_vcp.o)
    0x080093cc   0x00000020   Code   RO         6260    i.VCP_DeInit        libPfm.lib(usbd_cdc_vcp.o)
    0x080093ec   0x00000048   Code   RO         6261    i.VCP_Init          libPfm.lib(usbd_cdc_vcp.o)
    0x08009434   0x00000018   Code   RO         4673    i.Watchdog          libPfm.lib(nvic.o)
    0x0800944c   0x00000034   Code   RO         4674    i.Watchdog_init     libPfm.lib(nvic.o)
    0x08009480   0x00000050   Code   RO         1333    i._Z11TIM6_Configv  dac.o
    0x080094d0   0x00000094   Code   RO         1334    i._Z14DAC_Ch2_Configv  dac.o
    0x08009564   0x00000030   Code   RO         7721    i._Z21__default_new_handlerv  cpprt_w.l(newhandler.o)
    0x08009594   0x000000c0   Code   RO         1105    i._Z5__fitiPKiS0_   adc.o
    0x08009654   0x00000020   Code   RO         8556    i._Z7catgetsPN4__rw8__rw_catEiiPKc  cpp_ws.l(rwcats.o)
    0x08009674   0x00000022   Code   RO         8557    i._Z7catopenPKci    cpp_ws.l(rwcats.o)
    0x08009696   0x0000000e   Code   RO         8863    i._ZN27_INTERNAL_6_rtti_c_066a44b024get_virtual_base_pointerEPvPN10__cxxabiv122__base_class_type_infoE  cpprt_w.l(rtti.o)
    0x080096a4   0x000001e4   Code   RO         8864    i._ZN27_INTERNAL_6_rtti_c_066a44b028derived_to_base_conversion_rEPvPS0_PKSt9type_infoS4_jPiiPS4_P19a_result_virtualityS5_  cpprt_w.l(rtti.o)
    0x08009888   0x00000058   Code   RO         7595    i._ZN37_INTERNAL_15_rwstdexcept_cpp_8697b68a4__rw13__rw_vfmatstrEPcjPKcSt9__va_list  cpp_ws.l(rwstdexcept.o)
    0x080098e0   0x0000014c   Code   RO         7596    i._ZN37_INTERNAL_15_rwstdexcept_cpp_8697b68a4__rw13__rw_vfmatstrEPcjiSt9__va_list  cpp_ws.l(rwstdexcept.o)
    0x08009a2c   0x00000150   Code   RO            3    i._ZN3_LM10PlusDecodeEPc  lm.o
    0x08009b7c   0x0000004c   Code   RO            4    i._ZN3_LM10WhatDecodeEPc  lm.o
    0x08009bc8   0x00000080   Code   RO            5    i._ZN3_LM11MinusDecodeEPc  lm.o
    0x08009c48   0x0000005e   Code   RO            6    i._ZN3_LM4PollEPv   lm.o
    0x08009ca6   0x00000018   Code   RO            7    i._ZN3_LM5ParseEPSt6__FILE  lm.o
    0x08009cbe   0x00000002   PAD
    0x08009cc0   0x000004d0   Code   RO            8    i._ZN3_LM5ParseEi   lm.o
    0x0800a190   0x0000001e   Code   RO            9    i._ZN3_LM5ParseEv   lm.o
    0x0800a1ae   0x00000002   PAD
    0x0800a1b0   0x00000040   Code   RO           10    i._ZN3_LM5PrintEPv  lm.o
    0x0800a1f0   0x0000039c   Code   RO           11    i._ZN3_LM6DecodeEPc  lm.o
    0x0800a58c   0x00000020   Code   RO           12    i._ZN3_LM6SelectE12__SELECTED__  lm.o
    0x0800a5ac   0x00000140   Code   RO           13    i._ZN3_LM7DisplayEPv  lm.o
    0x0800a6ec   0x00000010   Code   RO          236    i._ZN3_LM7RefreshEv  lm.o
    0x0800a6fc   0x00000214   Code   RO           14    i._ZN3_LM9IncrementEii  lm.o
    0x0800a910   0x00000290   Code   RO           15    i._ZN3_LMC1Ev       lm.o
    0x0800aba0   0x00000058   Code   RO           17    i._ZN3_LMD1Ev       lm.o
    0x0800abf8   0x0000022c   Code   RO         1075    i._ZN4_ADC6StatusEv  adc.o
    0x0800ae24   0x00000030   Code   RO         1076    i._ZN4_ADC8InstanceEv  adc.o
    0x0800ae54   0x000001bc   Code   RO         1078    i._ZN4_ADCC1Ev      adc.o
    0x0800b010   0x00000084   Code   RO         1193    i._ZN4_CAN4RecvEPc  can.o
    0x0800b094   0x00000050   Code   RO         1194    i._ZN4_CAN4SendE6_stdidP6CanMsgj  can.o
    0x0800b0e4   0x000000fc   Code   RO         1195    i._ZN4_CAN4SendEPc  can.o
    0x0800b1e0   0x0000033c   Code   RO         1196    i._ZN4_CAN5ParseEPv  can.o
    0x0800b51c   0x00000054   Code   RO         1197    i._ZN4_CAN6RX_ISREPS_  can.o
    0x0800b570   0x00000050   Code   RO         1198    i._ZN4_CAN6TX_ISREPS_  can.o
    0x0800b5c0   0x000001c4   Code   RO         1199    i._ZN4_CANC1Eb      can.o
    0x0800b784   0x00000010   Code   RO         1335    i._ZN4_DAC7RefreshEv  dac.o
    0x0800b794   0x00000030   Code   RO         1336    i._ZN4_DAC8InstanceEv  dac.o
    0x0800b7c4   0x000000e0   Code   RO         1338    i._ZN4_DACC1Ev      dac.o
    0x0800b8a4   0x00000038   Code   RO          810    i._ZN4_FAN12LoadSettingsEPSt6__FILE  fan.o
    0x0800b8dc   0x00000038   Code   RO          811    i._ZN4_FAN12SaveSettingsEPSt6__FILE  fan.o
    0x0800b914   0x00000100   Code   RO          812    i._ZN4_FAN3RpmEv    fan.o
    0x0800ba14   0x00000184   Code   RO          813    i._ZN4_FAN4PollEv   fan.o
    0x0800bb98   0x000001c8   Code   RO          814    i._ZN4_FAN9IncrementEii  fan.o
    0x0800bd60   0x0000001e   Code   RO          815    i._ZN4_FANC1Ev      fan.o
    0x0800bd7e   0x00000002   PAD
    0x0800bd80   0x00000058   Code   RO         1120    i._ZN4_TIM3PwmEi    tim.o
    0x0800bdd8   0x0000005c   Code   RO         1121    i._ZN4_TIM3PwmEii   tim.o
    0x0800be34   0x00000044   Code   RO         1122    i._ZN4_TIM3PwmEiiii  tim.o
    0x0800be78   0x0000001a   Code   RO         1123    i._ZN4_TIM4BusyEi   tim.o
    0x0800be92   0x00000002   PAD
    0x0800be94   0x00000080   Code   RO         1124    i._ZN4_TIM4PollEv   tim.o
    0x0800bf14   0x00000030   Code   RO         1125    i._ZN4_TIM8InstanceEv  tim.o
    0x0800bf44   0x000002e8   Code   RO         1127    i._ZN4_TIMC1Ev      tim.o
    0x0800c22c   0x0000005c   Code   RO         7598    i._ZN4__rw10__rw_throwEiz  cpp_ws.l(rwstdexcept.o)
    0x0800c288   0x00000020   Code   RO         7025    i._ZN4__rw13__rw_allocateEji  cpp_ws.l(rwalloc.o)
    0x0800c2a8   0x00000004   Code   RO         7026    i._ZN4__rw15__rw_deallocateEPvji  cpp_ws.l(rwalloc.o)
    0x0800c2ac   0x00000002   Code   RO         8167    i._ZN4__rw15__rw_facet_base12_C_initfacetERKSt6locale  cpp_ws.l(char.o)
    0x0800c2ae   0x00000002   PAD
    0x0800c2b0   0x000000ec   Code   RO         8323    i._ZN4__rw15__rw_locale_impC1EPKcjj  cpp_ws.l(locale.o)
    0x0800c39c   0x0000001a   Code   RO         8361    i._ZN4__rw15__rw_locale_impD1Ev  cpp_ws.l(locale.o)
    0x0800c3b6   0x00000002   PAD
    0x0800c3b8   0x0000037c   Code   RO         8580    i._ZN4__rw20__rw_throw_exceptionEiPc  cpp_ws.l(rwthrowproc_impl.o)
    0x0800c734   0x0000003a   Code   RO         8221    i._ZN4__rw21__rw_use_c_lib_localeC1EPKci  cpp_ws.l(locale.o)
    0x0800c76e   0x00000018   Code   RO         8137    i._ZN4__rw21__rw_use_c_lib_localeD1Ev  cpp_ws.l(char.o)
    0x0800c786   0x00000002   PAD
    0x0800c788   0x00000030   Code   RO         8560    i._ZN4__rw9__catfindEPNS_8__rw_catE  cpp_ws.l(rwcats.o)
    0x0800c7b8   0x00000034   Code   RO          987    i._ZN5_EC2012LoadSettingsEPSt6__FILE  ec20.o
    0x0800c7ec   0x00000038   Code   RO          988    i._ZN5_EC2012SaveSettingsEPSt6__FILE  ec20.o
    0x0800c824   0x000003c4   Code   RO          989    i._ZN5_EC209IncrementEiiPv  ec20.o
    0x0800cbe8   0x00000024   Code   RO          990    i._ZN5_EC20C1Ev     ec20.o
    0x0800cc0c   0x00000002   Code   RO          991    i._ZN5_EC20D1Ev     ec20.o
    0x0800cc0e   0x00000002   PAD
    0x0800cc10   0x00000050   Code   RO         1416    i._ZN5_GPIO4PollEv  gpio.o
    0x0800cc60   0x00000074   Code   RO         1417    i._ZN5_GPIOC1Ev     gpio.o
    0x0800ccd4   0x00000038   Code   RO          759    i._ZN5_PUMP12LoadSettingsEPSt6__FILE  pump.o
    0x0800cd0c   0x00000038   Code   RO          760    i._ZN5_PUMP12SaveSettingsEPSt6__FILE  pump.o
    0x0800cd44   0x00000100   Code   RO          761    i._ZN5_PUMP3RpmEv   pump.o
    0x0800ce44   0x000001c0   Code   RO          762    i._ZN5_PUMP4PollEv  pump.o
    0x0800d004   0x00000254   Code   RO          763    i._ZN5_PUMP9IncrementEii  pump.o
    0x0800d258   0x0000004e   Code   RO          764    i._ZN5_PUMPC1Ev     pump.o
    0x0800d2a6   0x00000012   Code   RO          666    i._ZN5_PYRO10initFilterEv  pyro.o
    0x0800d2b8   0x000000c0   Code   RO          667    i._ZN5_PYRO11printFilterEv  pyro.o
    0x0800d378   0x00000028   Code   RO          668    i._ZN5_PYRO12LoadSettingsEPSt6__FILE  pyro.o
    0x0800d3a0   0x00000038   Code   RO          669    i._ZN5_PYRO12SaveSettingsEPSt6__FILE  pyro.o
    0x0800d3d8   0x00000110   Code   RO          670    i._ZN5_PYRO3ISREPS_  pyro.o
    0x0800d4e8   0x00000074   Code   RO          671    i._ZN5_PYRO9IncrementEii  pyro.o
    0x0800d55c   0x000000a8   Code   RO          672    i._ZN5_PYRO9addFilterEPc  pyro.o
    0x0800d604   0x00000060   Code   RO          673    i._ZN5_PYRO9addSampleEi  pyro.o
    0x0800d664   0x00000144   Code   RO          674    i._ZN5_PYROC1Ev     pyro.o
    0x0800d7a8   0x00000030   Code   RO          675    i._ZN5_PYROD1Ev     pyro.o
    0x0800d7d8   0x00000088   Code   RO         1418    i._ZN5_TERM6EscapeEv  gpio.o
    0x0800d860   0x00000010   Code   RO         1419    i._ZN5_TERM6RepeatEi  gpio.o
    0x0800d870   0x00000088   Code   RO          857    i._ZN6_SPRAY12LoadSettingsEPSt6__FILE  spray.o
    0x0800d8f8   0x000000a8   Code   RO          858    i._ZN6_SPRAY12SaveSettingsEPSt6__FILE  spray.o
    0x0800d9a0   0x000001e4   Code   RO          859    i._ZN6_SPRAY4PollEv  spray.o
    0x0800db84   0x00000128   Code   RO          860    i._ZN6_SPRAY9IncrementEii  spray.o
    0x0800dcac   0x00000104   Code   RO          861    i._ZN6_SPRAYC1EP4_ADC  spray.o
    0x0800ddb0   0x00000010   Code   RO          915    i._ZN6_VALVE2OnEv   spray.o
    0x0800ddc0   0x0000000e   Code   RO          921    i._ZN6_VALVE3OffEv  spray.o
    0x0800ddce   0x00000012   Code   RO          909    i._ZN6_VALVE3SetEi  spray.o
    0x0800dde0   0x0000001a   Code   RO          897    i._ZN6_VALVE3SetEiii  spray.o
    0x0800ddfa   0x0000000e   Code   RO          927    i._ZN6_VALVE4BusyEv  spray.o
    0x0800de08   0x00000012   Code   RO          903    i._ZN6_VALVEC1Ei    spray.o
    0x0800de1a   0x00000004   Code   RO         7718    i._ZNKSt14__rw_exception4whatEv  cpp_ws.l(rwstdexcept.o)
    0x0800de1e   0x00000072   Code   RO         8398    i._ZNKSt18__rw_messages_base11_C_cat_openERKSsRKSt6locale  cpp_ws.l(messages.o)
    0x0800de90   0x00000020   Code   RO         8401    i._ZNKSt18__rw_messages_base13_C_get_localeEi  cpp_ws.l(messages.o)
    0x0800deb0   0x00000034   Code   RO         8402    i._ZNKSt18__rw_messages_base14_C_get_messageEiii  cpp_ws.l(messages.o)
    0x0800dee4   0x0000000e   Code   RO         8107    i._ZNKSt5ctypeIcE2isENSt10ctype_base4maskEc  cpp_ws.l(char.o)
    0x0800def2   0x00000002   PAD
    0x0800def4   0x00000108   Code   RO         8226    i._ZNKSt6locale13_C_make_facetERKNS_2idEbiPFPN4__rw15__rw_facet_baseEiPKcjE  cpp_ws.l(locale.o)
    0x0800dffc   0x00000074   Code   RO         8228    i._ZNKSt6locale16_C_install_facetEPN4__rw15__rw_facet_baseERKNS_2idE  cpp_ws.l(locale.o)
    0x0800e070   0x00000030   Code   RO         8229    i._ZNKSt6locale4nameEv  cpp_ws.l(locale.o)
    0x0800e0a0   0x00000020   Code   RO         8505    i._ZNKSt9type_infoeqERKS_  cpprt_w.l(type_info_eq.o)
    0x0800e0c0   0x00000020   Code   RO         8911    i._ZNKSt9type_infoneERKS_  cpprt_w.l(type_info_ne.o)
    0x0800e0e0   0x00000010   Code   RO         8978    i._ZNSt10bad_typeidC1ERKS_  cpprt_w.l(bad_typeid.o)
    0x0800e0f0   0x00000010   Code   RO         8979    i._ZNSt10bad_typeidC1Ev  cpprt_w.l(bad_typeid.o)
    0x0800e100   0x00000008   Code   RO         8981    i._ZNSt10bad_typeidD1Ev  cpprt_w.l(bad_typeid.o)
    0x0800e108   0x0000000c   Code   RO         8082    i._ZNSt11char_traitsIcE4copyEPcPKcj  cpp_ws.l(char.o)
    0x0800e114   0x00000010   Code   RO         8621    i._ZNSt11logic_errorC1EPKc  cpp_ws.l(rwthrowproc_impl.o)
    0x0800e124   0x00000010   Code   RO         8624    i._ZNSt11logic_errorC1ERKS_  cpp_ws.l(rwthrowproc_impl.o)
    0x0800e134   0x00000008   Code   RO         8627    i._ZNSt11logic_errorD1Ev  cpp_ws.l(rwthrowproc_impl.o)
    0x0800e13c   0x00000010   Code   RO         8675    i._ZNSt11range_errorC1EPKc  cpp_ws.l(rwthrowproc_impl.o)
    0x0800e14c   0x00000010   Code   RO         8678    i._ZNSt11range_errorC1ERKS_  cpp_ws.l(rwthrowproc_impl.o)
    0x0800e15c   0x00000008   Code   RO         8681    i._ZNSt11range_errorD1Ev  cpp_ws.l(rwthrowproc_impl.o)
    0x0800e164   0x000000cc   Code   RO         7971    i._ZNSt12ctype_bynameIcE17_C_get_mask_tableEPKc  cpp_ws.l(char.o)
    0x0800e230   0x00000120   Code   RO         7973    i._ZNSt12ctype_bynameIcEC1EPKcj  cpp_ws.l(char.o)
    0x0800e350   0x0000000e   Code   RO         8214    i._ZNSt12ctype_bynameIcED0Ev  cpp_ws.l(char.o)
    0x0800e35e   0x00000008   Code   RO         8211    i._ZNSt12ctype_bynameIcED1Ev  cpp_ws.l(char.o)
    0x0800e366   0x00000002   PAD
    0x0800e368   0x00000010   Code   RO         8630    i._ZNSt12domain_errorC1EPKc  cpp_ws.l(rwthrowproc_impl.o)
    0x0800e378   0x00000010   Code   RO         8633    i._ZNSt12domain_errorC1ERKS_  cpp_ws.l(rwthrowproc_impl.o)
    0x0800e388   0x00000008   Code   RO         8636    i._ZNSt12domain_errorD1Ev  cpp_ws.l(rwthrowproc_impl.o)
    0x0800e390   0x00000010   Code   RO         8648    i._ZNSt12length_errorC1EPKc  cpp_ws.l(rwthrowproc_impl.o)
    0x0800e3a0   0x00000010   Code   RO         8651    i._ZNSt12length_errorC1ERKS_  cpp_ws.l(rwthrowproc_impl.o)
    0x0800e3b0   0x00000008   Code   RO         8654    i._ZNSt12length_errorD1Ev  cpp_ws.l(rwthrowproc_impl.o)
    0x0800e3b8   0x00000010   Code   RO         8657    i._ZNSt12out_of_rangeC1EPKc  cpp_ws.l(rwthrowproc_impl.o)
    0x0800e3c8   0x00000010   Code   RO         8660    i._ZNSt12out_of_rangeC1ERKS_  cpp_ws.l(rwthrowproc_impl.o)
    0x0800e3d8   0x00000008   Code   RO         8663    i._ZNSt12out_of_rangeD1Ev  cpp_ws.l(rwthrowproc_impl.o)
    0x0800e3e0   0x00000010   Code   RO         8466    i._ZNSt13bad_exceptionC1ERKS_  cpprt_w.l(bad_exception_cctor.o)
    0x0800e3f0   0x00000010   Code   RO         8469    i._ZNSt13bad_exceptionC1Ev  cpprt_w.l(bad_exception_ctor.o)
    0x0800e400   0x00000008   Code   RO         8473    i._ZNSt13bad_exceptionD1Ev  cpprt_w.l(bad_exception_dtor.o)
    0x0800e408   0x00000010   Code   RO         8666    i._ZNSt13runtime_errorC1EPKc  cpp_ws.l(rwthrowproc_impl.o)
    0x0800e418   0x00000010   Code   RO         8669    i._ZNSt13runtime_errorC1ERKS_  cpp_ws.l(rwthrowproc_impl.o)
    0x0800e428   0x00000008   Code   RO         8672    i._ZNSt13runtime_errorD1Ev  cpp_ws.l(rwthrowproc_impl.o)
    0x0800e430   0x00000084   Code   RO         7601    i._ZNSt14__rw_exception10_C_vformatEiSt9__va_list  cpp_ws.l(rwstdexcept.o)
    0x0800e4b4   0x0000004a   Code   RO         7602    i._ZNSt14__rw_exception9_C_assignEPKcj  cpp_ws.l(rwstdexcept.o)
    0x0800e4fe   0x00000002   PAD
    0x0800e500   0x00000024   Code   RO         8702    i._ZNSt14__rw_exceptionC1EPKc  cpp_ws.l(rwthrowproc_impl.o)
    0x0800e524   0x00000030   Code   RO         8586    i._ZNSt14__rw_exceptionC1ERKS_  cpp_ws.l(rwthrowproc_impl.o)
    0x0800e554   0x00000014   Code   RO         7668    i._ZNSt14__rw_exceptionC1Ev  cpp_ws.l(rwstdexcept.o)
    0x0800e568   0x0000001c   Code   RO         7712    i._ZNSt14__rw_exceptionD1Ev  cpp_ws.l(rwstdexcept.o)
    0x0800e584   0x00000010   Code   RO         8684    i._ZNSt14overflow_errorC1EPKc  cpp_ws.l(rwthrowproc_impl.o)
    0x0800e594   0x00000010   Code   RO         8687    i._ZNSt14overflow_errorC1ERKS_  cpp_ws.l(rwthrowproc_impl.o)
    0x0800e5a4   0x00000008   Code   RO         8690    i._ZNSt14overflow_errorD1Ev  cpp_ws.l(rwthrowproc_impl.o)
    0x0800e5ac   0x00000010   Code   RO         8693    i._ZNSt15underflow_errorC1EPKc  cpp_ws.l(rwthrowproc_impl.o)
    0x0800e5bc   0x00000010   Code   RO         8696    i._ZNSt15underflow_errorC1ERKS_  cpp_ws.l(rwthrowproc_impl.o)
    0x0800e5cc   0x00000008   Code   RO         8699    i._ZNSt15underflow_errorD1Ev  cpp_ws.l(rwthrowproc_impl.o)
    0x0800e5d4   0x00000010   Code   RO         8639    i._ZNSt16invalid_argumentC1EPKc  cpp_ws.l(rwthrowproc_impl.o)
    0x0800e5e4   0x00000010   Code   RO         8642    i._ZNSt16invalid_argumentC1ERKS_  cpp_ws.l(rwthrowproc_impl.o)
    0x0800e5f4   0x00000008   Code   RO         8645    i._ZNSt16invalid_argumentD1Ev  cpp_ws.l(rwthrowproc_impl.o)
    0x0800e5fc   0x00000008   Code   RO         7665    i._ZNSt18__rw_messages_baseD1Ev  cpp_ws.l(rwstdexcept.o)
    0x0800e604   0x0000001a   Code   RO         8438    i._ZNSt18__rw_open_cat_dataC1Ev  cpp_ws.l(messages.o)
    0x0800e61e   0x0000000c   Code   RO         8435    i._ZNSt18__rw_open_cat_dataD1Ev  cpp_ws.l(messages.o)
    0x0800e62a   0x00000012   Code   RO         8441    i._ZNSt18__rw_open_cat_dataaSERKS_  cpp_ws.l(messages.o)
    0x0800e63c   0x000000fa   Code   RO         7975    i._ZNSt5ctypeIcE12_C_initfacetERKSt6locale  cpp_ws.l(char.o)
    0x0800e736   0x00000002   PAD
    0x0800e738   0x00000118   Code   RO         7977    i._ZNSt5ctypeIcEC1EPKNSt10ctype_base4maskEbj  cpp_ws.l(char.o)
    0x0800e850   0x0000000e   Code   RO         8110    i._ZNSt5ctypeIcED0Ev  cpp_ws.l(char.o)
    0x0800e85e   0x00000002   PAD
    0x0800e860   0x0000002c   Code   RO         8042    i._ZNSt5ctypeIcED1Ev  cpp_ws.l(char.o)
    0x0800e88c   0x0000000e   Code   RO         7709    i._ZNSt6locale5facetD0Ev  cpp_ws.l(rwstdexcept.o)
    0x0800e89a   0x00000002   PAD
    0x0800e89c   0x00000084   Code   RO         8232    i._ZNSt6locale7_C_initEv  cpp_ws.l(locale.o)
    0x0800e920   0x00000044   Code   RO         8234    i._ZNSt6locale7classicEv  cpp_ws.l(locale.o)
    0x0800e964   0x00000020   Code   RO         8364    i._ZNSt6localeC1EPN4__rw15__rw_locale_impE  cpp_ws.l(locale.o)
    0x0800e984   0x0000000c   Code   RO         8444    i._ZNSt6localeC1ERKS_  cpp_ws.l(messages.o)
    0x0800e990   0x00000020   Code   RO         7661    i._ZNSt6localeC1Ev  cpp_ws.l(rwstdexcept.o)
    0x0800e9b0   0x00000020   Code   RO         8339    i._ZNSt6localeD1Ev  cpp_ws.l(locale.o)
    0x0800e9d0   0x00000032   Code   RO         8242    i._ZNSt6localeaSERKS_  cpp_ws.l(locale.o)
    0x0800ea02   0x00000002   PAD
    0x0800ea04   0x00000010   Code   RO         8956    i._ZNSt8bad_castC1ERKS_  cpprt_w.l(bad_cast.o)
    0x0800ea14   0x00000010   Code   RO         8957    i._ZNSt8bad_castC1Ev  cpprt_w.l(bad_cast.o)
    0x0800ea24   0x00000008   Code   RO         8959    i._ZNSt8bad_castD1Ev  cpprt_w.l(bad_cast.o)
    0x0800ea2c   0x00000010   Code   RO         8603    i._ZNSt8ios_base10badbit_setC1ERKS0_  cpp_ws.l(rwthrowproc_impl.o)
    0x0800ea3c   0x00000008   Code   RO         8606    i._ZNSt8ios_base10badbit_setD1Ev  cpp_ws.l(rwthrowproc_impl.o)
    0x0800ea44   0x00000010   Code   RO         8609    i._ZNSt8ios_base10eofbit_setC1ERKS0_  cpp_ws.l(rwthrowproc_impl.o)
    0x0800ea54   0x00000008   Code   RO         8612    i._ZNSt8ios_base10eofbit_setD1Ev  cpp_ws.l(rwthrowproc_impl.o)
    0x0800ea5c   0x00000010   Code   RO         8615    i._ZNSt8ios_base11failbit_setC1ERKS0_  cpp_ws.l(rwthrowproc_impl.o)
    0x0800ea6c   0x00000008   Code   RO         8618    i._ZNSt8ios_base11failbit_setD1Ev  cpp_ws.l(rwthrowproc_impl.o)
    0x0800ea74   0x00000010   Code   RO         8594    i._ZNSt8ios_base7failureC1EPKc  cpp_ws.l(rwthrowproc_impl.o)
    0x0800ea84   0x00000010   Code   RO         8597    i._ZNSt8ios_base7failureC1ERKS0_  cpp_ws.l(rwthrowproc_impl.o)
    0x0800ea94   0x00000008   Code   RO         8600    i._ZNSt8ios_base7failureD1Ev  cpp_ws.l(rwthrowproc_impl.o)
    0x0800ea9c   0x0000000e   Code   RO         7683    i._ZNSt8messagesIcED0Ev  cpp_ws.l(rwstdexcept.o)
    0x0800eaaa   0x00000010   Code   RO         7652    i._ZNSt8messagesIcED1Ev  cpp_ws.l(rwstdexcept.o)
    0x0800eaba   0x00000002   PAD
    0x0800eabc   0x00000010   Code   RO         8457    i._ZNSt9bad_allocC1ERKS_  cpprt_w.l(bad_alloc_cctor.o)
    0x0800eacc   0x00000010   Code   RO         8460    i._ZNSt9bad_allocC1Ev  cpprt_w.l(bad_alloc_ctor.o)
    0x0800eadc   0x00000008   Code   RO         7725    i._ZNSt9bad_allocD1Ev  cpprt_w.l(bad_alloc_dtor.o)
    0x0800eae4   0x0000000c   Code   RO         8902    i._ZNSt9exceptionC1ERKS_  cpprt_w.l(exception_cctor.o)
    0x0800eaf0   0x0000000c   Code   RO         8482    i._ZNSt9exceptionC1Ev  cpprt_w.l(exception_ctor.o)
    0x0800eafc   0x00000002   Code   RO         8486    i._ZNSt9exceptionD1Ev  cpprt_w.l(exception_dtor.o)
    0x0800eafe   0x00000002   PAD
    0x0800eb00   0x0000003c   Code   RO         8419    i._ZSt13__rw_get_catsv  cpp_ws.l(messages.o)
    0x0800eb3c   0x00000008   Code   RO         8450    i._ZdaPv            cpprt_w.l(array_del.o)
    0x0800eb44   0x00000008   Code   RO         7176    i._ZdlPv            cpprt_w.l(delete.o)
    0x0800eb4c   0x00000008   Code   RO         8453    i._Znaj             cpprt_w.l(array_new.o)
    0x0800eb54   0x00000028   Code   RO         7179    i._Znwj             cpprt_w.l(new.o)
    0x0800eb7c   0x00000006   Code   RO          181    i._ZnwjPv           lm.o
    0x0800eb82   0x00000002   PAD
    0x0800eb84   0x0000001c   Code   RO         7495    i.__0fprintf        mc_w.l(printfa.o)
    0x0800eba0   0x00000020   Code   RO         7496    i.__0printf         mc_w.l(printfa.o)
    0x0800ebc0   0x00000028   Code   RO         7498    i.__0sprintf        mc_w.l(printfa.o)
    0x0800ebe8   0x00000024   Code   RO         7501    i.__0vsnprintf      mc_w.l(printfa.o)
    0x0800ec0c   0x00000092   Code   RO         9028    i.__ARM_array_new_general  cpprt_w.l(array_new_general.o)
    0x0800ec9e   0x00000020   Code   RO         8530    i.__ARM_common_get_typeid  cpprt_w.l(arm_exceptions_throw.o)
    0x0800ecbe   0x00000028   Code   RO         8536    i.__ARM_fpclassify  m_ws.l(fpclassify.o)
    0x0800ece6   0x0000002c   Code   RO         9039    i.__ARM_vec_cleanup  cpprt_w.l(ARM_vec_cleanup.o)
    0x0800ed12   0x0000002c   Code   RO         9022    i.__ARM_vec_cleanup_rethrow  cpprt_w.l(ARM_vec_cleanup_rethrow.o)
    0x0800ed3e   0x00000032   Code   RO         8914    i.__aeabi_atexit    cpprt_w.l(aeabi_atexit.o)
    0x0800ed70   0x00000008   Code   RO         7920    i.__aeabi_errno_addr  mc_w.l(errno.o)
    0x0800ed78   0x00000022   Code   RO         8508    i.__aeabi_vec_delete  cpprt_w.l(aeabi_vec_delete.o)
    0x0800ed9a   0x0000003a   Code   RO         9005    i.__aeabi_vec_dtor  cpprt_w.l(aeabi_vec_dtor.o)
    0x0800edd4   0x00000010   Code   RO         8920    i.__aeabi_vec_dtor_cookie  cpprt_w.l(aeabi_vec_dtor_cookie.o)
    0x0800ede4   0x00000014   Code   RO         8917    i.__aeabi_vec_new_cookie  cpprt_w.l(aeabi_vec_new_cookie.o)
    0x0800edf8   0x00000042   Code   RO         8999    i.__cxa_finalize    cpprt_w.l(cxa_finalize.o)
    0x0800ee3a   0x00000010   Code   RO         8893    i.__cxa_guard_acquire  cpprt_w.l(cxa_guard_acquire.o)
    0x0800ee4a   0x00000002   PAD
    0x0800ee4c   0x00000018   Code   RO         9002    i.__cxa_vec_new     cpprt_w.l(cxa_vec_new.o)
    0x0800ee64   0x00000070   Code   RO         8865    i.__derived_to_base_conversion  cpprt_w.l(rtti.o)
    0x0800eed4   0x0000001a   Code   RO         1775    i.__get             libPfm.lib(io.o)
    0x0800eeee   0x00000002   PAD
    0x0800eef0   0x00000388   Code   RO         7879    i.__ieee754_rem_pio2  m_ws.l(rred.o)
    0x0800f278   0x000000fc   Code   RO         7862    i.__kernel_cos      m_ws.l(cos_i.o)
    0x0800f374   0x000000aa   Code   RO         8538    i.__kernel_poly     m_ws.l(poly.o)
    0x0800f41e   0x00000002   PAD
    0x0800f420   0x000000ec   Code   RO         7884    i.__kernel_sin      m_ws.l(sin_i.o)
    0x0800f50c   0x00000006   Code   RO         7866    i.__mathlib_dbl_infnan  m_ws.l(dunder.o)
    0x0800f512   0x0000000c   Code   RO         7868    i.__mathlib_dbl_invalid  m_ws.l(dunder.o)
    0x0800f51e   0x00000002   PAD
    0x0800f520   0x00000010   Code   RO         7871    i.__mathlib_dbl_underflow  m_ws.l(dunder.o)
    0x0800f530   0x0000000e   Code   RO         1776    i.__put             libPfm.lib(io.o)
    0x0800f53e   0x0000000e   Code   RO         9053    i.__scatterload_copy  mc_w.l(handlers.o)
    0x0800f54c   0x00000002   Code   RO         9054    i.__scatterload_null  mc_w.l(handlers.o)
    0x0800f54e   0x0000000e   Code   RO         9055    i.__scatterload_zeroinit  mc_w.l(handlers.o)
    0x0800f55c   0x0000000c   Code   RO         7922    i.__set_errno       mc_w.l(errno.o)
    0x0800f568   0x00000010   Code   RO         8243    i.__sti___10_locale_cpp_ff99fc7b  cpp_ws.l(locale.o)
    0x0800f578   0x00000038   Code   RO         8561    i.__sti___10_rwcats_cpp_64e8068e  cpp_ws.l(rwcats.o)
    0x0800f5b0   0x00000010   Code   RO         7979    i.__sti___8_char_cpp_a3dc957a  cpp_ws.l(char.o)
    0x0800f5c0   0x00000016   Code   RO         1777    i._buffer_close     libPfm.lib(io.o)
    0x0800f5d6   0x00000030   Code   RO         1778    i._buffer_init      libPfm.lib(io.o)
    0x0800f606   0x00000018   Code   RO         1779    i._buffer_len       libPfm.lib(io.o)
    0x0800f61e   0x0000002c   Code   RO         1780    i._buffer_pull      libPfm.lib(io.o)
    0x0800f64a   0x0000003a   Code   RO         1781    i._buffer_push      libPfm.lib(io.o)
    0x0800f684   0x00000164   Code   RO         7503    i._fp_digits        mc_w.l(printfa.o)
    0x0800f7e8   0x00000024   Code   RO         1782    i._io_close         libPfm.lib(io.o)
    0x0800f80c   0x00000054   Code   RO         1783    i._io_init          libPfm.lib(io.o)
    0x0800f860   0x0000000e   Code   RO         7560    i._is_digit         mc_w.l(scanf_fp.o)
    0x0800f86e   0x00000002   PAD
    0x0800f870   0x00000070   Code   RO         1856    i._led              libPfm.lib(led.o)
    0x0800f8e0   0x00000094   Code   RO         1857    i._lightshow        libPfm.lib(led.o)
    0x0800f974   0x000006dc   Code   RO         7504    i._printf_core      mc_w.l(printfa.o)
    0x08010050   0x00000024   Code   RO         7505    i._printf_post_padding  mc_w.l(printfa.o)
    0x08010074   0x0000002e   Code   RO         7506    i._printf_pre_padding  mc_w.l(printfa.o)
    0x080100a2   0x00000016   Code   RO         7507    i._snputc           mc_w.l(printfa.o)
    0x080100b8   0x0000000a   Code   RO         7508    i._sputc            mc_w.l(printfa.o)
    0x080100c2   0x00000002   PAD
    0x080100c4   0x00000014   Code   RO         1891    i._stdio            libPfm.lib(retarget.o)
    0x080100d8   0x00000048   Code   RO         1705    i._thread_add       libPfm.lib(appmisc.o)
    0x08010120   0x00000168   Code   RO         1454    i._thread_init      libPfm.lib(app.o)
    0x08010288   0x00000060   Code   RO         1706    i._thread_list      libPfm.lib(appmisc.o)
    0x080102e8   0x0000004c   Code   RO         1707    i._thread_loop      libPfm.lib(appmisc.o)
    0x08010334   0x00000044   Code   RO         1708    i._thread_remove    libPfm.lib(appmisc.o)
    0x08010378   0x0000001c   Code   RO         1709    i._wait             libPfm.lib(appmisc.o)
    0x08010394   0x0000002c   Code   RO         4725    i.asc2hex           libPfm.lib(usart.o)
    0x080103c0   0x0000003c   Code   RO         1710    i.batch             libPfm.lib(appmisc.o)
    0x080103fc   0x000000c0   Code   RO         4726    i.cgets             libPfm.lib(usart.o)
    0x080104bc   0x0000005c   Code   RO         2547    i.check_fs          libPfm.lib(ff.o)
    0x08010518   0x00000014   Code   RO         2548    i.chk_chr           libPfm.lib(ff.o)
    0x0801052c   0x00000018   Code   RO         2549    i.clust2sect        libPfm.lib(ff.o)
    0x08010544   0x0000009e   Code   RO         2550    i.create_chain      libPfm.lib(ff.o)
    0x080105e2   0x00000002   PAD
    0x080105e4   0x00000244   Code   RO         2551    i.create_name       libPfm.lib(ff.o)
    0x08010828   0x0000004c   Code   RO         5131    i.dbg1              libPfm.lib(usbh_msc_usr.o)
    0x08010874   0x0000005c   Code   RO         5137    i.dbg2              libPfm.lib(usbh_msc_usr.o)
    0x080108d0   0x00000042   Code   RO         2552    i.dir_alloc         libPfm.lib(ff.o)
    0x08010912   0x00000002   PAD
    0x08010914   0x00000138   Code   RO         2553    i.dir_find          libPfm.lib(ff.o)
    0x08010a4c   0x000000e6   Code   RO         2554    i.dir_next          libPfm.lib(ff.o)
    0x08010b32   0x00000002   PAD
    0x08010b34   0x000000f4   Code   RO         2555    i.dir_read          libPfm.lib(ff.o)
    0x08010c28   0x00000178   Code   RO         2556    i.dir_register      libPfm.lib(ff.o)
    0x08010da0   0x00000062   Code   RO         2557    i.dir_remove        libPfm.lib(ff.o)
    0x08010e02   0x00000002   PAD
    0x08010e04   0x0000007e   Code   RO         2558    i.dir_sdi           libPfm.lib(ff.o)
    0x08010e82   0x00000002   PAD
    0x08010e84   0x0000002c   Code   RO         5591    i.disk_initialize   libPfm.lib(usbh_msc_fatfs.o)
    0x08010eb0   0x0000005c   Code   RO         5592    i.disk_ioctl        libPfm.lib(usbh_msc_fatfs.o)
    0x08010f0c   0x00000064   Code   RO         5593    i.disk_read         libPfm.lib(usbh_msc_fatfs.o)
    0x08010f70   0x00000018   Code   RO         5594    i.disk_status       libPfm.lib(usbh_msc_fatfs.o)
    0x08010f88   0x00000070   Code   RO         5595    i.disk_write        libPfm.lib(usbh_msc_fatfs.o)
    0x08010ff8   0x00000054   Code   RO         2559    i.f_chdir           libPfm.lib(ff.o)
    0x0801104c   0x0000001c   Code   RO         2560    i.f_chdrive         libPfm.lib(ff.o)
    0x08011068   0x0000001c   Code   RO         2562    i.f_close           libPfm.lib(ff.o)
    0x08011084   0x0000001e   Code   RO         1784    i.f_getc            libPfm.lib(io.o)
    0x080110a2   0x00000002   PAD
    0x080110a4   0x0000011c   Code   RO         2564    i.f_getcwd          libPfm.lib(ff.o)
    0x080111c0   0x0000012e   Code   RO         2568    i.f_lseek           libPfm.lib(ff.o)
    0x080112ee   0x0000016c   Code   RO         2569    i.f_mkdir           libPfm.lib(ff.o)
    0x0801145a   0x00000002   PAD
    0x0801145c   0x0000052a   Code   RO         2570    i.f_mkfs            libPfm.lib(ff.o)
    0x08011986   0x00000002   PAD
    0x08011988   0x0000004c   Code   RO         2571    i.f_mount           libPfm.lib(ff.o)
    0x080119d4   0x00000140   Code   RO         2572    i.f_open            libPfm.lib(ff.o)
    0x08011b14   0x00000068   Code   RO         2573    i.f_opendir         libPfm.lib(ff.o)
    0x08011b7c   0x0000003c   Code   RO         2575    i.f_putc            libPfm.lib(ff.o)
    0x08011bb8   0x0000014c   Code   RO         2577    i.f_read            libPfm.lib(ff.o)
    0x08011d04   0x0000005a   Code   RO         2578    i.f_readdir         libPfm.lib(ff.o)
    0x08011d5e   0x0000011a   Code   RO         2579    i.f_rename          libPfm.lib(ff.o)
    0x08011e78   0x00000098   Code   RO         2582    i.f_sync            libPfm.lib(ff.o)
    0x08011f10   0x000000bc   Code   RO         2584    i.f_unlink          libPfm.lib(ff.o)
    0x08011fcc   0x00000180   Code   RO         2586    i.f_write           libPfm.lib(ff.o)
    0x0801214c   0x00000038   Code   RO         5633    i.ff_convert        libPfm.lib(ccsbcs.o)
    0x08012184   0x00000024   Code   RO         5634    i.ff_wtoupper       libPfm.lib(ccsbcs.o)
    0x080121a8   0x00000038   Code   RO         1898    i.fgetc             libPfm.lib(retarget.o)
    0x080121e0   0x0000003c   Code   RO         7209    i.fgets             mc_w.l(fgets.o)
    0x0801221c   0x0000006c   Code   RO         4596    i.findName          libPfm.lib(com.o)
    0x08012288   0x00000240   Code   RO         2587    i.find_volume       libPfm.lib(ff.o)
    0x080124c8   0x00000082   Code   RO         2588    i.follow_path       libPfm.lib(ff.o)
    0x0801254a   0x00000002   PAD
    0x0801254c   0x0000004c   Code   RO         1900    i.fputc             libPfm.lib(retarget.o)
    0x08012598   0x00000050   Code   RO         7524    i.free              mc_w.l(malloc.o)
    0x080125e8   0x00000080   Code   RO         2589    i.gen_numname       libPfm.lib(ff.o)
    0x08012668   0x00000030   Code   RO         4728    i.getCOM            libPfm.lib(usart.o)
    0x08012698   0x00000030   Code   RO         4729    i.getHEX            libPfm.lib(usart.o)
    0x080126c8   0x0000001a   Code   RO         6262    i.getVCP            libPfm.lib(usbd_cdc_vcp.o)
    0x080126e2   0x000000b6   Code   RO         2590    i.get_fat           libPfm.lib(ff.o)
    0x08012798   0x0000000c   Code   RO         4857    i.get_fattime       libPfm.lib(usbd_storage_msd.o)
    0x080127a4   0x000000c2   Code   RO         2591    i.get_fileinfo      libPfm.lib(ff.o)
    0x08012866   0x00000002   PAD
    0x08012868   0x00000044   Code   RO         2592    i.get_ldnumber      libPfm.lib(ff.o)
    0x080128ac   0x00000004   Code   RO         7211    i.getc              mc_w.l(getc.o)
    0x080128b0   0x0000000c   Code   RO         4730    i.hex2asc           libPfm.lib(usart.o)
    0x080128bc   0x00000084   Code   RO         4731    i.iDump             libPfm.lib(usart.o)
    0x08012940   0x00000012   Code   RO         2593    i.ld_clust          libPfm.lib(ff.o)
    0x08012952   0x00000002   PAD
    0x08012954   0x00000034   Code   RO           19    i.lm                lm.o
    0x08012988   0x0000000a   Code   RO         7952    i.main              libPfm.lib(main.o)
    0x08012992   0x00000002   PAD
    0x08012994   0x0000006c   Code   RO         7525    i.malloc            mc_w.l(malloc.o)
    0x08012a00   0x00000012   Code   RO         2594    i.mem_cpy           libPfm.lib(ff.o)
    0x08012a12   0x0000000e   Code   RO         2595    i.mem_set           libPfm.lib(ff.o)
    0x08012a20   0x0000002e   Code   RO         2596    i.move_window       libPfm.lib(ff.o)
    0x08012a4e   0x00000002   PAD
    0x08012a50   0x00000068   Code   RO         4732    i.putCOM            libPfm.lib(usart.o)
    0x08012ab8   0x00000028   Code   RO         4734    i.putHEX            libPfm.lib(usart.o)
    0x08012ae0   0x00000014   Code   RO         6263    i.putVCP            libPfm.lib(usbd_cdc_vcp.o)
    0x08012af4   0x000000fa   Code   RO         2597    i.put_fat           libPfm.lib(ff.o)
    0x08012bee   0x00000004   Code   RO         7213    i.putc              mc_w.l(putc.o)
    0x08012bf2   0x0000003a   Code   RO         2598    i.putc_bfd          libPfm.lib(ff.o)
    0x08012c2c   0x00000062   Code   RO         2599    i.remove_chain      libPfm.lib(ff.o)
    0x08012c8e   0x00000002   PAD
    0x08012c90   0x0000006c   Code   RO         4735    i.sDump             libPfm.lib(usart.o)
    0x08012cfc   0x000000f0   Code   RO         4736    i.sLoad             libPfm.lib(usart.o)
    0x08012dec   0x000000a0   Code   RO         7199    i.sin               m_ws.l(sin.o)
    0x08012e8c   0x00000010   Code   RO         2600    i.st_clust          libPfm.lib(ff.o)
    0x08012e9c   0x00000038   Code   RO         4737    i.strscan           libPfm.lib(usart.o)
    0x08012ed4   0x0000001a   Code   RO         2601    i.sum_sfn           libPfm.lib(ff.o)
    0x08012eee   0x000000b0   Code   RO         2602    i.sync_fs           libPfm.lib(ff.o)
    0x08012f9e   0x00000050   Code   RO         2603    i.sync_window       libPfm.lib(ff.o)
    0x08012fee   0x00000002   PAD
    0x08012ff0   0x00000048   Code   RO         5451    i.usbd_cdc_DataIn   libPfm.lib(usbd_cdc_core.o)
    0x08013038   0x00000034   Code   RO         5452    i.usbd_cdc_DataOut  libPfm.lib(usbd_cdc_core.o)
    0x0801306c   0x00000028   Code   RO         5453    i.usbd_cdc_DeInit   libPfm.lib(usbd_cdc_core.o)
    0x08013094   0x00000028   Code   RO         5454    i.usbd_cdc_EP0_RxReady  libPfm.lib(usbd_cdc_core.o)
    0x080130bc   0x00000054   Code   RO         5455    i.usbd_cdc_Init     libPfm.lib(usbd_cdc_core.o)
    0x08013110   0x00000020   Code   RO         5456    i.usbd_cdc_SOF      libPfm.lib(usbd_cdc_core.o)
    0x08013130   0x000000b4   Code   RO         5457    i.usbd_cdc_Setup    libPfm.lib(usbd_cdc_core.o)
    0x080131e4   0x00000026   Code   RO         2604    i.validate          libPfm.lib(ff.o)
    0x0801320a   0x00000002   PAD
    0x0801320c   0x00000014   Code   RO         8091    t._ZN4__rw12__string_refIcSt11char_traitsIcESaIcEE10_C_inc_refEv  cpp_ws.l(char.o)
    0x08013220   0x00000046   Code   RO         7674    t._ZN4__rw16__rw_facet_makerISt5ctypeIcEE13_C_maker_funcEiPKcj  cpp_ws.l(rwstdexcept.o)
    0x08013266   0x00000056   Code   RO         8342    t._ZN4__rw18__rw_locale_vectorIPNS_15__rw_facet_baseEE6resizeEjRKS2_  cpp_ws.l(locale.o)
    0x080132bc   0x0000000e   Code   RO         8354    t._ZN4__rw18__rw_locale_vectorIPNS_15__rw_facet_baseEED1Ev  cpp_ws.l(locale.o)
    0x080132ca   0x0000000e   Code   RO         8577    t._ZN4__rw18__rw_locale_vectorIPNS_8__rw_catEED1Ev  cpp_ws.l(rwcats.o)
    0x080132d8   0x00000014   Code   RO         8357    t._ZN4__rw18__rw_locale_vectorISsED1Ev  cpp_ws.l(locale.o)
    0x080132ec   0x00000088   Code   RO         8425    t._ZN4__rw18__rw_locale_vectorISt18__rw_open_cat_dataE6resizeEj  cpp_ws.l(messages.o)
    0x08013374   0x00000014   Code   RO         8431    t._ZN4__rw18__rw_locale_vectorISt18__rw_open_cat_dataED1Ev  cpp_ws.l(messages.o)
    0x08013388   0x00000086   Code   RO          166    t._ZN5_PLOTIdE3AddEPddds  lm.o
    0x0801340e   0x0000002a   Code   RO          175    t._ZN5_PLOTIdE5ClearEv  lm.o
    0x08013438   0x000000ec   Code   RO          130    t._ZN5_PLOTIdE5ScaleEii  lm.o
    0x08013524   0x000000dc   Code   RO          136    t._ZN5_PLOTIdE6OffsetEii  lm.o
    0x08013600   0x00000014   Code   RO          205    t._ZN5_PLOTIdED1Ev  lm.o
    0x08013614   0x00000008   Code   RO          260    t._ZNKSt6vectorIN5_PLOTIdE6_POINTESaIS2_EE3endEv  lm.o
    0x0801361c   0x0000001c   Code   RO          211    t._ZNKSt6vectorIN5_PLOTIdE6_POINTESaIS2_EE4sizeEv  lm.o
    0x08013638   0x00000008   Code   RO          254    t._ZNKSt6vectorIN5_PLOTIdE6_POINTESaIS2_EE5beginEv  lm.o
    0x08013640   0x00000010   Code   RO          223    t._ZNKSt6vectorIN5_PLOTIdE6_POINTESaIS2_EE8capacityEv  lm.o
    0x08013650   0x00000090   Code   RO         7646    t._ZNKSt8messagesIcE6do_getEiiiRKSs  cpp_ws.l(rwstdexcept.o)
    0x080136e0   0x00000006   Code   RO         7671    t._ZNKSt8messagesIcE7do_openERKSsRKSt6locale  cpp_ws.l(rwstdexcept.o)
    0x080136e6   0x00000014   Code   RO          187    t._ZNSaIN5_PLOTIdE6_POINTEE10deallocateEPS1_j  lm.o
    0x080136fa   0x00000028   Code   RO          142    t._ZNSaIN5_PLOTIdE6_POINTEE9constructEPS1_RKS1_  lm.o
    0x08013722   0x00000002   Code   RO          248    t._ZNSaIN5_PLOTIdE6_POINTEEC1ERKS2_  lm.o
    0x08013724   0x00000002   Code   RO          242    t._ZNSaIN5_PLOTIdE6_POINTEEC1Ev  lm.o
    0x08013726   0x00000032   Code   RO         8311    t._ZNSs11_C_allocateEjjj  cpp_ws.l(locale.o)
    0x08013758   0x00000018   Code   RO         8351    t._ZNSs7replaceEjjPKcj  cpp_ws.l(locale.o)
    0x08013770   0x00000168   Code   RO         8032    t._ZNSs7replaceEjjPKcjjj  cpp_ws.l(char.o)
    0x080138d8   0x00000074   Code   RO         8020    t._ZNSs9_C_getRepEjj  cpp_ws.l(char.o)
    0x0801394c   0x00000048   Code   RO         8029    t._ZNSs9_C_unlinkEv  cpp_ws.l(char.o)
    0x08013994   0x00000038   Code   RO         8314    t._ZNSsC1EPKcRKSaIcE  cpp_ws.l(locale.o)
    0x080139cc   0x00000010   Code   RO         8348    t._ZNSsC1ERKSaIcE   cpp_ws.l(locale.o)
    0x080139dc   0x0000003e   Code   RO         8023    t._ZNSsC1ERKSs      cpp_ws.l(char.o)
    0x08013a1a   0x0000000c   Code   RO         8100    t._ZNSsD1Ev         cpp_ws.l(char.o)
    0x08013a26   0x00000002   PAD
    0x08013a28   0x0000004c   Code   RO         8320    t._ZNSsaSEPKc       cpp_ws.l(locale.o)
    0x08013a74   0x0000003e   Code   RO         8317    t._ZNSsaSERKSs      cpp_ws.l(locale.o)
    0x08013ab2   0x00000012   Code   RO          118    t._ZNSt6vectorIN5_PLOTIdE6_POINTESaIS2_EE10_C_destroyEPS2_S5_  lm.o
    0x08013ac4   0x00000196   Code   RO          157    t._ZNSt6vectorIN5_PLOTIdE6_POINTESaIS2_EE13_C_insert_auxEPS2_RKS2_  lm.o
    0x08013c5a   0x00000008   Code   RO          193    t._ZNSt6vectorIN5_PLOTIdE6_POINTESaIS2_EE3endEv  lm.o
    0x08013c62   0x00000008   Code   RO          199    t._ZNSt6vectorIN5_PLOTIdE6_POINTESaIS2_EE5beginEv  lm.o
    0x08013c6a   0x00000076   Code   RO          229    t._ZNSt6vectorIN5_PLOTIdE6_POINTESaIS2_EE5eraseEPS2_S5_  lm.o
    0x08013ce0   0x00000038   Code   RO          124    t._ZNSt6vectorIN5_PLOTIdE6_POINTESaIS2_EED1Ev  lm.o
    0x08013d18   0x00000016   Code   RO          217    t._ZNSt6vectorIN5_PLOTIdE6_POINTESaIS2_EEixEj  lm.o
    0x08013d2e   0x00000046   Code   RO          148    t._ZSt18uninitialized_copyIPN5_PLOTIdE6_POINTES3_SaIS2_EET0_T_S6_S5_RT1_  lm.o
    0x08013d74   0x0000000c   Code   RO         8094    t._ZSt3maxIjERKT_S2_S2_  cpp_ws.l(char.o)
    0x08013d80   0x00000020   Data   RO         1084    .constdata          adc.o
    0x08013da0   0x000000ba   Data   RO         2605    .constdata          libPfm.lib(ff.o)
    0x08013e5a   0x00000024   Data   RO         4858    .constdata          libPfm.lib(usbd_storage_msd.o)
    0x08013e7e   0x000004c0   Data   RO         5635    .constdata          libPfm.lib(ccsbcs.o)
    0x0801433e   0x00000007   Data   RO         7008    .constdata          libPfm.lib(usbd_msc_data.o)
    0x08014345   0x00000008   Data   RO         7009    .constdata          libPfm.lib(usbd_msc_data.o)
    0x0801434d   0x00000008   Data   RO         7010    .constdata          libPfm.lib(usbd_msc_data.o)
    0x08014355   0x00000081   Data   RO         7216    .constdata          mc_w.l(ctype_o.o)
    0x080143d6   0x00000002   PAD
    0x080143d8   0x00000004   Data   RO         7217    .constdata          mc_w.l(ctype_o.o)
    0x080143dc   0x0000005c   Data   RO         7621    .constdata          cpp_ws.l(rwstdexcept.o)
    0x08014438   0x0000000c   Data   RO         7848    .constdata          cpprt_w.l(arm_exceptions_support.o)
    0x08014444   0x00000004   PAD
    0x08014448   0x00000030   Data   RO         7863    .constdata          m_ws.l(cos_i.o)
    0x08014478   0x000000c8   Data   RO         7881    .constdata          m_ws.l(rred.o)
    0x08014540   0x00000028   Data   RO         7885    .constdata          m_ws.l(sin_i.o)
    0x08014568   0x00000200   Data   RO         7999    .constdata          cpp_ws.l(char.o)
    0x08014768   0x0000000c   Data   RO         7821    .constdata__ZTIN10__cxxabiv117__class_type_infoE  cpprt_w.l(lib_rtti_impl.o)
    0x08014774   0x0000000c   Data   RO         7824    .constdata__ZTIN10__cxxabiv117__pbase_type_infoE  cpprt_w.l(lib_rtti_impl.o)
    0x08014780   0x0000000c   Data   RO         7825    .constdata__ZTIN10__cxxabiv119__pointer_type_infoE  cpprt_w.l(lib_rtti_impl.o)
    0x0801478c   0x0000000c   Data   RO         7822    .constdata__ZTIN10__cxxabiv120__si_class_type_infoE  cpprt_w.l(lib_rtti_impl.o)
    0x08014798   0x0000000c   Data   RO         7823    .constdata__ZTIN10__cxxabiv121__vmi_class_type_infoE  cpprt_w.l(lib_rtti_impl.o)
    0x080147a4   0x0000000c   Data   RO         7817    .constdata__ZTIN10__cxxabiv123__fundamental_type_infoE  cpprt_w.l(lib_rtti_impl.o)
    0x080147b0   0x0000000c   Data   RO         8741    .constdata__ZTINSt8ios_base10badbit_setE  cpp_ws.l(rwthrowproc_impl.o)
    0x080147bc   0x0000000c   Data   RO         8742    .constdata__ZTINSt8ios_base10eofbit_setE  cpp_ws.l(rwthrowproc_impl.o)
    0x080147c8   0x0000000c   Data   RO         8740    .constdata__ZTINSt8ios_base11failbit_setE  cpp_ws.l(rwthrowproc_impl.o)
    0x080147d4   0x0000000c   Data   RO         8743    .constdata__ZTINSt8ios_base7failureE  cpp_ws.l(rwthrowproc_impl.o)
    0x080147e0   0x0000000c   Data   RO         8997    .constdata__ZTISt10bad_typeid  cpprt_w.l(bad_typeid.o)
    0x080147ec   0x0000000c   Data   RO         8731    .constdata__ZTISt11logic_error  cpp_ws.l(rwthrowproc_impl.o)
    0x080147f8   0x0000000c   Data   RO         8737    .constdata__ZTISt11range_error  cpp_ws.l(rwthrowproc_impl.o)
    0x08014804   0x0000000c   Data   RO         8732    .constdata__ZTISt12domain_error  cpp_ws.l(rwthrowproc_impl.o)
    0x08014810   0x0000000c   Data   RO         8734    .constdata__ZTISt12length_error  cpp_ws.l(rwthrowproc_impl.o)
    0x0801481c   0x0000000c   Data   RO         8735    .constdata__ZTISt12out_of_range  cpp_ws.l(rwthrowproc_impl.o)
    0x08014828   0x0000000c   Data   RO         8480    .constdata__ZTISt13bad_exception  cpprt_w.l(bad_exception_dtor.o)
    0x08014834   0x0000000c   Data   RO         8736    .constdata__ZTISt13runtime_error  cpp_ws.l(rwthrowproc_impl.o)
    0x08014840   0x0000000c   Data   RO         7702    .constdata__ZTISt14__rw_exception  cpp_ws.l(rwstdexcept.o)
    0x0801484c   0x0000000c   Data   RO         8738    .constdata__ZTISt14overflow_error  cpp_ws.l(rwthrowproc_impl.o)
    0x08014858   0x0000000c   Data   RO         8739    .constdata__ZTISt15underflow_error  cpp_ws.l(rwthrowproc_impl.o)
    0x08014864   0x0000000c   Data   RO         8733    .constdata__ZTISt16invalid_argument  cpp_ws.l(rwthrowproc_impl.o)
    0x08014870   0x0000000c   Data   RO         8975    .constdata__ZTISt8bad_cast  cpprt_w.l(bad_cast.o)
    0x0801487c   0x0000000c   Data   RO         7732    .constdata__ZTISt9bad_alloc  cpprt_w.l(bad_alloc_dtor.o)
    0x08014888   0x00000008   Data   RO         8493    .constdata__ZTISt9exception  cpprt_w.l(exception_dtor.o)
    0x08014890   0x00000008   Data   RO         8503    .constdata__ZTISt9type_info  cpprt_w.l(type_info_dtor.o)
    0x08014898   0x00000008   Data   RO         8528    .constdata__ZTIv    cpprt_w.l(arm_exceptions_throw.o)
    0x080148a0   0x00000022   Data   RO         7831    .constdata__ZTSN10__cxxabiv117__class_type_infoE  cpprt_w.l(lib_rtti_impl.o)
    0x080148c2   0x00000022   Data   RO         7834    .constdata__ZTSN10__cxxabiv117__pbase_type_infoE  cpprt_w.l(lib_rtti_impl.o)
    0x080148e4   0x00000024   Data   RO         7835    .constdata__ZTSN10__cxxabiv119__pointer_type_infoE  cpprt_w.l(lib_rtti_impl.o)
    0x08014908   0x00000025   Data   RO         7832    .constdata__ZTSN10__cxxabiv120__si_class_type_infoE  cpprt_w.l(lib_rtti_impl.o)
    0x0801492d   0x00000026   Data   RO         7833    .constdata__ZTSN10__cxxabiv121__vmi_class_type_infoE  cpprt_w.l(lib_rtti_impl.o)
    0x08014953   0x00000028   Data   RO         7827    .constdata__ZTSN10__cxxabiv123__fundamental_type_infoE  cpprt_w.l(lib_rtti_impl.o)
    0x0801497b   0x0000001a   Data   RO         8746    .constdata__ZTSNSt8ios_base10badbit_setE  cpp_ws.l(rwthrowproc_impl.o)
    0x08014995   0x0000001a   Data   RO         8747    .constdata__ZTSNSt8ios_base10eofbit_setE  cpp_ws.l(rwthrowproc_impl.o)
    0x080149af   0x0000001b   Data   RO         8748    .constdata__ZTSNSt8ios_base11failbit_setE  cpp_ws.l(rwthrowproc_impl.o)
    0x080149ca   0x00000016   Data   RO         8745    .constdata__ZTSNSt8ios_base7failureE  cpp_ws.l(rwthrowproc_impl.o)
    0x080149e0   0x0000000f   Data   RO         8998    .constdata__ZTSSt10bad_typeid  cpprt_w.l(bad_typeid.o)
    0x080149ef   0x00000010   Data   RO         8749    .constdata__ZTSSt11logic_error  cpp_ws.l(rwthrowproc_impl.o)
    0x080149ff   0x00000010   Data   RO         8755    .constdata__ZTSSt11range_error  cpp_ws.l(rwthrowproc_impl.o)
    0x08014a0f   0x00000011   Data   RO         8750    .constdata__ZTSSt12domain_error  cpp_ws.l(rwthrowproc_impl.o)
    0x08014a20   0x00000011   Data   RO         8752    .constdata__ZTSSt12length_error  cpp_ws.l(rwthrowproc_impl.o)
    0x08014a31   0x00000011   Data   RO         8753    .constdata__ZTSSt12out_of_range  cpp_ws.l(rwthrowproc_impl.o)
    0x08014a42   0x00000012   Data   RO         8481    .constdata__ZTSSt13bad_exception  cpprt_w.l(bad_exception_dtor.o)
    0x08014a54   0x00000012   Data   RO         8754    .constdata__ZTSSt13runtime_error  cpp_ws.l(rwthrowproc_impl.o)
    0x08014a66   0x00000013   Data   RO         7705    .constdata__ZTSSt14__rw_exception  cpp_ws.l(rwstdexcept.o)
    0x08014a79   0x00000013   Data   RO         8756    .constdata__ZTSSt14overflow_error  cpp_ws.l(rwthrowproc_impl.o)
    0x08014a8c   0x00000014   Data   RO         8757    .constdata__ZTSSt15underflow_error  cpp_ws.l(rwthrowproc_impl.o)
    0x08014aa0   0x00000015   Data   RO         8751    .constdata__ZTSSt16invalid_argument  cpp_ws.l(rwthrowproc_impl.o)
    0x08014ab5   0x0000000c   Data   RO         8976    .constdata__ZTSSt8bad_cast  cpprt_w.l(bad_cast.o)
    0x08014ac1   0x0000000d   Data   RO         7733    .constdata__ZTSSt9bad_alloc  cpprt_w.l(bad_alloc_dtor.o)
    0x08014ace   0x0000000d   Data   RO         8494    .constdata__ZTSSt9exception  cpprt_w.l(exception_dtor.o)
    0x08014adb   0x0000000d   Data   RO         8504    .constdata__ZTSSt9type_info  cpprt_w.l(type_info_dtor.o)
    0x08014ae8   0x00000002   Data   RO         8529    .constdata__ZTSv    cpprt_w.l(arm_exceptions_throw.o)
    0x08014aea   0x00000002   PAD
    0x08014aec   0x00000010   Data   RO         7803    .constdata__ZTVN10__cxxabiv117__class_type_infoE  cpprt_w.l(lib_rtti_impl.o)
    0x08014afc   0x00000010   Data   RO         7805    .constdata__ZTVN10__cxxabiv120__si_class_type_infoE  cpprt_w.l(lib_rtti_impl.o)
    0x08014b0c   0x00000010   Data   RO         7795    .constdata__ZTVN10__cxxabiv123__fundamental_type_infoE  cpprt_w.l(lib_rtti_impl.o)
    0x08014b1c   0x00000014   Data   RO         7697    .constdata__ZTVNSt6locale5facetE  cpp_ws.l(rwstdexcept.o)
    0x08014b30   0x00000014   Data   RO         8708    .constdata__ZTVNSt8ios_base10badbit_setE  cpp_ws.l(rwthrowproc_impl.o)
    0x08014b44   0x00000014   Data   RO         8710    .constdata__ZTVNSt8ios_base10eofbit_setE  cpp_ws.l(rwthrowproc_impl.o)
    0x08014b58   0x00000014   Data   RO         8712    .constdata__ZTVNSt8ios_base11failbit_setE  cpp_ws.l(rwthrowproc_impl.o)
    0x08014b6c   0x00000014   Data   RO         8706    .constdata__ZTVNSt8ios_base7failureE  cpp_ws.l(rwthrowproc_impl.o)
    0x08014b80   0x00000014   Data   RO         8996    .constdata__ZTVSt10bad_typeid  cpprt_w.l(bad_typeid.o)
    0x08014b94   0x00000014   Data   RO         8714    .constdata__ZTVSt11logic_error  cpp_ws.l(rwthrowproc_impl.o)
    0x08014ba8   0x00000014   Data   RO         8726    .constdata__ZTVSt11range_error  cpp_ws.l(rwthrowproc_impl.o)
    0x08014bbc   0x00000034   Data   RO         8178    .constdata__ZTVSt12ctype_bynameIcE  cpp_ws.l(char.o)
    0x08014bf0   0x00000014   Data   RO         8716    .constdata__ZTVSt12domain_error  cpp_ws.l(rwthrowproc_impl.o)
    0x08014c04   0x00000014   Data   RO         8720    .constdata__ZTVSt12length_error  cpp_ws.l(rwthrowproc_impl.o)
    0x08014c18   0x00000014   Data   RO         8722    .constdata__ZTVSt12out_of_range  cpp_ws.l(rwthrowproc_impl.o)
    0x08014c2c   0x00000014   Data   RO         8479    .constdata__ZTVSt13bad_exception  cpprt_w.l(bad_exception_dtor.o)
    0x08014c40   0x00000014   Data   RO         8724    .constdata__ZTVSt13runtime_error  cpp_ws.l(rwthrowproc_impl.o)
    0x08014c54   0x00000014   Data   RO         7699    .constdata__ZTVSt14__rw_exception  cpp_ws.l(rwstdexcept.o)
    0x08014c68   0x00000014   Data   RO         8728    .constdata__ZTVSt14overflow_error  cpp_ws.l(rwthrowproc_impl.o)
    0x08014c7c   0x00000014   Data   RO         8730    .constdata__ZTVSt15underflow_error  cpp_ws.l(rwthrowproc_impl.o)
    0x08014c90   0x00000014   Data   RO         8718    .constdata__ZTVSt16invalid_argument  cpp_ws.l(rwthrowproc_impl.o)
    0x08014ca4   0x00000034   Data   RO         8010    .constdata__ZTVSt5ctypeIcE  cpp_ws.l(char.o)
    0x08014cd8   0x00000014   Data   RO         8974    .constdata__ZTVSt8bad_cast  cpprt_w.l(bad_cast.o)
    0x08014cec   0x00000020   Data   RO         7634    .constdata__ZTVSt8messagesIcE  cpp_ws.l(rwstdexcept.o)
    0x08014d0c   0x00000014   Data   RO         7731    .constdata__ZTVSt9bad_alloc  cpprt_w.l(bad_alloc_dtor.o)
    0x08014d20   0x00000014   Data   RO         8492    .constdata__ZTVSt9exception  cpprt_w.l(exception_dtor.o)
    0x08014d34   0x0000000e   Data   RO          114    .constdata__ZZN5_PLOTIdE5ScaleEiiEs  lm.o
    0x08014d42   0x00000004   Data   RO          115    .constdata__ZZN5_PLOTIdE5ScaleEiiEs_0  lm.o
    0x08014d46   0x00000002   Data   RO          116    .constdata__ZZN5_PLOTIdE5ScaleEiiEs_1  lm.o
    0x08014d48   0x00000007   Data   RO          117    .constdata__ZZN5_PLOTIdE5ScaleEiiEs_2  lm.o
    0x08014d4f   0x0000000f   Data   RO          110    .constdata__ZZN5_PLOTIdE6OffsetEiiEs  lm.o
    0x08014d5e   0x00000004   Data   RO          111    .constdata__ZZN5_PLOTIdE6OffsetEiiEs_0  lm.o
    0x08014d62   0x00000002   Data   RO          112    .constdata__ZZN5_PLOTIdE6OffsetEiiEs_1  lm.o
    0x08014d64   0x00000007   Data   RO          113    .constdata__ZZN5_PLOTIdE6OffsetEiiEs_2  lm.o
    0x08014d6b   0x00000001   Data   RO         8308    .constdata__ZZNK4__rw15__rw_locale_imp16_C_category_nameEiEs  cpp_ws.l(locale.o)
    0x08014d6c   0x00000001   Data   RO         8018    .constdata__ZZNSs7replaceEjjPKcjjjEs  cpp_ws.l(char.o)
    0x08014d6d   0x00000001   Data   RO         8019    .constdata__ZZNSs9_C_getRepEjjEs  cpp_ws.l(char.o)
    0x08014d6e   0x00000002   Data   RO         7635    .constdata__ZZNSt8messagesIcEC1EjEs  cpp_ws.l(rwstdexcept.o)
    0x08014d70   0x00000043   Data   RO         4598    .conststring        libPfm.lib(com.o)
    0x08014db3   0x00000001   PAD
    0x08014db4   0x00000014   Data   RO         5021    .conststring        libPfm.lib(usbh_msc_usr.o)
    0x08014dc8   0x00000272   Data   RO         7622    .conststring        cpp_ws.l(rwstdexcept.o)
    0x0801503a   0x00000002   PAD
    0x0801503c   0x00000020   Data   RO         9052    Region$$Table       anon$$obj.o
    0x0801505c   0x00000004   Data   RO         8001    .init_array         cpp_ws.l(char.o)
    0x08015060   0x00000004   Data   RO         8291    .init_array         cpp_ws.l(locale.o)
    0x08015064   0x00000004   Data   RO         8571    .init_array         cpp_ws.l(rwcats.o)


    Execution Region RW_IRAM1 (Base: 0x20000000, Size: 0x0000cac0, Max: 0x00020000, ABSOLUTE, COMPRESSED[0x000001e4])

    Base Addr    Size         Type   Attr      Idx    E Section Name        Object

    0x20000000   0x00000004   Data   RW          687    .data               pyro.o
    0x20000004   0x0000000c   Data   RW          870    .data               spray.o
    0x20000010   0x00000004   Data   RW         1085    .data               adc.o
    0x20000014   0x00000004   Data   RW         1138    .data               tim.o
    0x20000018   0x00000004   Data   RW         1213    .data               can.o
    0x2000001c   0x0000000c   Data   RW         1347    .data               dac.o
    0x20000028   0x00000004   Data   RW         1456    .data               libPfm.lib(app.o)
    0x2000002c   0x00000004   Data   RW         1457    .data               libPfm.lib(app.o)
    0x20000030   0x00000004   Data   RW         1458    .data               libPfm.lib(app.o)
    0x20000034   0x00000004   Data   RW         1711    .data               libPfm.lib(appmisc.o)
    0x20000038   0x00000034   Data   RW         1859    .data               libPfm.lib(led.o)
    0x2000006c   0x00000014   Data   RW         1905    .data               libPfm.lib(retarget.o)
    0x20000080   0x00000038   Data   RW         2023    .data               libPfm.lib(usbd_usr.o)
    0x200000b8   0x0000000c   Data   RW         2606    .data               libPfm.lib(ff.o)
    0x200000c4   0x00000014   Data   RW         2890    .data               libPfm.lib(system_stm32f2xx.o)
    0x200000d8   0x00000010   Data   RW         3182    .data               libPfm.lib(stm32f2xx_rcc.o)
    0x200000e8   0x00000008   Data   RW         4599    .data               libPfm.lib(com.o)
    0x200000f0   0x00000018   Data   RW         4740    .data               libPfm.lib(usart.o)
    0x20000108   0x00000004   Data   RW         4741    .data               libPfm.lib(usart.o)
    0x2000010c   0x00000020   Data   RW         4859    .data               libPfm.lib(usbd_storage_msd.o)
    0x2000012c   0x00000004   Data   RW         4860    .data               libPfm.lib(usbd_storage_msd.o)
    0x20000130   0x0000004c   Data   RW         5022    .data               libPfm.lib(usbh_msc_usr.o)
    0x2000017c   0x0000002c   Data   RW         5179    .data               libPfm.lib(usbd_core.o)
    0x200001a8   0x00000004   Data   RW         5180    .data               libPfm.lib(usbd_core.o)
    0x200001ac   0x00000004   Data   RW         5181    .data               libPfm.lib(usbd_core.o)
    0x200001b0   0x0000000c   Data   RW         5265    .data               libPfm.lib(usbh_core.o)
    0x200001bc   0x00000004   Data   RW         5266    .data               libPfm.lib(usbh_core.o)
    0x200001c0   0x00000002   Data   RW         5267    .data               libPfm.lib(usbh_core.o)
    0x200001c2   0x00000002   PAD
    0x200001c4   0x0000002c   Data   RW         5333    .data               libPfm.lib(usbd_msc_core.o)
    0x200001f0   0x00000022   Data   RW         5334    .data               libPfm.lib(usbd_msc_core.o)
    0x20000212   0x00000002   PAD
    0x20000214   0x0000001c   Data   RW         5395    .data               libPfm.lib(usbd_msc_desc.o)
    0x20000230   0x00000016   Data   RW         5396    .data               libPfm.lib(usbd_msc_desc.o)
    0x20000246   0x00000002   PAD
    0x20000248   0x0000006b   Data   RW         5460    .data               libPfm.lib(usbd_cdc_core.o)
    0x200002b3   0x00000001   PAD
    0x200002b4   0x0000002c   Data   RW         5461    .data               libPfm.lib(usbd_cdc_core.o)
    0x200002e0   0x0000001c   Data   RW         5537    .data               libPfm.lib(usbd_vcp_desc.o)
    0x200002fc   0x00000016   Data   RW         5538    .data               libPfm.lib(usbd_vcp_desc.o)
    0x20000312   0x00000001   Data   RW         5596    .data               libPfm.lib(usbh_msc_fatfs.o)
    0x20000313   0x00000001   PAD
    0x20000314   0x00000010   Data   RW         5881    .data               libPfm.lib(usbd_req.o)
    0x20000324   0x00000004   Data   RW         6004    .data               libPfm.lib(usbh_stdreq.o)
    0x20000328   0x00000004   Data   RW         6193    .data               libPfm.lib(usbd_msc_bot.o)
    0x2000032c   0x00000014   Data   RW         6264    .data               libPfm.lib(usbd_cdc_vcp.o)
    0x20000340   0x0000000c   Data   RW         6265    .data               libPfm.lib(usbd_cdc_vcp.o)
    0x2000034c   0x00000014   Data   RW         6321    .data               libPfm.lib(usbh_msc_bot.o)
    0x20000360   0x00000002   Data   RW         6363    .data               libPfm.lib(usbh_msc_core.o)
    0x20000362   0x00000002   PAD
    0x20000364   0x00000010   Data   RW         6364    .data               libPfm.lib(usbh_msc_core.o)
    0x20000374   0x00000001   Data   RW         6410    .data               libPfm.lib(usbh_msc_scsi.o)
    0x20000375   0x00000003   PAD
    0x20000378   0x00000018   Data   RW         6945    .data               libPfm.lib(usbd_msc_scsi.o)
    0x20000390   0x00000008   Data   RW         7569    .data               mc_w.l(cpp_unwinder.o)
    0x20000398   0x00000017   Data   RW         7623    .data               cpp_ws.l(rwstdexcept.o)
    0x200003af   0x00000001   PAD
    0x200003b0   0x00000004   Data   RW         7918    .data               mc_w.l(mvars.o)
    0x200003b4   0x00000004   Data   RW         7919    .data               mc_w.l(mvars.o)
    0x200003b8   0x00000004   Data   RW         7923    .data               mc_w.l(errno.o)
    0x200003bc   0x00000004   Data   RW         7937    .data               mc_w.l(cpp_memory.o)
    0x200003c0   0x00000008   Data   RW         8000    .data               cpp_ws.l(char.o)
    0x200003c8   0x0000001c   Data   RW         8290    .data               cpp_ws.l(locale.o)
    0x200003e4   0x00000004   Data   RW         8449    .data               cpp_ws.l(rwthrowproc.o)
    0x200003e8   0x00000008   Data   RW         8570    .data               cpp_ws.l(rwcats.o)
    0x200003f0   0x00000004   Data   RW         9016    .data               mc_w.l(cpp_dtor.o)
    0x200003f4   0x00000004   Data   RW         8391    .data__ZZNKSt6locale2id7_C_initEvE9_C_id_gen  cpp_ws.l(locale.o)
    0x200003f8   0x0000000c   Data   RW         8447    .data__ZZSt13__rw_get_catsvE11__open_cats  cpp_ws.l(messages.o)
    0x20000404   0x000000c8   Zero   RW         1346    .bss                dac.o
    0x200004cc   0x00000468   Zero   RW         1455    .bss                libPfm.lib(app.o)
    0x20000934   0x0000003c   Zero   RW         1858    .bss                libPfm.lib(led.o)
    0x20000970   0x00000a90   Zero   RW         2022    .bss                libPfm.lib(usbd_usr.o)
    0x20001400   0x00000024   Zero   RW         4597    .bss                libPfm.lib(com.o)
    0x20001424   0x00000084   Zero   RW         5007    .bss                libPfm.lib(usbh_msc_usr.o)
    0x200014a8   0x000000c0   Zero   RW         5459    .bss                libPfm.lib(usbd_cdc_core.o)
    0x20001568   0x00000040   Zero   RW         5880    .bss                libPfm.lib(usbd_req.o)
    0x200015a8   0x00000200   Zero   RW         6003    .bss                libPfm.lib(usbh_stdreq.o)
    0x200017a8   0x00001030   Zero   RW         6192    .bss                libPfm.lib(usbd_msc_bot.o)
    0x200027d8   0x00000040   Zero   RW         6320    .bss                libPfm.lib(usbh_msc_bot.o)
    0x20002818   0x0000004a   Zero   RW         6362    .bss                libPfm.lib(usbh_msc_core.o)
    0x20002862   0x00000002   PAD
    0x20002864   0x00000210   Zero   RW         6408    .bss                libPfm.lib(usbh_msc_scsi.o)
    0x20002a74   0x00000020   Zero   RW         6944    .bss                libPfm.lib(usbd_msc_scsi.o)
    0x20002a94   0x00000004   PAD
    0x20002a98   0x00000018   Zero   RW         7620    .bss                cpp_ws.l(rwstdexcept.o)
    0x20002ab0   0x00000010   Zero   RW         8858    .bss__ZNSs9__nullrefE  cpp_ws.l(vendor.o)
    0x20002ac0   0x00006000   Zero   RW         5660    HEAP                libPfm.lib(startup_stm32f2xx.o)
    0x20008ac0   0x00004000   Zero   RW         5659    STACK               libPfm.lib(startup_stm32f2xx.o)


==============================================================================

Image component sizes


      Code (inc. data)   RO Data    RW Data    ZI Data      Debug   Object Name

      1240         46         32          4          0       4288   adc.o
      2028        182          0          4          0      22518   can.o
       516         54          0         12        200       3884   dac.o
      1110        196          0          0          0       9456   ec20.o
      1242        124          0          0          0       3236   fan.o
       348         32          0          0          0       2116   gpio.o
        60         10          0          0          0        846   isr.o
      6092        824         55          0          0     361972   lm.o
      1490        152          0          0          0       3372   pump.o
      1366        144          0          4          0      21753   pyro.o
      1450        172          0         12          0      11704   spray.o
      1194         88          0          4          0       6129   tim.o

    ----------------------------------------------------------------------
     18148       2024        119         40        200     451274   Object Totals
         0          0         32          0          0          0   (incl. Generated)
        12          0          0          0          0          0   (incl. Padding)

    ----------------------------------------------------------------------

      Code (inc. data)   RO Data    RW Data    ZI Data      Debug   Library Member Name

       678          0          0          0          0      17709   arm_biquad_cascade_df1_f32.o
        22          0          0          0          0        982   arm_biquad_cascade_df1_init_f32.o
        28          0          0          0          0        923   arm_fir_init_f32.o
      1824         74        622          8          0       1552   char.o
      1502         82          5         32          0       1760   locale.o
       482         34          0         12          0        784   messages.o
        36          0          0          0          0        144   rwalloc.o
       184         24          4          8          0        400   rwcats.o
      1074         68        823         23         24       1304   rwstdexcept.o
         0          0          0          4          0          0   rwthrowproc.o
      1448        276        678          0          0       2984   rwthrowproc_impl.o
         0          0          0          0         16          0   vendor.o
        44          0          0          0          0         84   ARM_vec_cleanup.o
        44          0          0          0          0         84   ARM_vec_cleanup_rethrow.o
        50          0          0          0          0         84   aeabi_atexit.o
        34          0          0          0          0         84   aeabi_vec_delete.o
        58          0          0          0          0         92   aeabi_vec_dtor.o
        16          0          0          0          0         68   aeabi_vec_dtor_cookie.o
        20          0          0          0          0         80   aeabi_vec_new_cookie.o
        96         14          0          0          0         80   arm_exceptions_alloc.o
        48         10          0          0          0         80   arm_exceptions_bad_typeid.o
        72          0          0          0          0         80   arm_exceptions_begincatch.o
        56          0          0          0          0        108   arm_exceptions_callterm.o
        74          0          0          0          0         92   arm_exceptions_endcatch.o
        66          0          0          0          0         80   arm_exceptions_foreign.o
        34          0          0          0          0         84   arm_exceptions_free.o
        80         12          0          0          0        104   arm_exceptions_globs.o
        60          0          0          0          0        108   arm_exceptions_mem.o
        82          0          0          0          0         80   arm_exceptions_rethrow.o
        44          6         12          0          0         92   arm_exceptions_support.o
        26          0          0          0          0         76   arm_exceptions_terminate.o
       432         20         10          0          0        240   arm_exceptions_throw.o
         8          0          0          0          0         76   array_del.o
         8          0          0          0          0         76   array_new.o
       146          0          0          0          0         96   array_new_general.o
        16          4          0          0          0         76   bad_alloc_cctor.o
        16          4          0          0          0         76   bad_alloc_ctor.o
         8          0         45          0          0         76   bad_alloc_dtor.o
        40          8         44          0          0        228   bad_cast.o
        16          4          0          0          0         76   bad_exception_cctor.o
        16          4          0          0          0         76   bad_exception_ctor.o
         8          0         50          0          0         76   bad_exception_dtor.o
        40          8         47          0          0        228   bad_typeid.o
        66          0          0          0          0         84   cxa_finalize.o
        16          0          0          0          0         68   cxa_guard_acquire.o
        24          6          0          0          0         84   cxa_vec_new.o
         8          0          0          0          0         76   delete.o
        12          6          0          0          0         68   exception_cctor.o
        12          6          0          0          0         68   exception_ctor.o
         2          0         41          0          0         68   exception_dtor.o
         0          0        339          0          0          0   lib_rtti_impl.o
        40          6          0          0          0         76   new.o
        48         10          0          0          0         80   newhandler.o
       610         14          0          0          0        260   rtti.o
         0          0         21          0          0          0   type_info_dtor.o
        32          0          0          0          0         80   type_info_eq.o
        32          0          0          0          0         80   type_info_ne.o
       524        194          0         12       1128     353068   app.o
       496        104          0          4          0       4462   appmisc.o
        92         12       1216          0          0       2451   ccsbcs.o
      2844        384         67          8         36       7826   com.o
      8842        148        186         12          0      49747   ff.o
       386         10          0          0          0       6751   io.o
       504         82          0         52         60       2827   led.o
        10          0          0          0          0        423   main.o
       144         14          0          0          0       2193   misc.o
       386          0          0          0          0      17987   nvic.o
       152         20          0         20          0       6766   retarget.o
        36          8        388          0      40960        896   startup_stm32f2xx.o
       362         20          0          0          0       7284   stm32f2xx_adc.o
       836         16          0          0          0       6138   stm32f2xx_can.o
        40          8          0          0          0       1577   stm32f2xx_crc.o
       172         22          0          0          0       4771   stm32f2xx_dac.o
       430         24          0          0          0       3963   stm32f2xx_dma.o
       298         34          0          0          0       4392   stm32f2xx_flash.o
       240          0          0          0          0       4766   stm32f2xx_gpio.o
        88         34          0          0          0       3247   stm32f2xx_iwdg.o
       360         62          0         16          0       7674   stm32f2xx_rcc.o
      1442        112          0          0          0      17920   stm32f2xx_tim.o
       326          8          0          0          0       6700   stm32f2xx_usart.o
       340         44          0         20          0       2425   system_stm32f2xx.o
      1508        128          0         28          0      10218   usart.o
       172         10          0          0          0       3240   usb_bsp.o
      2952         24          0          0          0      29692   usb_core.o
       534          0          0          0          0       6355   usb_dcd.o
      1224         40          0          0          0       7287   usb_dcd_int.o
       160          0          0          0          0       4891   usb_hcd.o
      3702         16          0          0          0      10391   usb_hcd_int.o
       612         72          0        151        192       8872   usbd_cdc_core.o
       322         66          0         32          0       4477   usbd_cdc_vcp.o
       600          4          0         52          0       9190   usbd_core.o
       184          0          0          0          0       4870   usbd_ioreq.o
       592         84          0          4       4144       8157   usbd_msc_bot.o
       290         14          0         78          0       4905   usbd_msc_core.o
         0          0         23          0          0        873   usbd_msc_data.o
       268        156          0         50          0       5332   usbd_msc_desc.o
      1400        178          0         24         32      12405   usbd_msc_scsi.o
      1118         44          0         16         64       8521   usbd_req.o
       692         70         36         36          0       9179   usbd_storage_msd.o
       124         40          0         56       2704       7249   usbd_usr.o
       292        180          0         50          0       5348   usbd_vcp_desc.o
      1450         44          0         18          0       9553   usbh_core.o
       234          0          0          0          0       4188   usbh_hcs.o
       284          0          0          0          0       4782   usbh_ioreq.o
       748         66          0         20         64       6953   usbh_msc_bot.o
       636         48          0         18         74       6045   usbh_msc_core.o
       372         52          0          1          0       4778   usbh_msc_fatfs.o
       976         76          0          1        528       7616   usbh_msc_scsi.o
       660        358         20         76        132      12649   usbh_msc_usr.o
       798         10          0          4        512       8833   usbh_stdreq.o
       252         22         48          0          0        124   cos_i.o
        34          6          0          0          0        204   dunder.o
        40          0          0          0          0         68   fpclassify.o
       170          0          0          0          0         96   poly.o
       904         76        200          0          0        140   rred.o
       160         10          0          0          0        108   sin.o
       236         12         40          0          0        128   sin_i.o
        56          8          0          0          0         84   __0sscanf.o
        86          0          0          0          0          0   __dczerorl2.o
        28          0          0          0          0         68   _chval.o
       812          4          0          0          0        112   _scanf.o
       332          0          0          0          0         96   _scanf_int.o
       342          0          0          0          0        100   _scanf_longlong.o
       224          0          0          0          0         96   _scanf_str.o
        64          0          0          0          0         84   _sgetc.o
       158          0          0          0          0         92   _strtoul.o
        26          0          0          0          0         80   atoi.o
        28          0          0          0          0         76   calloc.o
         8          4          0          4          0         68   cpp_dtor.o
         2          0          0          0          0         68   cpp_final.o
        32         10          0          0          0         80   cpp_init.o
         8          4          0          4          0         68   cpp_memory.o
        32          6          0          8          0        252   cpp_unwinder.o
         8          4        133          0          0         68   ctype_o.o
         0          0          0          0          0          0   entry.o
         0          0          0          0          0          0   entry10a.o
         0          0          0          0          0          0   entry11a.o
         8          4          0          0          0          0   entry2.o
         4          0          0          0          0          0   entry5.o
         0          0          0          0          0          0   entry7b.o
         4          0          0          0          0          0   entry8a.o
         0          0          0          0          0          0   entry8b.o
         8          4          0          0          0          0   entry9a.o
        20         10          0          4          0        136   errno.o
        60          0          0          0          0         84   fgets.o
         4          0          0          0          0         68   getc.o
        30          0          0          0          0          0   handlers.o
        36          8          0          0          0         68   init.o
        18          0          0          0          0         76   isspace_o.o
         0          0          0          0          0          0   iusefp.o
        30          0          0          0          0         68   llshl.o
        36          0          0          0          0         68   llsshr.o
        32          0          0          0          0         68   llushr.o
       188         20          0          0          0        160   malloc.o
        36          0          0          0          0         68   memcpya.o
        66          0          0          0          0         76   memmove.o
        64          0          0          0          0         76   memmovea.o
        36          0          0          0          0        108   memseta.o
         0          0          0          8          0          0   mvars.o
      2362        106          0          0          0        828   printfa.o
         4          0          0          0          0         68   putc.o
        40          8          0          0          0         84   scanf_char.o
       838         12          0          0          0        216   scanf_fp.o
        56          8          0          0          0         84   sscanf.o
        24          0          0          0          0         68   strcat.o
        20          0          0          0          0         68   strchr.o
        28          0          0          0          0         76   strcmp.o
        18          0          0          0          0         68   strcpy.o
        14          0          0          0          0         68   strlen.o
        30          0          0          0          0         80   strncmp.o
        32          0          0          0          0         68   strrchr.o
       112          0          0          0          0         88   strtol.o
       114          0          0          0          0         92   strtoul.o
        12          0          0          0          0         68   toupper.o
        44          0          0          0          0         80   uidiv.o
        98          0          0          0          0         92   uldiv.o
        48          0          0          0          0         68   cdrcmple.o
        56          0          0          0          0         88   d2f.o
       334          0          0          0          0        148   dadd.o
       222          0          0          0          0        100   ddiv.o
       186          0          0          0          0        176   depilogue.o
        62          0          0          0          0         80   dfixi.o
        50          0          0          0          0         76   dfixui.o
        48          0          0          0          0         68   dfixul.o
        34          0          0          0          0         76   dflti.o
        26          0          0          0          0         76   dfltui.o
        24          0          0          0          0         76   dfltul.o
       228          0          0          0          0         96   dmul.o
        46          0          0          0          0         80   dscalb.o
        38          0          0          0          0         68   f2d.o
       176          0          0          0          0        140   fadd.o
       110          0          0          0          0        168   fepilogue.o
        50          0          0          0          0         68   ffixi.o
        18          0          0          0          0         68   fflti.o
       100          0          0          0          0         76   fmul.o

    ----------------------------------------------------------------------
     62744       4186       5109        988      50676     793253   Library Totals
       128          0         11         14          6          0   (incl. Padding)

    ----------------------------------------------------------------------

      Code (inc. data)   RO Data    RW Data    ZI Data      Debug   Library Name

       728          0          0          0          0      19614   arm_cortexM3l_math.lib
      6550        558       2132         87         40       8928   cpp_ws.l
      2660        142        609          0          0       4132   cpprt_w.l
     42254       3140       1936        859      50630     753103   libPfm.lib
      1796        126        288          0          0        868   m_ws.l
      6772        220        133         28          0       4812   mc_w.l
      1856          0          0          0          0       1796   mf_w.l

    ----------------------------------------------------------------------
     62744       4186       5109        988      50676     793253   Library Totals

    ----------------------------------------------------------------------

==============================================================================


      Code (inc. data)   RO Data    RW Data    ZI Data      Debug   

     80892       6210       5228       1028      50876    1201963   Grand Totals
     80892       6210       5228        484      50876    1201963   ELF Image Totals (compressed)
     80892       6210       5228        484          0          0   ROM Totals

==============================================================================

    Total RO  Size (Code + RO Data)                86120 (  84.10kB)
    Total RW  Size (RW Data + ZI Data)             51904 (  50.69kB)
    Total ROM Size (Code + RO Data + RW Data)      86604 (  84.57kB)

==============================================================================

