<!doctype html public "-//w3c//dtd html 4.0 transitional//en">
<html><head>
<title>Static Call Graph - [.\output\Lm_V2.axf]</title></head>
<body><HR>
<H1>Static Call Graph for image .\output\Lm_V2.axf</H1><HR>
<BR><P>#&#060CALLGRAPH&#062# ARM Linker, 5050169: Last Updated: Thu Dec 10 14:12:06 2015
<BR><P>
<H3>Maximum Stack Usage =       5760 bytes + Unknown(Cycles, Untraceable Function Pointers)</H3><H3>
Call chain for Maximum Stack Depth:</H3>
DecodeFs &rArr;  DecodeCom (Cycle)
<P>
<H3>
Mutually Recursive functions
</H3> <LI><a href="#[6f]">NMI_Handler</a>&nbsp;&nbsp;&nbsp;&rArr;&nbsp;&nbsp;&nbsp;<a href="#[6f]">NMI_Handler</a><BR>
 <LI><a href="#[70]">HardFault_Handler</a>&nbsp;&nbsp;&nbsp;&rArr;&nbsp;&nbsp;&nbsp;<a href="#[70]">HardFault_Handler</a><BR>
 <LI><a href="#[71]">MemManage_Handler</a>&nbsp;&nbsp;&nbsp;&rArr;&nbsp;&nbsp;&nbsp;<a href="#[71]">MemManage_Handler</a><BR>
 <LI><a href="#[72]">BusFault_Handler</a>&nbsp;&nbsp;&nbsp;&rArr;&nbsp;&nbsp;&nbsp;<a href="#[72]">BusFault_Handler</a><BR>
 <LI><a href="#[73]">UsageFault_Handler</a>&nbsp;&nbsp;&nbsp;&rArr;&nbsp;&nbsp;&nbsp;<a href="#[73]">UsageFault_Handler</a><BR>
 <LI><a href="#[74]">SVC_Handler</a>&nbsp;&nbsp;&nbsp;&rArr;&nbsp;&nbsp;&nbsp;<a href="#[74]">SVC_Handler</a><BR>
 <LI><a href="#[75]">DebugMon_Handler</a>&nbsp;&nbsp;&nbsp;&rArr;&nbsp;&nbsp;&nbsp;<a href="#[75]">DebugMon_Handler</a><BR>
 <LI><a href="#[76]">PendSV_Handler</a>&nbsp;&nbsp;&nbsp;&rArr;&nbsp;&nbsp;&nbsp;<a href="#[76]">PendSV_Handler</a><BR>
 <LI><a href="#[8a]">ADC_IRQHandler</a>&nbsp;&nbsp;&nbsp;&rArr;&nbsp;&nbsp;&nbsp;<a href="#[8a]">ADC_IRQHandler</a><BR>
 <LI><a href="#[27]">STORAGE_Read</a>&nbsp;&nbsp;&nbsp;&rArr;&nbsp;&nbsp;&nbsp;<a href="#[27]">STORAGE_Read</a><BR>
 <LI><a href="#[28]">STORAGE_Write</a>&nbsp;&nbsp;&nbsp;&rArr;&nbsp;&nbsp;&nbsp;<a href="#[28]">STORAGE_Write</a><BR>
 <LI><a href="#[3b7]">std::basic_string&lang;char, std::char_traits&lang;char&rang;, std::allocator&lang;char&rang;&rang;::_C_getRep(unsigned, unsigned)</a>&nbsp;&nbsp;&nbsp;&rArr;&nbsp;&nbsp;&nbsp;<a href="#[306]">__rw::__rw_allocate(unsigned, int)</a><BR>
 <LI><a href="#[3b9]">std::basic_string&lang;char, std::char_traits&lang;char&rang;, std::allocator&lang;char&rang;&rang;::replace(unsigned, unsigned, const char*, unsigned, unsigned, unsigned)</a>&nbsp;&nbsp;&nbsp;&rArr;&nbsp;&nbsp;&nbsp;<a href="#[303]">__rw::__rw_throw(int, ...)</a><BR>
 <LI><a href="#[3a7]">putHEX</a>&nbsp;&nbsp;&nbsp;&rArr;&nbsp;&nbsp;&nbsp;<a href="#[3a7]">putHEX</a><BR>
 <LI><a href="#[19a]">sDump</a>&nbsp;&nbsp;&nbsp;&rArr;&nbsp;&nbsp;&nbsp;<a href="#[19a]">sDump</a><BR>
 <LI><a href="#[19b]">iDump</a>&nbsp;&nbsp;&nbsp;&rArr;&nbsp;&nbsp;&nbsp;<a href="#[19b]">iDump</a><BR>
 <LI><a href="#[d7]">DecodeFs</a>&nbsp;&nbsp;&nbsp;&rArr;&nbsp;&nbsp;&nbsp;<a href="#[d4]">DecodeCom</a><BR>
 <LI><a href="#[1fd]">_led</a>&nbsp;&nbsp;&nbsp;&rArr;&nbsp;&nbsp;&nbsp;<a href="#[1fd]">_led</a><BR>
</UL>
<P>
<H3>
Function Pointers
</H3><UL>
 <LI><a href="#[e3]">&lang;Func5&rang;</a> from locale.o(i.<Func5>) referenced from locale.o(i._ZN4__rw15__rw_locale_impC1EPKcjj)
 <LI><a href="#[8a]">ADC_IRQHandler</a> from startup_stm32f2xx.o(.text) referenced from startup_stm32f2xx.o(RESET)
 <LI><a href="#[72]">BusFault_Handler</a> from startup_stm32f2xx.o(.text) referenced from startup_stm32f2xx.o(RESET)
 <LI><a href="#[8c]">CAN1_RX0_IRQHandler</a> from can.o(i.CAN1_RX0_IRQHandler) referenced from startup_stm32f2xx.o(RESET)
 <LI><a href="#[8d]">CAN1_RX1_IRQHandler</a> from startup_stm32f2xx.o(.text) referenced from startup_stm32f2xx.o(RESET)
 <LI><a href="#[8e]">CAN1_SCE_IRQHandler</a> from can.o(i.CAN1_SCE_IRQHandler) referenced from startup_stm32f2xx.o(RESET)
 <LI><a href="#[8b]">CAN1_TX_IRQHandler</a> from can.o(i.CAN1_TX_IRQHandler) referenced from startup_stm32f2xx.o(RESET)
 <LI><a href="#[b8]">CAN2_RX0_IRQHandler</a> from can.o(i.CAN2_RX0_IRQHandler) referenced from startup_stm32f2xx.o(RESET)
 <LI><a href="#[b9]">CAN2_RX1_IRQHandler</a> from startup_stm32f2xx.o(.text) referenced from startup_stm32f2xx.o(RESET)
 <LI><a href="#[ba]">CAN2_SCE_IRQHandler</a> from can.o(i.CAN2_SCE_IRQHandler) referenced from startup_stm32f2xx.o(RESET)
 <LI><a href="#[b7]">CAN2_TX_IRQHandler</a> from can.o(i.CAN2_TX_IRQHandler) referenced from startup_stm32f2xx.o(RESET)
 <LI><a href="#[c7]">CRYP_IRQHandler</a> from startup_stm32f2xx.o(.text) referenced from startup_stm32f2xx.o(RESET)
 <LI><a href="#[c6]">DCMI_IRQHandler</a> from startup_stm32f2xx.o(.text) referenced from startup_stm32f2xx.o(RESET)
 <LI><a href="#[83]">DMA1_Stream0_IRQHandler</a> from startup_stm32f2xx.o(.text) referenced from startup_stm32f2xx.o(RESET)
 <LI><a href="#[84]">DMA1_Stream1_IRQHandler</a> from startup_stm32f2xx.o(.text) referenced from startup_stm32f2xx.o(RESET)
 <LI><a href="#[85]">DMA1_Stream2_IRQHandler</a> from startup_stm32f2xx.o(.text) referenced from startup_stm32f2xx.o(RESET)
 <LI><a href="#[86]">DMA1_Stream3_IRQHandler</a> from startup_stm32f2xx.o(.text) referenced from startup_stm32f2xx.o(RESET)
 <LI><a href="#[87]">DMA1_Stream4_IRQHandler</a> from startup_stm32f2xx.o(.text) referenced from startup_stm32f2xx.o(RESET)
 <LI><a href="#[88]">DMA1_Stream5_IRQHandler</a> from startup_stm32f2xx.o(.text) referenced from startup_stm32f2xx.o(RESET)
 <LI><a href="#[89]">DMA1_Stream6_IRQHandler</a> from startup_stm32f2xx.o(.text) referenced from startup_stm32f2xx.o(RESET)
 <LI><a href="#[a7]">DMA1_Stream7_IRQHandler</a> from startup_stm32f2xx.o(.text) referenced from startup_stm32f2xx.o(RESET)
 <LI><a href="#[b0]">DMA2_Stream0_IRQHandler</a> from startup_stm32f2xx.o(.text) referenced from startup_stm32f2xx.o(RESET)
 <LI><a href="#[b1]">DMA2_Stream1_IRQHandler</a> from startup_stm32f2xx.o(.text) referenced from startup_stm32f2xx.o(RESET)
 <LI><a href="#[b2]">DMA2_Stream2_IRQHandler</a> from startup_stm32f2xx.o(.text) referenced from startup_stm32f2xx.o(RESET)
 <LI><a href="#[b3]">DMA2_Stream3_IRQHandler</a> from startup_stm32f2xx.o(.text) referenced from startup_stm32f2xx.o(RESET)
 <LI><a href="#[b4]">DMA2_Stream4_IRQHandler</a> from startup_stm32f2xx.o(.text) referenced from startup_stm32f2xx.o(RESET)
 <LI><a href="#[bc]">DMA2_Stream5_IRQHandler</a> from startup_stm32f2xx.o(.text) referenced from startup_stm32f2xx.o(RESET)
 <LI><a href="#[bd]">DMA2_Stream6_IRQHandler</a> from startup_stm32f2xx.o(.text) referenced from startup_stm32f2xx.o(RESET)
 <LI><a href="#[be]">DMA2_Stream7_IRQHandler</a> from startup_stm32f2xx.o(.text) referenced from startup_stm32f2xx.o(RESET)
 <LI><a href="#[75]">DebugMon_Handler</a> from startup_stm32f2xx.o(.text) referenced from startup_stm32f2xx.o(RESET)
 <LI><a href="#[d4]">DecodeCom</a> from com.o(i.DecodeCom) referenced from com.o(i.DecodeFs)
 <LI><a href="#[d4]">DecodeCom</a> from com.o(i.DecodeCom) referenced from app.o(i.ParseCom)
 <LI><a href="#[d7]">DecodeFs</a> from com.o(i.DecodeFs) referenced from com.o(i.DecodeFs)
 <LI><a href="#[d7]">DecodeFs</a> from com.o(i.DecodeFs) referenced from com.o(i.EnterFile)
 <LI><a href="#[b5]">ETH_IRQHandler</a> from startup_stm32f2xx.o(.text) referenced from startup_stm32f2xx.o(RESET)
 <LI><a href="#[b6]">ETH_WKUP_IRQHandler</a> from startup_stm32f2xx.o(.text) referenced from startup_stm32f2xx.o(RESET)
 <LI><a href="#[7e]">EXTI0_IRQHandler</a> from startup_stm32f2xx.o(.text) referenced from startup_stm32f2xx.o(RESET)
 <LI><a href="#[a0]">EXTI15_10_IRQHandler</a> from startup_stm32f2xx.o(.text) referenced from startup_stm32f2xx.o(RESET)
 <LI><a href="#[7f]">EXTI1_IRQHandler</a> from startup_stm32f2xx.o(.text) referenced from startup_stm32f2xx.o(RESET)
 <LI><a href="#[80]">EXTI2_IRQHandler</a> from startup_stm32f2xx.o(.text) referenced from startup_stm32f2xx.o(RESET)
 <LI><a href="#[81]">EXTI3_IRQHandler</a> from startup_stm32f2xx.o(.text) referenced from startup_stm32f2xx.o(RESET)
 <LI><a href="#[82]">EXTI4_IRQHandler</a> from startup_stm32f2xx.o(.text) referenced from startup_stm32f2xx.o(RESET)
 <LI><a href="#[8f]">EXTI9_5_IRQHandler</a> from startup_stm32f2xx.o(.text) referenced from startup_stm32f2xx.o(RESET)
 <LI><a href="#[1b4]">EnterFile</a> from com.o(i.EnterFile) referenced from com.o(i.EnterFile)
 <LI><a href="#[7c]">FLASH_IRQHandler</a> from startup_stm32f2xx.o(.text) referenced from startup_stm32f2xx.o(RESET)
 <LI><a href="#[a8]">FSMC_IRQHandler</a> from startup_stm32f2xx.o(.text) referenced from startup_stm32f2xx.o(RESET)
 <LI><a href="#[c8]">HASH_RNG_IRQHandler</a> from startup_stm32f2xx.o(.text) referenced from startup_stm32f2xx.o(RESET)
 <LI><a href="#[70]">HardFault_Handler</a> from startup_stm32f2xx.o(.text) referenced from startup_stm32f2xx.o(RESET)
 <LI><a href="#[98]">I2C1_ER_IRQHandler</a> from startup_stm32f2xx.o(.text) referenced from startup_stm32f2xx.o(RESET)
 <LI><a href="#[97]">I2C1_EV_IRQHandler</a> from startup_stm32f2xx.o(.text) referenced from startup_stm32f2xx.o(RESET)
 <LI><a href="#[9a]">I2C2_ER_IRQHandler</a> from startup_stm32f2xx.o(.text) referenced from startup_stm32f2xx.o(RESET)
 <LI><a href="#[99]">I2C2_EV_IRQHandler</a> from startup_stm32f2xx.o(.text) referenced from startup_stm32f2xx.o(RESET)
 <LI><a href="#[c1]">I2C3_ER_IRQHandler</a> from startup_stm32f2xx.o(.text) referenced from startup_stm32f2xx.o(RESET)
 <LI><a href="#[c0]">I2C3_EV_IRQHandler</a> from startup_stm32f2xx.o(.text) referenced from startup_stm32f2xx.o(RESET)
 <LI><a href="#[71]">MemManage_Handler</a> from startup_stm32f2xx.o(.text) referenced from startup_stm32f2xx.o(RESET)
 <LI><a href="#[6f]">NMI_Handler</a> from startup_stm32f2xx.o(.text) referenced from startup_stm32f2xx.o(RESET)
 <LI><a href="#[bb]">OTG_FS_IRQHandler</a> from isr.o(i.OTG_FS_IRQHandler) referenced from startup_stm32f2xx.o(RESET)
 <LI><a href="#[a2]">OTG_FS_WKUP_IRQHandler</a> from startup_stm32f2xx.o(.text) referenced from startup_stm32f2xx.o(RESET)
 <LI><a href="#[c3]">OTG_HS_EP1_IN_IRQHandler</a> from startup_stm32f2xx.o(.text) referenced from startup_stm32f2xx.o(RESET)
 <LI><a href="#[c2]">OTG_HS_EP1_OUT_IRQHandler</a> from startup_stm32f2xx.o(.text) referenced from startup_stm32f2xx.o(RESET)
 <LI><a href="#[c5]">OTG_HS_IRQHandler</a> from startup_stm32f2xx.o(.text) referenced from startup_stm32f2xx.o(RESET)
 <LI><a href="#[c4]">OTG_HS_WKUP_IRQHandler</a> from startup_stm32f2xx.o(.text) referenced from startup_stm32f2xx.o(RESET)
 <LI><a href="#[79]">PVD_IRQHandler</a> from startup_stm32f2xx.o(.text) referenced from startup_stm32f2xx.o(RESET)
 <LI><a href="#[db]">ParseCom</a> from app.o(i.ParseCom) referenced from usbd_cdc_vcp.o(i.VCP_DeInit)
 <LI><a href="#[db]">ParseCom</a> from app.o(i.ParseCom) referenced from usbd_cdc_vcp.o(i.VCP_Init)
 <LI><a href="#[db]">ParseCom</a> from app.o(i.ParseCom) referenced from can.o(i._ZN4_CAN5ParseEPv)
 <LI><a href="#[db]">ParseCom</a> from app.o(i.ParseCom) referenced from app.o(i._thread_init)
 <LI><a href="#[76]">PendSV_Handler</a> from startup_stm32f2xx.o(.text) referenced from startup_stm32f2xx.o(RESET)
 <LI><a href="#[7d]">RCC_IRQHandler</a> from startup_stm32f2xx.o(.text) referenced from startup_stm32f2xx.o(RESET)
 <LI><a href="#[a1]">RTC_Alarm_IRQHandler</a> from startup_stm32f2xx.o(.text) referenced from startup_stm32f2xx.o(RESET)
 <LI><a href="#[7b]">RTC_WKUP_IRQHandler</a> from startup_stm32f2xx.o(.text) referenced from startup_stm32f2xx.o(RESET)
 <LI><a href="#[6e]">Reset_Handler</a> from startup_stm32f2xx.o(.text) referenced from startup_stm32f2xx.o(RESET)
 <LI><a href="#[a9]">SDIO_IRQHandler</a> from startup_stm32f2xx.o(.text) referenced from startup_stm32f2xx.o(RESET)
 <LI><a href="#[9b]">SPI1_IRQHandler</a> from startup_stm32f2xx.o(.text) referenced from startup_stm32f2xx.o(RESET)
 <LI><a href="#[9c]">SPI2_IRQHandler</a> from startup_stm32f2xx.o(.text) referenced from startup_stm32f2xx.o(RESET)
 <LI><a href="#[ab]">SPI3_IRQHandler</a> from startup_stm32f2xx.o(.text) referenced from startup_stm32f2xx.o(RESET)
 <LI><a href="#[24]">STORAGE_GetCapacity</a> from usbd_storage_msd.o(i.STORAGE_GetCapacity) referenced 2 times from usbd_storage_msd.o(.data)
 <LI><a href="#[29]">STORAGE_GetMaxLun</a> from usbd_storage_msd.o(i.STORAGE_GetMaxLun) referenced 2 times from usbd_storage_msd.o(.data)
 <LI><a href="#[23]">STORAGE_Init</a> from usbd_storage_msd.o(i.STORAGE_Init) referenced 2 times from usbd_storage_msd.o(.data)
 <LI><a href="#[25]">STORAGE_IsReady</a> from usbd_storage_msd.o(i.STORAGE_IsReady) referenced 2 times from usbd_storage_msd.o(.data)
 <LI><a href="#[26]">STORAGE_IsWriteProtected</a> from usbd_storage_msd.o(i.STORAGE_IsWriteProtected) referenced 2 times from usbd_storage_msd.o(.data)
 <LI><a href="#[27]">STORAGE_Read</a> from usbd_storage_msd.o(i.STORAGE_Read) referenced 2 times from usbd_storage_msd.o(.data)
 <LI><a href="#[28]">STORAGE_Write</a> from usbd_storage_msd.o(i.STORAGE_Write) referenced 2 times from usbd_storage_msd.o(.data)
 <LI><a href="#[74]">SVC_Handler</a> from startup_stm32f2xx.o(.text) referenced from startup_stm32f2xx.o(RESET)
 <LI><a href="#[77]">SysTick_Handler</a> from isr.o(i.SysTick_Handler) referenced from startup_stm32f2xx.o(RESET)
 <LI><a href="#[ca]">SystemInit</a> from system_stm32f2xx.o(i.SystemInit) referenced from startup_stm32f2xx.o(.text)
 <LI><a href="#[7a]">TAMP_STAMP_IRQHandler</a> from startup_stm32f2xx.o(.text) referenced from startup_stm32f2xx.o(RESET)
 <LI><a href="#[90]">TIM1_BRK_TIM9_IRQHandler</a> from startup_stm32f2xx.o(.text) referenced from startup_stm32f2xx.o(RESET)
 <LI><a href="#[93]">TIM1_CC_IRQHandler</a> from startup_stm32f2xx.o(.text) referenced from startup_stm32f2xx.o(RESET)
 <LI><a href="#[92]">TIM1_TRG_COM_TIM11_IRQHandler</a> from startup_stm32f2xx.o(.text) referenced from startup_stm32f2xx.o(RESET)
 <LI><a href="#[91]">TIM1_UP_TIM10_IRQHandler</a> from startup_stm32f2xx.o(.text) referenced from startup_stm32f2xx.o(RESET)
 <LI><a href="#[94]">TIM2_IRQHandler</a> from pyro.o(i.TIM2_IRQHandler) referenced from startup_stm32f2xx.o(RESET)
 <LI><a href="#[95]">TIM3_IRQHandler</a> from startup_stm32f2xx.o(.text) referenced from startup_stm32f2xx.o(RESET)
 <LI><a href="#[96]">TIM4_IRQHandler</a> from startup_stm32f2xx.o(.text) referenced from startup_stm32f2xx.o(RESET)
 <LI><a href="#[aa]">TIM5_IRQHandler</a> from startup_stm32f2xx.o(.text) referenced from startup_stm32f2xx.o(RESET)
 <LI><a href="#[ae]">TIM6_DAC_IRQHandler</a> from startup_stm32f2xx.o(.text) referenced from startup_stm32f2xx.o(RESET)
 <LI><a href="#[af]">TIM7_IRQHandler</a> from startup_stm32f2xx.o(.text) referenced from startup_stm32f2xx.o(RESET)
 <LI><a href="#[a3]">TIM8_BRK_TIM12_IRQHandler</a> from startup_stm32f2xx.o(.text) referenced from startup_stm32f2xx.o(RESET)
 <LI><a href="#[a6]">TIM8_CC_IRQHandler</a> from startup_stm32f2xx.o(.text) referenced from startup_stm32f2xx.o(RESET)
 <LI><a href="#[a5]">TIM8_TRG_COM_TIM14_IRQHandler</a> from startup_stm32f2xx.o(.text) referenced from startup_stm32f2xx.o(RESET)
 <LI><a href="#[a4]">TIM8_UP_TIM13_IRQHandler</a> from startup_stm32f2xx.o(.text) referenced from startup_stm32f2xx.o(RESET)
 <LI><a href="#[ac]">UART4_IRQHandler</a> from startup_stm32f2xx.o(.text) referenced from startup_stm32f2xx.o(RESET)
 <LI><a href="#[ad]">UART5_IRQHandler</a> from startup_stm32f2xx.o(.text) referenced from startup_stm32f2xx.o(RESET)
 <LI><a href="#[9d]">USART1_IRQHandler</a> from usart.o(i.USART1_IRQHandler) referenced from startup_stm32f2xx.o(RESET)
 <LI><a href="#[9e]">USART2_IRQHandler</a> from startup_stm32f2xx.o(.text) referenced from startup_stm32f2xx.o(RESET)
 <LI><a href="#[9f]">USART3_IRQHandler</a> from startup_stm32f2xx.o(.text) referenced from startup_stm32f2xx.o(RESET)
 <LI><a href="#[bf]">USART6_IRQHandler</a> from startup_stm32f2xx.o(.text) referenced from startup_stm32f2xx.o(RESET)
 <LI><a href="#[3d]">USBD_DataInStage</a> from usbd_core.o(i.USBD_DataInStage) referenced 2 times from usbd_core.o(.data)
 <LI><a href="#[3c]">USBD_DataOutStage</a> from usbd_core.o(i.USBD_DataOutStage) referenced 2 times from usbd_core.o(.data)
 <LI><a href="#[43]">USBD_IsoINIncomplete</a> from usbd_core.o(i.USBD_IsoINIncomplete) referenced 2 times from usbd_core.o(.data)
 <LI><a href="#[44]">USBD_IsoOUTIncomplete</a> from usbd_core.o(i.USBD_IsoOUTIncomplete) referenced 2 times from usbd_core.o(.data)
 <LI><a href="#[53]">USBD_MSC_ConfigStrDescriptor</a> from usbd_msc_desc.o(i.USBD_MSC_ConfigStrDescriptor) referenced 2 times from usbd_msc_desc.o(.data)
 <LI><a href="#[4b]">USBD_MSC_DataIn</a> from usbd_msc_core.o(i.USBD_MSC_DataIn) referenced 2 times from usbd_msc_core.o(.data)
 <LI><a href="#[4c]">USBD_MSC_DataOut</a> from usbd_msc_core.o(i.USBD_MSC_DataOut) referenced 2 times from usbd_msc_core.o(.data)
 <LI><a href="#[49]">USBD_MSC_DeInit</a> from usbd_msc_core.o(i.USBD_MSC_DeInit) referenced 2 times from usbd_msc_core.o(.data)
 <LI><a href="#[17]">USBD_MSC_DeviceConfigured</a> from usbd_usr.o(i.USBD_MSC_DeviceConfigured) referenced 2 times from usbd_usr.o(.data)
 <LI><a href="#[1a]">USBD_MSC_DeviceConnected</a> from usbd_usr.o(i.USBD_MSC_DeviceConnected) referenced 2 times from usbd_usr.o(.data)
 <LI><a href="#[4e]">USBD_MSC_DeviceDescriptor</a> from usbd_msc_desc.o(i.USBD_MSC_DeviceDescriptor) referenced 2 times from usbd_msc_desc.o(.data)
 <LI><a href="#[1b]">USBD_MSC_DeviceDisconnected</a> from usbd_usr.o(i.USBD_MSC_DeviceDisconnected) referenced 2 times from usbd_usr.o(.data)
 <LI><a href="#[15]">USBD_MSC_DeviceInit</a> from usbd_usr.o(i.USBD_MSC_DeviceInit) referenced 2 times from usbd_usr.o(.data)
 <LI><a href="#[16]">USBD_MSC_DeviceReset</a> from usbd_usr.o(i.USBD_MSC_DeviceReset) referenced 2 times from usbd_usr.o(.data)
 <LI><a href="#[19]">USBD_MSC_DeviceResumed</a> from usbd_usr.o(i.USBD_MSC_DeviceResumed) referenced 2 times from usbd_usr.o(.data)
 <LI><a href="#[18]">USBD_MSC_DeviceSuspended</a> from usbd_usr.o(i.USBD_MSC_DeviceSuspended) referenced 2 times from usbd_usr.o(.data)
 <LI><a href="#[4d]">USBD_MSC_GetCfgDesc</a> from usbd_msc_core.o(i.USBD_MSC_GetCfgDesc) referenced 2 times from usbd_msc_core.o(.data)
 <LI><a href="#[48]">USBD_MSC_Init</a> from usbd_msc_core.o(i.USBD_MSC_Init) referenced 2 times from usbd_msc_core.o(.data)
 <LI><a href="#[54]">USBD_MSC_InterfaceStrDescriptor</a> from usbd_msc_desc.o(i.USBD_MSC_InterfaceStrDescriptor) referenced 2 times from usbd_msc_desc.o(.data)
 <LI><a href="#[4f]">USBD_MSC_LangIDStrDescriptor</a> from usbd_msc_desc.o(i.USBD_MSC_LangIDStrDescriptor) referenced 2 times from usbd_msc_desc.o(.data)
 <LI><a href="#[50]">USBD_MSC_ManufacturerStrDescriptor</a> from usbd_msc_desc.o(i.USBD_MSC_ManufacturerStrDescriptor) referenced 2 times from usbd_msc_desc.o(.data)
 <LI><a href="#[51]">USBD_MSC_ProductStrDescriptor</a> from usbd_msc_desc.o(i.USBD_MSC_ProductStrDescriptor) referenced 2 times from usbd_msc_desc.o(.data)
 <LI><a href="#[52]">USBD_MSC_SerialStrDescriptor</a> from usbd_msc_desc.o(i.USBD_MSC_SerialStrDescriptor) referenced 2 times from usbd_msc_desc.o(.data)
 <LI><a href="#[4a]">USBD_MSC_Setup</a> from usbd_msc_core.o(i.USBD_MSC_Setup) referenced 2 times from usbd_msc_core.o(.data)
 <LI><a href="#[40]">USBD_Reset</a> from usbd_core.o(i.USBD_Reset) referenced 2 times from usbd_core.o(.data)
 <LI><a href="#[42]">USBD_Resume</a> from usbd_core.o(i.USBD_Resume) referenced 2 times from usbd_core.o(.data)
 <LI><a href="#[3f]">USBD_SOF</a> from usbd_core.o(i.USBD_SOF) referenced 2 times from usbd_core.o(.data)
 <LI><a href="#[3e]">USBD_SetupStage</a> from usbd_core.o(i.USBD_SetupStage) referenced 2 times from usbd_core.o(.data)
 <LI><a href="#[41]">USBD_Suspend</a> from usbd_core.o(i.USBD_Suspend) referenced 2 times from usbd_core.o(.data)
 <LI><a href="#[62]">USBD_VCP_ConfigStrDescriptor</a> from usbd_vcp_desc.o(i.USBD_VCP_ConfigStrDescriptor) referenced 2 times from usbd_vcp_desc.o(.data)
 <LI><a href="#[1e]">USBD_VCP_DeviceConfigured</a> from usbd_usr.o(i.USBD_VCP_DeviceConfigured) referenced 2 times from usbd_usr.o(.data)
 <LI><a href="#[21]">USBD_VCP_DeviceConnected</a> from usbd_usr.o(i.USBD_VCP_DeviceConnected) referenced 2 times from usbd_usr.o(.data)
 <LI><a href="#[5d]">USBD_VCP_DeviceDescriptor</a> from usbd_vcp_desc.o(i.USBD_VCP_DeviceDescriptor) referenced 2 times from usbd_vcp_desc.o(.data)
 <LI><a href="#[22]">USBD_VCP_DeviceDisconnected</a> from usbd_usr.o(i.USBD_VCP_DeviceDisconnected) referenced 2 times from usbd_usr.o(.data)
 <LI><a href="#[1c]">USBD_VCP_DeviceInit</a> from usbd_usr.o(i.USBD_VCP_DeviceInit) referenced 2 times from usbd_usr.o(.data)
 <LI><a href="#[1d]">USBD_VCP_DeviceReset</a> from usbd_usr.o(i.USBD_VCP_DeviceReset) referenced 2 times from usbd_usr.o(.data)
 <LI><a href="#[20]">USBD_VCP_DeviceResumed</a> from usbd_usr.o(i.USBD_VCP_DeviceResumed) referenced 2 times from usbd_usr.o(.data)
 <LI><a href="#[1f]">USBD_VCP_DeviceSuspended</a> from usbd_usr.o(i.USBD_VCP_DeviceSuspended) referenced 2 times from usbd_usr.o(.data)
 <LI><a href="#[63]">USBD_VCP_InterfaceStrDescriptor</a> from usbd_vcp_desc.o(i.USBD_VCP_InterfaceStrDescriptor) referenced 2 times from usbd_vcp_desc.o(.data)
 <LI><a href="#[5e]">USBD_VCP_LangIDStrDescriptor</a> from usbd_vcp_desc.o(i.USBD_VCP_LangIDStrDescriptor) referenced 2 times from usbd_vcp_desc.o(.data)
 <LI><a href="#[5f]">USBD_VCP_ManufacturerStrDescriptor</a> from usbd_vcp_desc.o(i.USBD_VCP_ManufacturerStrDescriptor) referenced 2 times from usbd_vcp_desc.o(.data)
 <LI><a href="#[60]">USBD_VCP_ProductStrDescriptor</a> from usbd_vcp_desc.o(i.USBD_VCP_ProductStrDescriptor) referenced 2 times from usbd_vcp_desc.o(.data)
 <LI><a href="#[61]">USBD_VCP_SerialStrDescriptor</a> from usbd_vcp_desc.o(i.USBD_VCP_SerialStrDescriptor) referenced 2 times from usbd_vcp_desc.o(.data)
 <LI><a href="#[5c]">USBD_cdc_GetCfgDesc</a> from usbd_cdc_core.o(i.USBD_cdc_GetCfgDesc) referenced 2 times from usbd_cdc_core.o(.data)
 <LI><a href="#[46]">USBH_Connected</a> from usbh_core.o(i.USBH_Connected) referenced 2 times from usbh_core.o(.data)
 <LI><a href="#[47]">USBH_Disconnected</a> from usbh_core.o(i.USBH_Disconnected) referenced 2 times from usbh_core.o(.data)
 <LI><a href="#[d6]">USBH_Iap</a> from com.o(i.USBH_Iap) referenced from com.o(i.DecodeMinus)
 <LI><a href="#[6b]">USBH_MSC_ClassRequest</a> from usbh_msc_core.o(i.USBH_MSC_ClassRequest) referenced 2 times from usbh_msc_core.o(.data)
 <LI><a href="#[6c]">USBH_MSC_Handle</a> from usbh_msc_core.o(i.USBH_MSC_Handle) referenced 2 times from usbh_msc_core.o(.data)
 <LI><a href="#[6a]">USBH_MSC_InterfaceDeInit</a> from usbh_msc_core.o(i.USBH_MSC_InterfaceDeInit) referenced 2 times from usbh_msc_core.o(.data)
 <LI><a href="#[69]">USBH_MSC_InterfaceInit</a> from usbh_msc_core.o(i.USBH_MSC_InterfaceInit) referenced 2 times from usbh_msc_core.o(.data)
 <LI><a href="#[45]">USBH_SOF</a> from usbh_core.o(i.USBH_SOF) referenced 2 times from usbh_core.o(.data)
 <LI><a href="#[33]">USBH_USR_Configuration_DescAvailable</a> from usbh_msc_usr.o(i.USBH_USR_Configuration_DescAvailable) referenced 2 times from usbh_msc_usr.o(.data)
 <LI><a href="#[2b]">USBH_USR_DeInit</a> from usbh_msc_usr.o(i.USBH_USR_DeInit) referenced 2 times from usbh_msc_usr.o(.data)
 <LI><a href="#[32]">USBH_USR_DeviceAddressAssigned</a> from usbh_msc_usr.o(i.USBH_USR_DeviceAddressAssigned) referenced 2 times from usbh_msc_usr.o(.data)
 <LI><a href="#[2c]">USBH_USR_DeviceAttached</a> from usbh_msc_usr.o(i.USBH_USR_DeviceAttached) referenced 2 times from usbh_msc_usr.o(.data)
 <LI><a href="#[2e]">USBH_USR_DeviceDisconnected</a> from usbh_msc_usr.o(i.USBH_USR_DeviceDisconnected) referenced 2 times from usbh_msc_usr.o(.data)
 <LI><a href="#[3a]">USBH_USR_DeviceNotSupported</a> from usbh_msc_usr.o(i.USBH_USR_DeviceNotSupported) referenced 2 times from usbh_msc_usr.o(.data)
 <LI><a href="#[30]">USBH_USR_DeviceSpeedDetected</a> from usbh_msc_usr.o(i.USBH_USR_DeviceSpeedDetected) referenced 2 times from usbh_msc_usr.o(.data)
 <LI><a href="#[31]">USBH_USR_Device_DescAvailable</a> from usbh_msc_usr.o(i.USBH_USR_Device_DescAvailable) referenced 2 times from usbh_msc_usr.o(.data)
 <LI><a href="#[37]">USBH_USR_EnumerationDone</a> from usbh_msc_usr.o(i.USBH_USR_EnumerationDone) referenced 2 times from usbh_msc_usr.o(.data)
 <LI><a href="#[2a]">USBH_USR_Init</a> from usbh_msc_usr.o(i.USBH_USR_Init) referenced 2 times from usbh_msc_usr.o(.data)
 <LI><a href="#[39]">USBH_USR_MSC_Application</a> from usbh_msc_usr.o(i.USBH_USR_MSC_Application) referenced 2 times from usbh_msc_usr.o(.data)
 <LI><a href="#[34]">USBH_USR_Manufacturer_String</a> from usbh_msc_usr.o(i.USBH_USR_Manufacturer_String) referenced 2 times from usbh_msc_usr.o(.data)
 <LI><a href="#[2f]">USBH_USR_OverCurrentDetected</a> from usbh_msc_usr.o(i.USBH_USR_OverCurrentDetected) referenced 2 times from usbh_msc_usr.o(.data)
 <LI><a href="#[35]">USBH_USR_Product_String</a> from usbh_msc_usr.o(i.USBH_USR_Product_String) referenced 2 times from usbh_msc_usr.o(.data)
 <LI><a href="#[2d]">USBH_USR_ResetDevice</a> from usbh_msc_usr.o(i.USBH_USR_ResetDevice) referenced 2 times from usbh_msc_usr.o(.data)
 <LI><a href="#[36]">USBH_USR_SerialNum_String</a> from usbh_msc_usr.o(i.USBH_USR_SerialNum_String) referenced 2 times from usbh_msc_usr.o(.data)
 <LI><a href="#[3b]">USBH_USR_UnrecoveredError</a> from usbh_msc_usr.o(i.USBH_USR_UnrecoveredError) referenced 2 times from usbh_msc_usr.o(.data)
 <LI><a href="#[38]">USBH_USR_UserInput</a> from usbh_msc_usr.o(i.USBH_USR_UserInput) referenced 2 times from usbh_msc_usr.o(.data)
 <LI><a href="#[da]">USBHost</a> from usbh_msc_usr.o(i.USBHost) referenced from usbd_usr.o(i.Initialize_device_msc)
 <LI><a href="#[da]">USBHost</a> from usbh_msc_usr.o(i.USBHost) referenced from usbd_usr.o(i.Initialize_device_vcp)
 <LI><a href="#[da]">USBHost</a> from usbh_msc_usr.o(i.USBHost) referenced from usbh_msc_usr.o(i.Initialize_host_msc)
 <LI><a href="#[73]">UsageFault_Handler</a> from startup_stm32f2xx.o(.text) referenced from startup_stm32f2xx.o(RESET)
 <LI><a href="#[66]">VCP_Ctrl</a> from usbd_cdc_vcp.o(i.VCP_Ctrl) referenced 2 times from usbd_cdc_vcp.o(.data)
 <LI><a href="#[68]">VCP_DataRx</a> from usbd_cdc_vcp.o(i.VCP_DataRx) referenced 2 times from usbd_cdc_vcp.o(.data)
 <LI><a href="#[67]">VCP_DataTx</a> from usbd_cdc_vcp.o(i.VCP_DataTx) referenced 2 times from usbd_cdc_vcp.o(.data)
 <LI><a href="#[65]">VCP_DeInit</a> from usbd_cdc_vcp.o(i.VCP_DeInit) referenced 2 times from usbd_cdc_vcp.o(.data)
 <LI><a href="#[64]">VCP_Init</a> from usbd_cdc_vcp.o(i.VCP_Init) referenced 2 times from usbd_cdc_vcp.o(.data)
 <LI><a href="#[78]">WWDG_IRQHandler</a> from startup_stm32f2xx.o(.text) referenced from startup_stm32f2xx.o(RESET)
 <LI><a href="#[fd]">Watchdog</a> from nvic.o(i.Watchdog) referenced from app.o(i._thread_init)
 <LI><a href="#[f5]">__default_new_handler()</a> from newhandler.o(i._Z21__default_new_handlerv) referenced from new.o(i._Znwj)
 <LI><a href="#[ce]">[local to arm_exceptions_c]::__default_terminate_handler()</a> from arm_exceptions_globs.o(.text) referenced from arm_exceptions_globs.o(.text)
 <LI><a href="#[d1]">[local to arm_exceptions_c]::armcpp_exception_cleanup(_Unwind_Reason_Code, _Unwind_Control_Block*)</a> from arm_exceptions_throw.o(.text) referenced from arm_exceptions_throw.o(.text)
 <LI><a href="#[e0]">_LM::Poll(void*)</a> from lm.o(i._ZN3_LM4PollEPv) referenced from lm.o(i._ZN3_LMC1Ev)
 <LI><a href="#[e0]">_LM::Poll(void*)</a> from lm.o(i._ZN3_LM4PollEPv) referenced from lm.o(i._ZN3_LMD1Ev)
 <LI><a href="#[df]">_LM::Print(void*)</a> from lm.o(i._ZN3_LM5PrintEPv) referenced from lm.o(i._ZN3_LM10PlusDecodeEPc)
 <LI><a href="#[df]">_LM::Print(void*)</a> from lm.o(i._ZN3_LM5PrintEPv) referenced from lm.o(i._ZN3_LM11MinusDecodeEPc)
 <LI><a href="#[df]">_LM::Print(void*)</a> from lm.o(i._ZN3_LM5PrintEPv) referenced from lm.o(i._ZN3_LMD1Ev)
 <LI><a href="#[e1]">_LM::Display(void*)</a> from lm.o(i._ZN3_LM7DisplayEPv) referenced from lm.o(i._ZN3_LMC1Ev)
 <LI><a href="#[e1]">_LM::Display(void*)</a> from lm.o(i._ZN3_LM7DisplayEPv) referenced from lm.o(i._ZN3_LMD1Ev)
 <LI><a href="#[102]">__rw::__rw_facet_base::_C_initfacet(const std::locale&)</a> from char.o(i._ZN4__rw15__rw_facet_base12_C_initfacetERKSt6locale) referenced from rwstdexcept.o(.constdata__ZTVNSt6locale5facetE)
 <LI><a href="#[102]">__rw::__rw_facet_base::_C_initfacet(const std::locale&)</a> from char.o(i._ZN4__rw15__rw_facet_base12_C_initfacetERKSt6locale) referenced from rwstdexcept.o(.constdata__ZTVSt8messagesIcE)
 <LI><a href="#[100]">__rw::__rw_facet_maker&lang;std::ctype&lang;char&rang;&rang;::_C_maker_func(int, const char*, unsigned)</a> from rwstdexcept.o(t._ZN4__rw16__rw_facet_makerISt5ctypeIcEE13_C_maker_funcEiPKcj) referenced from rwstdexcept.o(t._ZNKSt8messagesIcE6do_getEiiiRKSs)
 <LI><a href="#[fa]">__rw::__rw_locale_vector&lang;__rw::__rw_cat*&rang;::~__rw_locale_vector()</a> from rwcats.o(t._ZN4__rw18__rw_locale_vectorIPNS_8__rw_catEED1Ev) referenced from rwcats.o(i.__sti___10_rwcats_cpp_64e8068e)
 <LI><a href="#[f4]">__rw::__rw_locale_vector&lang;std::__rw_open_cat_data&rang;::~__rw_locale_vector()</a> from messages.o(t._ZN4__rw18__rw_locale_vectorISt18__rw_open_cat_dataED1Ev) referenced from messages.o(i._ZSt13__rw_get_catsv)
 <LI><a href="#[6d]">__rw::__rw_throw_exception(int, char*)</a> from rwthrowproc_impl.o(i._ZN4__rw20__rw_throw_exceptionEiPc) referenced 2 times from rwthrowproc.o(.data)
 <LI><a href="#[103]">std::__rw_exception::what() const</a> from rwstdexcept.o(i._ZNKSt14__rw_exception4whatEv) referenced from rwthrowproc_impl.o(.constdata__ZTVNSt8ios_base10badbit_setE)
 <LI><a href="#[103]">std::__rw_exception::what() const</a> from rwstdexcept.o(i._ZNKSt14__rw_exception4whatEv) referenced from rwthrowproc_impl.o(.constdata__ZTVNSt8ios_base10eofbit_setE)
 <LI><a href="#[103]">std::__rw_exception::what() const</a> from rwstdexcept.o(i._ZNKSt14__rw_exception4whatEv) referenced from rwthrowproc_impl.o(.constdata__ZTVNSt8ios_base11failbit_setE)
 <LI><a href="#[103]">std::__rw_exception::what() const</a> from rwstdexcept.o(i._ZNKSt14__rw_exception4whatEv) referenced from rwthrowproc_impl.o(.constdata__ZTVNSt8ios_base7failureE)
 <LI><a href="#[103]">std::__rw_exception::what() const</a> from rwstdexcept.o(i._ZNKSt14__rw_exception4whatEv) referenced from rwthrowproc_impl.o(.constdata__ZTVSt11logic_error)
 <LI><a href="#[103]">std::__rw_exception::what() const</a> from rwstdexcept.o(i._ZNKSt14__rw_exception4whatEv) referenced from rwthrowproc_impl.o(.constdata__ZTVSt11range_error)
 <LI><a href="#[103]">std::__rw_exception::what() const</a> from rwstdexcept.o(i._ZNKSt14__rw_exception4whatEv) referenced from rwthrowproc_impl.o(.constdata__ZTVSt12domain_error)
 <LI><a href="#[103]">std::__rw_exception::what() const</a> from rwstdexcept.o(i._ZNKSt14__rw_exception4whatEv) referenced from rwthrowproc_impl.o(.constdata__ZTVSt12length_error)
 <LI><a href="#[103]">std::__rw_exception::what() const</a> from rwstdexcept.o(i._ZNKSt14__rw_exception4whatEv) referenced from rwthrowproc_impl.o(.constdata__ZTVSt12out_of_range)
 <LI><a href="#[103]">std::__rw_exception::what() const</a> from rwstdexcept.o(i._ZNKSt14__rw_exception4whatEv) referenced from rwthrowproc_impl.o(.constdata__ZTVSt13runtime_error)
 <LI><a href="#[103]">std::__rw_exception::what() const</a> from rwstdexcept.o(i._ZNKSt14__rw_exception4whatEv) referenced from rwstdexcept.o(.constdata__ZTVSt14__rw_exception)
 <LI><a href="#[103]">std::__rw_exception::what() const</a> from rwstdexcept.o(i._ZNKSt14__rw_exception4whatEv) referenced from rwthrowproc_impl.o(.constdata__ZTVSt14overflow_error)
 <LI><a href="#[103]">std::__rw_exception::what() const</a> from rwstdexcept.o(i._ZNKSt14__rw_exception4whatEv) referenced from rwthrowproc_impl.o(.constdata__ZTVSt15underflow_error)
 <LI><a href="#[103]">std::__rw_exception::what() const</a> from rwstdexcept.o(i._ZNKSt14__rw_exception4whatEv) referenced from rwthrowproc_impl.o(.constdata__ZTVSt16invalid_argument)
 <LI><a href="#[10d]">std::messages&lang;char&rang;::do_get(int, int, int, const std::basic_string&lang;char, std::char_traits&lang;char&rang;, std::allocator&lang;char&rang;&rang;&) const</a> from rwstdexcept.o(t._ZNKSt8messagesIcE6do_getEiiiRKSs) referenced from rwstdexcept.o(.constdata__ZTVSt8messagesIcE)
 <LI><a href="#[10c]">std::messages&lang;char&rang;::do_open(const std::basic_string&lang;char, std::char_traits&lang;char&rang;, std::allocator&lang;char&rang;&rang;&, const std::locale&) const</a> from rwstdexcept.o(t._ZNKSt8messagesIcE7do_openERKSsRKSt6locale) referenced from rwstdexcept.o(.constdata__ZTVSt8messagesIcE)
 <LI><a href="#[e2]">std::basic_string&lang;char, std::char_traits&lang;char&rang;, std::allocator&lang;char&rang;&rang;::~basic_string()</a> from char.o(t._ZNSsD1Ev) referenced from locale.o(i._ZN4__rw15__rw_locale_impC1EPKcjj)
 <LI><a href="#[e2]">std::basic_string&lang;char, std::char_traits&lang;char&rang;, std::allocator&lang;char&rang;&rang;::~basic_string()</a> from char.o(t._ZNSsD1Ev) referenced from locale.o(t._ZN4__rw18__rw_locale_vectorISsED1Ev)
 <LI><a href="#[d2]">std::bad_typeid::~bad_typeid()</a> from bad_typeid.o(i._ZNSt10bad_typeidD1Ev) referenced from bad_typeid.o(.constdata__ZTVSt10bad_typeid)
 <LI><a href="#[d2]">std::bad_typeid::~bad_typeid()</a> from bad_typeid.o(i._ZNSt10bad_typeidD1Ev) referenced from arm_exceptions_bad_typeid.o(.text)
 <LI><a href="#[e6]">std::logic_error::~logic_error()</a> from rwthrowproc_impl.o(i._ZNSt11logic_errorD1Ev) referenced from rwthrowproc_impl.o(.constdata__ZTVSt11logic_error)
 <LI><a href="#[e6]">std::logic_error::~logic_error()</a> from rwthrowproc_impl.o(i._ZNSt11logic_errorD1Ev) referenced from rwthrowproc_impl.o(i._ZN4__rw20__rw_throw_exceptionEiPc)
 <LI><a href="#[ec]">std::range_error::~range_error()</a> from rwthrowproc_impl.o(i._ZNSt11range_errorD1Ev) referenced from rwthrowproc_impl.o(.constdata__ZTVSt11range_error)
 <LI><a href="#[ec]">std::range_error::~range_error()</a> from rwthrowproc_impl.o(i._ZNSt11range_errorD1Ev) referenced from rwthrowproc_impl.o(i._ZN4__rw20__rw_throw_exceptionEiPc)
 <LI><a href="#[105]">std::ctype_byname&lang;char&rang;::~ctype_byname__deallocating()</a> from char.o(i._ZNSt12ctype_bynameIcED0Ev) referenced from char.o(.constdata__ZTVSt12ctype_bynameIcE)
 <LI><a href="#[104]">std::ctype_byname&lang;char&rang;::~ctype_byname()</a> from char.o(i._ZNSt12ctype_bynameIcED1Ev) referenced from char.o(.constdata__ZTVSt12ctype_bynameIcE)
 <LI><a href="#[e7]">std::domain_error::~domain_error()</a> from rwthrowproc_impl.o(i._ZNSt12domain_errorD1Ev) referenced from rwthrowproc_impl.o(.constdata__ZTVSt12domain_error)
 <LI><a href="#[e7]">std::domain_error::~domain_error()</a> from rwthrowproc_impl.o(i._ZNSt12domain_errorD1Ev) referenced from rwthrowproc_impl.o(i._ZN4__rw20__rw_throw_exceptionEiPc)
 <LI><a href="#[e9]">std::length_error::~length_error()</a> from rwthrowproc_impl.o(i._ZNSt12length_errorD1Ev) referenced from rwthrowproc_impl.o(.constdata__ZTVSt12length_error)
 <LI><a href="#[e9]">std::length_error::~length_error()</a> from rwthrowproc_impl.o(i._ZNSt12length_errorD1Ev) referenced from rwthrowproc_impl.o(i._ZN4__rw20__rw_throw_exceptionEiPc)
 <LI><a href="#[ea]">std::out_of_range::~out_of_range()</a> from rwthrowproc_impl.o(i._ZNSt12out_of_rangeD1Ev) referenced from rwthrowproc_impl.o(.constdata__ZTVSt12out_of_range)
 <LI><a href="#[ea]">std::out_of_range::~out_of_range()</a> from rwthrowproc_impl.o(i._ZNSt12out_of_rangeD1Ev) referenced from rwthrowproc_impl.o(i._ZN4__rw20__rw_throw_exceptionEiPc)
 <LI><a href="#[e4]">std::bad_exception::~bad_exception()</a> from bad_exception_dtor.o(i._ZNSt13bad_exceptionD1Ev) referenced from bad_exception_dtor.o(.constdata__ZTVSt13bad_exception)
 <LI><a href="#[e4]">std::bad_exception::~bad_exception()</a> from bad_exception_dtor.o(i._ZNSt13bad_exceptionD1Ev) referenced from rwthrowproc_impl.o(i._ZN4__rw20__rw_throw_exceptionEiPc)
 <LI><a href="#[eb]">std::runtime_error::~runtime_error()</a> from rwthrowproc_impl.o(i._ZNSt13runtime_errorD1Ev) referenced from rwthrowproc_impl.o(.constdata__ZTVSt13runtime_error)
 <LI><a href="#[eb]">std::runtime_error::~runtime_error()</a> from rwthrowproc_impl.o(i._ZNSt13runtime_errorD1Ev) referenced from rwthrowproc_impl.o(i._ZN4__rw20__rw_throw_exceptionEiPc)
 <LI><a href="#[107]">std::__rw_exception::~__rw_exception()</a> from rwstdexcept.o(i._ZNSt14__rw_exceptionD1Ev) referenced from rwstdexcept.o(.constdata__ZTVSt14__rw_exception)
 <LI><a href="#[ed]">std::overflow_error::~overflow_error()</a> from rwthrowproc_impl.o(i._ZNSt14overflow_errorD1Ev) referenced from rwthrowproc_impl.o(.constdata__ZTVSt14overflow_error)
 <LI><a href="#[ed]">std::overflow_error::~overflow_error()</a> from rwthrowproc_impl.o(i._ZNSt14overflow_errorD1Ev) referenced from rwthrowproc_impl.o(i._ZN4__rw20__rw_throw_exceptionEiPc)
 <LI><a href="#[ee]">std::underflow_error::~underflow_error()</a> from rwthrowproc_impl.o(i._ZNSt15underflow_errorD1Ev) referenced from rwthrowproc_impl.o(.constdata__ZTVSt15underflow_error)
 <LI><a href="#[ee]">std::underflow_error::~underflow_error()</a> from rwthrowproc_impl.o(i._ZNSt15underflow_errorD1Ev) referenced from rwthrowproc_impl.o(i._ZN4__rw20__rw_throw_exceptionEiPc)
 <LI><a href="#[e8]">std::invalid_argument::~invalid_argument()</a> from rwthrowproc_impl.o(i._ZNSt16invalid_argumentD1Ev) referenced from rwthrowproc_impl.o(.constdata__ZTVSt16invalid_argument)
 <LI><a href="#[e8]">std::invalid_argument::~invalid_argument()</a> from rwthrowproc_impl.o(i._ZNSt16invalid_argumentD1Ev) referenced from rwthrowproc_impl.o(i._ZN4__rw20__rw_throw_exceptionEiPc)
 <LI><a href="#[ff]">std::__rw_open_cat_data::__rw_open_cat_data()</a> from messages.o(i._ZNSt18__rw_open_cat_dataC1Ev) referenced from messages.o(t._ZN4__rw18__rw_locale_vectorISt18__rw_open_cat_dataE6resizeEj)
 <LI><a href="#[fe]">std::__rw_open_cat_data::~__rw_open_cat_data()</a> from messages.o(i._ZNSt18__rw_open_cat_dataD1Ev) referenced from messages.o(t._ZN4__rw18__rw_locale_vectorISt18__rw_open_cat_dataE6resizeEj)
 <LI><a href="#[fe]">std::__rw_open_cat_data::~__rw_open_cat_data()</a> from messages.o(i._ZNSt18__rw_open_cat_dataD1Ev) referenced from messages.o(t._ZN4__rw18__rw_locale_vectorISt18__rw_open_cat_dataED1Ev)
 <LI><a href="#[106]">std::ctype&lang;char&rang;::_C_initfacet(const std::locale&)</a> from char.o(i._ZNSt5ctypeIcE12_C_initfacetERKSt6locale) referenced from char.o(.constdata__ZTVSt12ctype_bynameIcE)
 <LI><a href="#[106]">std::ctype&lang;char&rang;::_C_initfacet(const std::locale&)</a> from char.o(i._ZNSt5ctypeIcE12_C_initfacetERKSt6locale) referenced from char.o(.constdata__ZTVSt5ctypeIcE)
 <LI><a href="#[109]">std::ctype&lang;char&rang;::~ctype__deallocating()</a> from char.o(i._ZNSt5ctypeIcED0Ev) referenced from char.o(.constdata__ZTVSt5ctypeIcE)
 <LI><a href="#[108]">std::ctype&lang;char&rang;::~ctype()</a> from char.o(i._ZNSt5ctypeIcED1Ev) referenced from char.o(.constdata__ZTVSt5ctypeIcE)
 <LI><a href="#[101]">std::locale::facet::~facet__deallocating()</a> from rwstdexcept.o(i._ZNSt6locale5facetD0Ev) referenced from rwstdexcept.o(.constdata__ZTVNSt6locale5facetE)
 <LI><a href="#[f3]">std::locale::~locale()</a> from locale.o(i._ZNSt6localeD1Ev) referenced from locale.o(i._ZNSt6locale7classicEv)
 <LI><a href="#[e5]">std::bad_cast::~bad_cast()</a> from bad_cast.o(i._ZNSt8bad_castD1Ev) referenced from bad_cast.o(.constdata__ZTVSt8bad_cast)
 <LI><a href="#[e5]">std::bad_cast::~bad_cast()</a> from bad_cast.o(i._ZNSt8bad_castD1Ev) referenced from rwthrowproc_impl.o(i._ZN4__rw20__rw_throw_exceptionEiPc)
 <LI><a href="#[f0]">std::ios_base::badbit_set::~badbit_set()</a> from rwthrowproc_impl.o(i._ZNSt8ios_base10badbit_setD1Ev) referenced from rwthrowproc_impl.o(.constdata__ZTVNSt8ios_base10badbit_setE)
 <LI><a href="#[f0]">std::ios_base::badbit_set::~badbit_set()</a> from rwthrowproc_impl.o(i._ZNSt8ios_base10badbit_setD1Ev) referenced from rwthrowproc_impl.o(i._ZN4__rw20__rw_throw_exceptionEiPc)
 <LI><a href="#[f1]">std::ios_base::eofbit_set::~eofbit_set()</a> from rwthrowproc_impl.o(i._ZNSt8ios_base10eofbit_setD1Ev) referenced from rwthrowproc_impl.o(.constdata__ZTVNSt8ios_base10eofbit_setE)
 <LI><a href="#[f1]">std::ios_base::eofbit_set::~eofbit_set()</a> from rwthrowproc_impl.o(i._ZNSt8ios_base10eofbit_setD1Ev) referenced from rwthrowproc_impl.o(i._ZN4__rw20__rw_throw_exceptionEiPc)
 <LI><a href="#[ef]">std::ios_base::failbit_set::~failbit_set()</a> from rwthrowproc_impl.o(i._ZNSt8ios_base11failbit_setD1Ev) referenced from rwthrowproc_impl.o(.constdata__ZTVNSt8ios_base11failbit_setE)
 <LI><a href="#[ef]">std::ios_base::failbit_set::~failbit_set()</a> from rwthrowproc_impl.o(i._ZNSt8ios_base11failbit_setD1Ev) referenced from rwthrowproc_impl.o(i._ZN4__rw20__rw_throw_exceptionEiPc)
 <LI><a href="#[f2]">std::ios_base::failure::~failure()</a> from rwthrowproc_impl.o(i._ZNSt8ios_base7failureD1Ev) referenced from rwthrowproc_impl.o(.constdata__ZTVNSt8ios_base7failureE)
 <LI><a href="#[f2]">std::ios_base::failure::~failure()</a> from rwthrowproc_impl.o(i._ZNSt8ios_base7failureD1Ev) referenced from rwthrowproc_impl.o(i._ZN4__rw20__rw_throw_exceptionEiPc)
 <LI><a href="#[10b]">std::messages&lang;char&rang;::~messages__deallocating()</a> from rwstdexcept.o(i._ZNSt8messagesIcED0Ev) referenced from rwstdexcept.o(.constdata__ZTVSt8messagesIcE)
 <LI><a href="#[10a]">std::messages&lang;char&rang;::~messages()</a> from rwstdexcept.o(i._ZNSt8messagesIcED1Ev) referenced from rwstdexcept.o(.constdata__ZTVSt8messagesIcE)
 <LI><a href="#[de]">std::bad_alloc::~bad_alloc()</a> from bad_alloc_dtor.o(i._ZNSt9bad_allocD1Ev) referenced from bad_alloc_dtor.o(.constdata__ZTVSt9bad_alloc)
 <LI><a href="#[de]">std::bad_alloc::~bad_alloc()</a> from bad_alloc_dtor.o(i._ZNSt9bad_allocD1Ev) referenced from newhandler.o(i._Z21__default_new_handlerv)
 <LI><a href="#[de]">std::bad_alloc::~bad_alloc()</a> from bad_alloc_dtor.o(i._ZNSt9bad_allocD1Ev) referenced from rwthrowproc_impl.o(i._ZN4__rw20__rw_throw_exceptionEiPc)
 <LI><a href="#[7]">std::exception::~exception()</a> from exception_dtor.o(i._ZNSt9exceptionD1Ev) referenced from exception_dtor.o(.constdata__ZTVSt9exception)
 <LI><a href="#[7]">std::exception::~exception()</a> from exception_dtor.o(i._ZNSt9exceptionD1Ev) referenced from rwthrowproc_impl.o(i._ZN4__rw20__rw_throw_exceptionEiPc)
 <LI><a href="#[f9]">operator delete[] (void*)</a> from array_del.o(i._ZdaPv) referenced from cxa_vec_new.o(i.__cxa_vec_new)
 <LI><a href="#[fb]">__get</a> from io.o(i.__get) referenced from io.o(i._io_init)
 <LI><a href="#[cb]">__main</a> from entry.o(.ARM.Collect$$$$00000000) referenced from startup_stm32f2xx.o(.text)
 <LI><a href="#[fc]">__put</a> from io.o(i.__put) referenced from io.o(i._io_init)
 <LI><a href="#[10f]">__sti___10_locale_cpp_ff99fc7b</a> from locale.o(i.__sti___10_locale_cpp_ff99fc7b) referenced from locale.o(.init_array)
 <LI><a href="#[110]">__sti___10_rwcats_cpp_64e8068e</a> from rwcats.o(i.__sti___10_rwcats_cpp_64e8068e) referenced from rwcats.o(.init_array)
 <LI><a href="#[10e]">__sti___8_char_cpp_a3dc957a</a> from char.o(i.__sti___8_char_cpp_a3dc957a) referenced from char.o(.init_array)
 <LI><a href="#[d3]">_lightshow</a> from led.o(i._lightshow) referenced from com.o(i.DecodeCom)
 <LI><a href="#[d3]">_lightshow</a> from led.o(i._lightshow) referenced from led.o(i.Initialize_LED)
 <LI><a href="#[cd]">_sbackspace</a> from _sgetc.o(.text) referenced 2 times from __0sscanf.o(.text)
 <LI><a href="#[cf]">_scanf_char_input</a> from scanf_char.o(.text) referenced from scanf_char.o(.text)
 <LI><a href="#[cc]">_sgetc</a> from _sgetc.o(.text) referenced 2 times from __0sscanf.o(.text)
 <LI><a href="#[f8]">_snputc</a> from printfa.o(i._snputc) referenced from printfa.o(i.__0vsnprintf)
 <LI><a href="#[f7]">_sputc</a> from printfa.o(i._sputc) referenced from printfa.o(i.__0sprintf)
 <LI><a href="#[d5]">_thread_loop</a> from appmisc.o(i._thread_loop) referenced from com.o(i.DecodeMinus)
 <LI><a href="#[d5]">_thread_loop</a> from appmisc.o(i._thread_loop) referenced from usb_bsp.o(i.USB_OTG_BSP_mDelay)
 <LI><a href="#[d5]">_thread_loop</a> from appmisc.o(i._thread_loop) referenced from lm.o(i._ZN3_LM6DecodeEPc)
 <LI><a href="#[d5]">_thread_loop</a> from appmisc.o(i._thread_loop) referenced from retarget.o(i.fputc)
 <LI><a href="#[f6]">fputc</a> from retarget.o(i.fputc) referenced from printfa.o(i.__0fprintf)
 <LI><a href="#[f6]">fputc</a> from retarget.o(i.fputc) referenced from printfa.o(i.__0printf)
 <LI><a href="#[d8]">getCOM</a> from usart.o(i.getCOM) referenced from usart.o(i.Initialize_USART)
 <LI><a href="#[dc]">getVCP</a> from usbd_cdc_vcp.o(i.getVCP) referenced from usbd_cdc_vcp.o(i.VCP_Init)
 <LI><a href="#[d0]">isspace</a> from isspace_o.o(.text) referenced from scanf_char.o(.text)
 <LI><a href="#[c9]">main</a> from main.o(i.main) referenced from entry9a.o(.ARM.Collect$$$$0000000B)
 <LI><a href="#[d9]">putCOM</a> from usart.o(i.putCOM) referenced from usart.o(i.Initialize_USART)
 <LI><a href="#[dd]">putVCP</a> from usbd_cdc_vcp.o(i.putVCP) referenced from usbd_cdc_vcp.o(i.VCP_Init)
 <LI><a href="#[59]">usbd_cdc_DataIn</a> from usbd_cdc_core.o(i.usbd_cdc_DataIn) referenced 2 times from usbd_cdc_core.o(.data)
 <LI><a href="#[5a]">usbd_cdc_DataOut</a> from usbd_cdc_core.o(i.usbd_cdc_DataOut) referenced 2 times from usbd_cdc_core.o(.data)
 <LI><a href="#[56]">usbd_cdc_DeInit</a> from usbd_cdc_core.o(i.usbd_cdc_DeInit) referenced 2 times from usbd_cdc_core.o(.data)
 <LI><a href="#[58]">usbd_cdc_EP0_RxReady</a> from usbd_cdc_core.o(i.usbd_cdc_EP0_RxReady) referenced 2 times from usbd_cdc_core.o(.data)
 <LI><a href="#[55]">usbd_cdc_Init</a> from usbd_cdc_core.o(i.usbd_cdc_Init) referenced 2 times from usbd_cdc_core.o(.data)
 <LI><a href="#[5b]">usbd_cdc_SOF</a> from usbd_cdc_core.o(i.usbd_cdc_SOF) referenced 2 times from usbd_cdc_core.o(.data)
 <LI><a href="#[57]">usbd_cdc_Setup</a> from usbd_cdc_core.o(i.usbd_cdc_Setup) referenced 2 times from usbd_cdc_core.o(.data)
</UL>
<P>
<H3>
Global Symbols
</H3>
<P><STRONG><a name="[cb]"></a>__main</STRONG> (Thumb, 0 bytes, Stack size unknown bytes, entry.o(.ARM.Collect$$$$00000000))
<BR>[Address Reference Count : 1]<UL><LI> startup_stm32f2xx.o(.text)
</UL>
<P><STRONG><a name="[3c0]"></a>_main_stk</STRONG> (Thumb, 0 bytes, Stack size unknown bytes, entry2.o(.ARM.Collect$$$$00000001))

<P><STRONG><a name="[112]"></a>_main_scatterload</STRONG> (Thumb, 0 bytes, Stack size unknown bytes, entry5.o(.ARM.Collect$$$$00000004))
<BR><BR>[Calls]<UL><LI><a href="#[113]">&gt;&gt;</a>&nbsp;&nbsp;&nbsp;__scatterload
</UL>

<P><STRONG><a name="[15d]"></a>__main_after_scatterload</STRONG> (Thumb, 0 bytes, Stack size unknown bytes, entry5.o(.ARM.Collect$$$$00000004))
<BR><BR>[Called By]<UL><LI><a href="#[113]">&gt;&gt;</a>&nbsp;&nbsp;&nbsp;__scatterload
</UL>

<P><STRONG><a name="[3c1]"></a>_main_clock</STRONG> (Thumb, 0 bytes, Stack size unknown bytes, entry7b.o(.ARM.Collect$$$$00000008))

<P><STRONG><a name="[114]"></a>_main_cpp_init$empty</STRONG> (Thumb, 0 bytes, Stack size unknown bytes, entry8a.o(.ARM.Collect$$$$00000009))
<BR><BR>[Stack]<UL><LI>Max Depth = 16 + Unknown Stack Size
<LI>Call Chain = _main_cpp_init$empty &rArr; __cpp_initialize__aeabi_
</UL>
<BR>[Calls]<UL><LI><a href="#[111]">&gt;&gt;</a>&nbsp;&nbsp;&nbsp;__cpp_initialize__aeabi_
</UL>

<P><STRONG><a name="[3c2]"></a>_main_cpp_init</STRONG> (Thumb, 0 bytes, Stack size unknown bytes, entry8b.o(.ARM.Collect$$$$0000000A))

<P><STRONG><a name="[3c3]"></a>_main_init</STRONG> (Thumb, 0 bytes, Stack size unknown bytes, entry9a.o(.ARM.Collect$$$$0000000B))

<P><STRONG><a name="[3c4]"></a>__rt_final_cpp</STRONG> (Thumb, 0 bytes, Stack size unknown bytes, entry10a.o(.ARM.Collect$$$$0000000D))

<P><STRONG><a name="[3c5]"></a>__rt_final_exit</STRONG> (Thumb, 0 bytes, Stack size unknown bytes, entry11a.o(.ARM.Collect$$$$0000000F))

<P><STRONG><a name="[115]"></a>arm_biquad_cascade_df1_f32</STRONG> (Thumb, 678 bytes, Stack size 136 bytes, arm_biquad_cascade_df1_f32.o(.text))
<BR><BR>[Stack]<UL><LI>Max Depth = 156<LI>Call Chain = arm_biquad_cascade_df1_f32 &rArr; __aeabi_fadd &rArr; _float_epilogue
</UL>
<BR>[Calls]<UL><LI><a href="#[116]">&gt;&gt;</a>&nbsp;&nbsp;&nbsp;__aeabi_fmul
<LI><a href="#[117]">&gt;&gt;</a>&nbsp;&nbsp;&nbsp;__aeabi_fadd
</UL>
<BR>[Called By]<UL><LI><a href="#[2bd]">&gt;&gt;</a>&nbsp;&nbsp;&nbsp;_PYRO::addSample(int)
</UL>

<P><STRONG><a name="[118]"></a>arm_biquad_cascade_df1_init_f32</STRONG> (Thumb, 22 bytes, Stack size 16 bytes, arm_biquad_cascade_df1_init_f32.o(.text))
<BR><BR>[Stack]<UL><LI>Max Depth = 16<LI>Call Chain = arm_biquad_cascade_df1_init_f32
</UL>
<BR>[Calls]<UL><LI><a href="#[119]">&gt;&gt;</a>&nbsp;&nbsp;&nbsp;__aeabi_memclr4
</UL>
<BR>[Called By]<UL><LI><a href="#[29c]">&gt;&gt;</a>&nbsp;&nbsp;&nbsp;_PYRO::addFilter(char*)
</UL>

<P><STRONG><a name="[11a]"></a>arm_fir_init_f32</STRONG> (Thumb, 28 bytes, Stack size 16 bytes, arm_fir_init_f32.o(.text))
<BR><BR>[Stack]<UL><LI>Max Depth = 16<LI>Call Chain = arm_fir_init_f32
</UL>
<BR>[Calls]<UL><LI><a href="#[119]">&gt;&gt;</a>&nbsp;&nbsp;&nbsp;__aeabi_memclr4
</UL>
<BR>[Called By]<UL><LI><a href="#[2cd]">&gt;&gt;</a>&nbsp;&nbsp;&nbsp;_PYRO::_PYRO()
</UL>

<P><STRONG><a name="[6e]"></a>Reset_Handler</STRONG> (Thumb, 8 bytes, Stack size 0 bytes, startup_stm32f2xx.o(.text))
<BR>[Address Reference Count : 1]<UL><LI> startup_stm32f2xx.o(RESET)
</UL>
<P><STRONG><a name="[6f]"></a>NMI_Handler</STRONG> (Thumb, 2 bytes, Stack size 0 bytes, startup_stm32f2xx.o(.text))
<BR><BR>[Calls]<UL><LI><a href="#[6f]">&gt;&gt;</a>&nbsp;&nbsp;&nbsp;NMI_Handler
</UL>
<BR>[Called By]<UL><LI><a href="#[6f]">&gt;&gt;</a>&nbsp;&nbsp;&nbsp;NMI_Handler
</UL>
<BR>[Address Reference Count : 1]<UL><LI> startup_stm32f2xx.o(RESET)
</UL>
<P><STRONG><a name="[70]"></a>HardFault_Handler</STRONG> (Thumb, 2 bytes, Stack size 0 bytes, startup_stm32f2xx.o(.text))
<BR><BR>[Calls]<UL><LI><a href="#[70]">&gt;&gt;</a>&nbsp;&nbsp;&nbsp;HardFault_Handler
</UL>
<BR>[Called By]<UL><LI><a href="#[70]">&gt;&gt;</a>&nbsp;&nbsp;&nbsp;HardFault_Handler
</UL>
<BR>[Address Reference Count : 1]<UL><LI> startup_stm32f2xx.o(RESET)
</UL>
<P><STRONG><a name="[71]"></a>MemManage_Handler</STRONG> (Thumb, 2 bytes, Stack size 0 bytes, startup_stm32f2xx.o(.text))
<BR><BR>[Calls]<UL><LI><a href="#[71]">&gt;&gt;</a>&nbsp;&nbsp;&nbsp;MemManage_Handler
</UL>
<BR>[Called By]<UL><LI><a href="#[71]">&gt;&gt;</a>&nbsp;&nbsp;&nbsp;MemManage_Handler
</UL>
<BR>[Address Reference Count : 1]<UL><LI> startup_stm32f2xx.o(RESET)
</UL>
<P><STRONG><a name="[72]"></a>BusFault_Handler</STRONG> (Thumb, 2 bytes, Stack size 0 bytes, startup_stm32f2xx.o(.text))
<BR><BR>[Calls]<UL><LI><a href="#[72]">&gt;&gt;</a>&nbsp;&nbsp;&nbsp;BusFault_Handler
</UL>
<BR>[Called By]<UL><LI><a href="#[72]">&gt;&gt;</a>&nbsp;&nbsp;&nbsp;BusFault_Handler
</UL>
<BR>[Address Reference Count : 1]<UL><LI> startup_stm32f2xx.o(RESET)
</UL>
<P><STRONG><a name="[73]"></a>UsageFault_Handler</STRONG> (Thumb, 2 bytes, Stack size 0 bytes, startup_stm32f2xx.o(.text))
<BR><BR>[Calls]<UL><LI><a href="#[73]">&gt;&gt;</a>&nbsp;&nbsp;&nbsp;UsageFault_Handler
</UL>
<BR>[Called By]<UL><LI><a href="#[73]">&gt;&gt;</a>&nbsp;&nbsp;&nbsp;UsageFault_Handler
</UL>
<BR>[Address Reference Count : 1]<UL><LI> startup_stm32f2xx.o(RESET)
</UL>
<P><STRONG><a name="[74]"></a>SVC_Handler</STRONG> (Thumb, 2 bytes, Stack size 0 bytes, startup_stm32f2xx.o(.text))
<BR><BR>[Calls]<UL><LI><a href="#[74]">&gt;&gt;</a>&nbsp;&nbsp;&nbsp;SVC_Handler
</UL>
<BR>[Called By]<UL><LI><a href="#[74]">&gt;&gt;</a>&nbsp;&nbsp;&nbsp;SVC_Handler
</UL>
<BR>[Address Reference Count : 1]<UL><LI> startup_stm32f2xx.o(RESET)
</UL>
<P><STRONG><a name="[75]"></a>DebugMon_Handler</STRONG> (Thumb, 2 bytes, Stack size 0 bytes, startup_stm32f2xx.o(.text))
<BR><BR>[Calls]<UL><LI><a href="#[75]">&gt;&gt;</a>&nbsp;&nbsp;&nbsp;DebugMon_Handler
</UL>
<BR>[Called By]<UL><LI><a href="#[75]">&gt;&gt;</a>&nbsp;&nbsp;&nbsp;DebugMon_Handler
</UL>
<BR>[Address Reference Count : 1]<UL><LI> startup_stm32f2xx.o(RESET)
</UL>
<P><STRONG><a name="[76]"></a>PendSV_Handler</STRONG> (Thumb, 2 bytes, Stack size 0 bytes, startup_stm32f2xx.o(.text))
<BR><BR>[Calls]<UL><LI><a href="#[76]">&gt;&gt;</a>&nbsp;&nbsp;&nbsp;PendSV_Handler
</UL>
<BR>[Called By]<UL><LI><a href="#[76]">&gt;&gt;</a>&nbsp;&nbsp;&nbsp;PendSV_Handler
</UL>
<BR>[Address Reference Count : 1]<UL><LI> startup_stm32f2xx.o(RESET)
</UL>
<P><STRONG><a name="[8a]"></a>ADC_IRQHandler</STRONG> (Thumb, 0 bytes, Stack size 0 bytes, startup_stm32f2xx.o(.text))
<BR><BR>[Calls]<UL><LI><a href="#[8a]">&gt;&gt;</a>&nbsp;&nbsp;&nbsp;ADC_IRQHandler
</UL>
<BR>[Called By]<UL><LI><a href="#[8a]">&gt;&gt;</a>&nbsp;&nbsp;&nbsp;ADC_IRQHandler
</UL>
<BR>[Address Reference Count : 1]<UL><LI> startup_stm32f2xx.o(RESET)
</UL>
<P><STRONG><a name="[8d]"></a>CAN1_RX1_IRQHandler</STRONG> (Thumb, 0 bytes, Stack size 0 bytes, startup_stm32f2xx.o(.text))
<BR>[Address Reference Count : 1]<UL><LI> startup_stm32f2xx.o(RESET)
</UL>
<P><STRONG><a name="[b9]"></a>CAN2_RX1_IRQHandler</STRONG> (Thumb, 0 bytes, Stack size 0 bytes, startup_stm32f2xx.o(.text))
<BR>[Address Reference Count : 1]<UL><LI> startup_stm32f2xx.o(RESET)
</UL>
<P><STRONG><a name="[c7]"></a>CRYP_IRQHandler</STRONG> (Thumb, 0 bytes, Stack size 0 bytes, startup_stm32f2xx.o(.text))
<BR>[Address Reference Count : 1]<UL><LI> startup_stm32f2xx.o(RESET)
</UL>
<P><STRONG><a name="[c6]"></a>DCMI_IRQHandler</STRONG> (Thumb, 0 bytes, Stack size 0 bytes, startup_stm32f2xx.o(.text))
<BR>[Address Reference Count : 1]<UL><LI> startup_stm32f2xx.o(RESET)
</UL>
<P><STRONG><a name="[83]"></a>DMA1_Stream0_IRQHandler</STRONG> (Thumb, 0 bytes, Stack size 0 bytes, startup_stm32f2xx.o(.text))
<BR>[Address Reference Count : 1]<UL><LI> startup_stm32f2xx.o(RESET)
</UL>
<P><STRONG><a name="[84]"></a>DMA1_Stream1_IRQHandler</STRONG> (Thumb, 0 bytes, Stack size 0 bytes, startup_stm32f2xx.o(.text))
<BR>[Address Reference Count : 1]<UL><LI> startup_stm32f2xx.o(RESET)
</UL>
<P><STRONG><a name="[85]"></a>DMA1_Stream2_IRQHandler</STRONG> (Thumb, 0 bytes, Stack size 0 bytes, startup_stm32f2xx.o(.text))
<BR>[Address Reference Count : 1]<UL><LI> startup_stm32f2xx.o(RESET)
</UL>
<P><STRONG><a name="[86]"></a>DMA1_Stream3_IRQHandler</STRONG> (Thumb, 0 bytes, Stack size 0 bytes, startup_stm32f2xx.o(.text))
<BR>[Address Reference Count : 1]<UL><LI> startup_stm32f2xx.o(RESET)
</UL>
<P><STRONG><a name="[87]"></a>DMA1_Stream4_IRQHandler</STRONG> (Thumb, 0 bytes, Stack size 0 bytes, startup_stm32f2xx.o(.text))
<BR>[Address Reference Count : 1]<UL><LI> startup_stm32f2xx.o(RESET)
</UL>
<P><STRONG><a name="[88]"></a>DMA1_Stream5_IRQHandler</STRONG> (Thumb, 0 bytes, Stack size 0 bytes, startup_stm32f2xx.o(.text))
<BR>[Address Reference Count : 1]<UL><LI> startup_stm32f2xx.o(RESET)
</UL>
<P><STRONG><a name="[89]"></a>DMA1_Stream6_IRQHandler</STRONG> (Thumb, 0 bytes, Stack size 0 bytes, startup_stm32f2xx.o(.text))
<BR>[Address Reference Count : 1]<UL><LI> startup_stm32f2xx.o(RESET)
</UL>
<P><STRONG><a name="[a7]"></a>DMA1_Stream7_IRQHandler</STRONG> (Thumb, 0 bytes, Stack size 0 bytes, startup_stm32f2xx.o(.text))
<BR>[Address Reference Count : 1]<UL><LI> startup_stm32f2xx.o(RESET)
</UL>
<P><STRONG><a name="[b0]"></a>DMA2_Stream0_IRQHandler</STRONG> (Thumb, 0 bytes, Stack size 0 bytes, startup_stm32f2xx.o(.text))
<BR>[Address Reference Count : 1]<UL><LI> startup_stm32f2xx.o(RESET)
</UL>
<P><STRONG><a name="[b1]"></a>DMA2_Stream1_IRQHandler</STRONG> (Thumb, 0 bytes, Stack size 0 bytes, startup_stm32f2xx.o(.text))
<BR>[Address Reference Count : 1]<UL><LI> startup_stm32f2xx.o(RESET)
</UL>
<P><STRONG><a name="[b2]"></a>DMA2_Stream2_IRQHandler</STRONG> (Thumb, 0 bytes, Stack size 0 bytes, startup_stm32f2xx.o(.text))
<BR>[Address Reference Count : 1]<UL><LI> startup_stm32f2xx.o(RESET)
</UL>
<P><STRONG><a name="[b3]"></a>DMA2_Stream3_IRQHandler</STRONG> (Thumb, 0 bytes, Stack size 0 bytes, startup_stm32f2xx.o(.text))
<BR>[Address Reference Count : 1]<UL><LI> startup_stm32f2xx.o(RESET)
</UL>
<P><STRONG><a name="[b4]"></a>DMA2_Stream4_IRQHandler</STRONG> (Thumb, 0 bytes, Stack size 0 bytes, startup_stm32f2xx.o(.text))
<BR>[Address Reference Count : 1]<UL><LI> startup_stm32f2xx.o(RESET)
</UL>
<P><STRONG><a name="[bc]"></a>DMA2_Stream5_IRQHandler</STRONG> (Thumb, 0 bytes, Stack size 0 bytes, startup_stm32f2xx.o(.text))
<BR>[Address Reference Count : 1]<UL><LI> startup_stm32f2xx.o(RESET)
</UL>
<P><STRONG><a name="[bd]"></a>DMA2_Stream6_IRQHandler</STRONG> (Thumb, 0 bytes, Stack size 0 bytes, startup_stm32f2xx.o(.text))
<BR>[Address Reference Count : 1]<UL><LI> startup_stm32f2xx.o(RESET)
</UL>
<P><STRONG><a name="[be]"></a>DMA2_Stream7_IRQHandler</STRONG> (Thumb, 0 bytes, Stack size 0 bytes, startup_stm32f2xx.o(.text))
<BR>[Address Reference Count : 1]<UL><LI> startup_stm32f2xx.o(RESET)
</UL>
<P><STRONG><a name="[b5]"></a>ETH_IRQHandler</STRONG> (Thumb, 0 bytes, Stack size 0 bytes, startup_stm32f2xx.o(.text))
<BR>[Address Reference Count : 1]<UL><LI> startup_stm32f2xx.o(RESET)
</UL>
<P><STRONG><a name="[b6]"></a>ETH_WKUP_IRQHandler</STRONG> (Thumb, 0 bytes, Stack size 0 bytes, startup_stm32f2xx.o(.text))
<BR>[Address Reference Count : 1]<UL><LI> startup_stm32f2xx.o(RESET)
</UL>
<P><STRONG><a name="[7e]"></a>EXTI0_IRQHandler</STRONG> (Thumb, 0 bytes, Stack size 0 bytes, startup_stm32f2xx.o(.text))
<BR>[Address Reference Count : 1]<UL><LI> startup_stm32f2xx.o(RESET)
</UL>
<P><STRONG><a name="[a0]"></a>EXTI15_10_IRQHandler</STRONG> (Thumb, 0 bytes, Stack size 0 bytes, startup_stm32f2xx.o(.text))
<BR>[Address Reference Count : 1]<UL><LI> startup_stm32f2xx.o(RESET)
</UL>
<P><STRONG><a name="[7f]"></a>EXTI1_IRQHandler</STRONG> (Thumb, 0 bytes, Stack size 0 bytes, startup_stm32f2xx.o(.text))
<BR>[Address Reference Count : 1]<UL><LI> startup_stm32f2xx.o(RESET)
</UL>
<P><STRONG><a name="[80]"></a>EXTI2_IRQHandler</STRONG> (Thumb, 0 bytes, Stack size 0 bytes, startup_stm32f2xx.o(.text))
<BR>[Address Reference Count : 1]<UL><LI> startup_stm32f2xx.o(RESET)
</UL>
<P><STRONG><a name="[81]"></a>EXTI3_IRQHandler</STRONG> (Thumb, 0 bytes, Stack size 0 bytes, startup_stm32f2xx.o(.text))
<BR>[Address Reference Count : 1]<UL><LI> startup_stm32f2xx.o(RESET)
</UL>
<P><STRONG><a name="[82]"></a>EXTI4_IRQHandler</STRONG> (Thumb, 0 bytes, Stack size 0 bytes, startup_stm32f2xx.o(.text))
<BR>[Address Reference Count : 1]<UL><LI> startup_stm32f2xx.o(RESET)
</UL>
<P><STRONG><a name="[8f]"></a>EXTI9_5_IRQHandler</STRONG> (Thumb, 0 bytes, Stack size 0 bytes, startup_stm32f2xx.o(.text))
<BR>[Address Reference Count : 1]<UL><LI> startup_stm32f2xx.o(RESET)
</UL>
<P><STRONG><a name="[7c]"></a>FLASH_IRQHandler</STRONG> (Thumb, 0 bytes, Stack size 0 bytes, startup_stm32f2xx.o(.text))
<BR>[Address Reference Count : 1]<UL><LI> startup_stm32f2xx.o(RESET)
</UL>
<P><STRONG><a name="[a8]"></a>FSMC_IRQHandler</STRONG> (Thumb, 0 bytes, Stack size 0 bytes, startup_stm32f2xx.o(.text))
<BR>[Address Reference Count : 1]<UL><LI> startup_stm32f2xx.o(RESET)
</UL>
<P><STRONG><a name="[c8]"></a>HASH_RNG_IRQHandler</STRONG> (Thumb, 0 bytes, Stack size 0 bytes, startup_stm32f2xx.o(.text))
<BR>[Address Reference Count : 1]<UL><LI> startup_stm32f2xx.o(RESET)
</UL>
<P><STRONG><a name="[98]"></a>I2C1_ER_IRQHandler</STRONG> (Thumb, 0 bytes, Stack size 0 bytes, startup_stm32f2xx.o(.text))
<BR>[Address Reference Count : 1]<UL><LI> startup_stm32f2xx.o(RESET)
</UL>
<P><STRONG><a name="[97]"></a>I2C1_EV_IRQHandler</STRONG> (Thumb, 0 bytes, Stack size 0 bytes, startup_stm32f2xx.o(.text))
<BR>[Address Reference Count : 1]<UL><LI> startup_stm32f2xx.o(RESET)
</UL>
<P><STRONG><a name="[9a]"></a>I2C2_ER_IRQHandler</STRONG> (Thumb, 0 bytes, Stack size 0 bytes, startup_stm32f2xx.o(.text))
<BR>[Address Reference Count : 1]<UL><LI> startup_stm32f2xx.o(RESET)
</UL>
<P><STRONG><a name="[99]"></a>I2C2_EV_IRQHandler</STRONG> (Thumb, 0 bytes, Stack size 0 bytes, startup_stm32f2xx.o(.text))
<BR>[Address Reference Count : 1]<UL><LI> startup_stm32f2xx.o(RESET)
</UL>
<P><STRONG><a name="[c1]"></a>I2C3_ER_IRQHandler</STRONG> (Thumb, 0 bytes, Stack size 0 bytes, startup_stm32f2xx.o(.text))
<BR>[Address Reference Count : 1]<UL><LI> startup_stm32f2xx.o(RESET)
</UL>
<P><STRONG><a name="[c0]"></a>I2C3_EV_IRQHandler</STRONG> (Thumb, 0 bytes, Stack size 0 bytes, startup_stm32f2xx.o(.text))
<BR>[Address Reference Count : 1]<UL><LI> startup_stm32f2xx.o(RESET)
</UL>
<P><STRONG><a name="[a2]"></a>OTG_FS_WKUP_IRQHandler</STRONG> (Thumb, 0 bytes, Stack size 0 bytes, startup_stm32f2xx.o(.text))
<BR>[Address Reference Count : 1]<UL><LI> startup_stm32f2xx.o(RESET)
</UL>
<P><STRONG><a name="[c3]"></a>OTG_HS_EP1_IN_IRQHandler</STRONG> (Thumb, 0 bytes, Stack size 0 bytes, startup_stm32f2xx.o(.text))
<BR>[Address Reference Count : 1]<UL><LI> startup_stm32f2xx.o(RESET)
</UL>
<P><STRONG><a name="[c2]"></a>OTG_HS_EP1_OUT_IRQHandler</STRONG> (Thumb, 0 bytes, Stack size 0 bytes, startup_stm32f2xx.o(.text))
<BR>[Address Reference Count : 1]<UL><LI> startup_stm32f2xx.o(RESET)
</UL>
<P><STRONG><a name="[c5]"></a>OTG_HS_IRQHandler</STRONG> (Thumb, 0 bytes, Stack size 0 bytes, startup_stm32f2xx.o(.text))
<BR>[Address Reference Count : 1]<UL><LI> startup_stm32f2xx.o(RESET)
</UL>
<P><STRONG><a name="[c4]"></a>OTG_HS_WKUP_IRQHandler</STRONG> (Thumb, 0 bytes, Stack size 0 bytes, startup_stm32f2xx.o(.text))
<BR>[Address Reference Count : 1]<UL><LI> startup_stm32f2xx.o(RESET)
</UL>
<P><STRONG><a name="[79]"></a>PVD_IRQHandler</STRONG> (Thumb, 0 bytes, Stack size 0 bytes, startup_stm32f2xx.o(.text))
<BR>[Address Reference Count : 1]<UL><LI> startup_stm32f2xx.o(RESET)
</UL>
<P><STRONG><a name="[7d]"></a>RCC_IRQHandler</STRONG> (Thumb, 0 bytes, Stack size 0 bytes, startup_stm32f2xx.o(.text))
<BR>[Address Reference Count : 1]<UL><LI> startup_stm32f2xx.o(RESET)
</UL>
<P><STRONG><a name="[a1]"></a>RTC_Alarm_IRQHandler</STRONG> (Thumb, 0 bytes, Stack size 0 bytes, startup_stm32f2xx.o(.text))
<BR>[Address Reference Count : 1]<UL><LI> startup_stm32f2xx.o(RESET)
</UL>
<P><STRONG><a name="[7b]"></a>RTC_WKUP_IRQHandler</STRONG> (Thumb, 0 bytes, Stack size 0 bytes, startup_stm32f2xx.o(.text))
<BR>[Address Reference Count : 1]<UL><LI> startup_stm32f2xx.o(RESET)
</UL>
<P><STRONG><a name="[a9]"></a>SDIO_IRQHandler</STRONG> (Thumb, 0 bytes, Stack size 0 bytes, startup_stm32f2xx.o(.text))
<BR>[Address Reference Count : 1]<UL><LI> startup_stm32f2xx.o(RESET)
</UL>
<P><STRONG><a name="[9b]"></a>SPI1_IRQHandler</STRONG> (Thumb, 0 bytes, Stack size 0 bytes, startup_stm32f2xx.o(.text))
<BR>[Address Reference Count : 1]<UL><LI> startup_stm32f2xx.o(RESET)
</UL>
<P><STRONG><a name="[9c]"></a>SPI2_IRQHandler</STRONG> (Thumb, 0 bytes, Stack size 0 bytes, startup_stm32f2xx.o(.text))
<BR>[Address Reference Count : 1]<UL><LI> startup_stm32f2xx.o(RESET)
</UL>
<P><STRONG><a name="[ab]"></a>SPI3_IRQHandler</STRONG> (Thumb, 0 bytes, Stack size 0 bytes, startup_stm32f2xx.o(.text))
<BR>[Address Reference Count : 1]<UL><LI> startup_stm32f2xx.o(RESET)
</UL>
<P><STRONG><a name="[7a]"></a>TAMP_STAMP_IRQHandler</STRONG> (Thumb, 0 bytes, Stack size 0 bytes, startup_stm32f2xx.o(.text))
<BR>[Address Reference Count : 1]<UL><LI> startup_stm32f2xx.o(RESET)
</UL>
<P><STRONG><a name="[90]"></a>TIM1_BRK_TIM9_IRQHandler</STRONG> (Thumb, 0 bytes, Stack size 0 bytes, startup_stm32f2xx.o(.text))
<BR>[Address Reference Count : 1]<UL><LI> startup_stm32f2xx.o(RESET)
</UL>
<P><STRONG><a name="[93]"></a>TIM1_CC_IRQHandler</STRONG> (Thumb, 0 bytes, Stack size 0 bytes, startup_stm32f2xx.o(.text))
<BR>[Address Reference Count : 1]<UL><LI> startup_stm32f2xx.o(RESET)
</UL>
<P><STRONG><a name="[92]"></a>TIM1_TRG_COM_TIM11_IRQHandler</STRONG> (Thumb, 0 bytes, Stack size 0 bytes, startup_stm32f2xx.o(.text))
<BR>[Address Reference Count : 1]<UL><LI> startup_stm32f2xx.o(RESET)
</UL>
<P><STRONG><a name="[91]"></a>TIM1_UP_TIM10_IRQHandler</STRONG> (Thumb, 0 bytes, Stack size 0 bytes, startup_stm32f2xx.o(.text))
<BR>[Address Reference Count : 1]<UL><LI> startup_stm32f2xx.o(RESET)
</UL>
<P><STRONG><a name="[95]"></a>TIM3_IRQHandler</STRONG> (Thumb, 0 bytes, Stack size 0 bytes, startup_stm32f2xx.o(.text))
<BR>[Address Reference Count : 1]<UL><LI> startup_stm32f2xx.o(RESET)
</UL>
<P><STRONG><a name="[96]"></a>TIM4_IRQHandler</STRONG> (Thumb, 0 bytes, Stack size 0 bytes, startup_stm32f2xx.o(.text))
<BR>[Address Reference Count : 1]<UL><LI> startup_stm32f2xx.o(RESET)
</UL>
<P><STRONG><a name="[aa]"></a>TIM5_IRQHandler</STRONG> (Thumb, 0 bytes, Stack size 0 bytes, startup_stm32f2xx.o(.text))
<BR>[Address Reference Count : 1]<UL><LI> startup_stm32f2xx.o(RESET)
</UL>
<P><STRONG><a name="[ae]"></a>TIM6_DAC_IRQHandler</STRONG> (Thumb, 0 bytes, Stack size 0 bytes, startup_stm32f2xx.o(.text))
<BR>[Address Reference Count : 1]<UL><LI> startup_stm32f2xx.o(RESET)
</UL>
<P><STRONG><a name="[af]"></a>TIM7_IRQHandler</STRONG> (Thumb, 0 bytes, Stack size 0 bytes, startup_stm32f2xx.o(.text))
<BR>[Address Reference Count : 1]<UL><LI> startup_stm32f2xx.o(RESET)
</UL>
<P><STRONG><a name="[a3]"></a>TIM8_BRK_TIM12_IRQHandler</STRONG> (Thumb, 0 bytes, Stack size 0 bytes, startup_stm32f2xx.o(.text))
<BR>[Address Reference Count : 1]<UL><LI> startup_stm32f2xx.o(RESET)
</UL>
<P><STRONG><a name="[a6]"></a>TIM8_CC_IRQHandler</STRONG> (Thumb, 0 bytes, Stack size 0 bytes, startup_stm32f2xx.o(.text))
<BR>[Address Reference Count : 1]<UL><LI> startup_stm32f2xx.o(RESET)
</UL>
<P><STRONG><a name="[a5]"></a>TIM8_TRG_COM_TIM14_IRQHandler</STRONG> (Thumb, 0 bytes, Stack size 0 bytes, startup_stm32f2xx.o(.text))
<BR>[Address Reference Count : 1]<UL><LI> startup_stm32f2xx.o(RESET)
</UL>
<P><STRONG><a name="[a4]"></a>TIM8_UP_TIM13_IRQHandler</STRONG> (Thumb, 0 bytes, Stack size 0 bytes, startup_stm32f2xx.o(.text))
<BR>[Address Reference Count : 1]<UL><LI> startup_stm32f2xx.o(RESET)
</UL>
<P><STRONG><a name="[ac]"></a>UART4_IRQHandler</STRONG> (Thumb, 0 bytes, Stack size 0 bytes, startup_stm32f2xx.o(.text))
<BR>[Address Reference Count : 1]<UL><LI> startup_stm32f2xx.o(RESET)
</UL>
<P><STRONG><a name="[ad]"></a>UART5_IRQHandler</STRONG> (Thumb, 0 bytes, Stack size 0 bytes, startup_stm32f2xx.o(.text))
<BR>[Address Reference Count : 1]<UL><LI> startup_stm32f2xx.o(RESET)
</UL>
<P><STRONG><a name="[9e]"></a>USART2_IRQHandler</STRONG> (Thumb, 0 bytes, Stack size 0 bytes, startup_stm32f2xx.o(.text))
<BR>[Address Reference Count : 1]<UL><LI> startup_stm32f2xx.o(RESET)
</UL>
<P><STRONG><a name="[9f]"></a>USART3_IRQHandler</STRONG> (Thumb, 0 bytes, Stack size 0 bytes, startup_stm32f2xx.o(.text))
<BR>[Address Reference Count : 1]<UL><LI> startup_stm32f2xx.o(RESET)
</UL>
<P><STRONG><a name="[bf]"></a>USART6_IRQHandler</STRONG> (Thumb, 0 bytes, Stack size 0 bytes, startup_stm32f2xx.o(.text))
<BR>[Address Reference Count : 1]<UL><LI> startup_stm32f2xx.o(RESET)
</UL>
<P><STRONG><a name="[78]"></a>WWDG_IRQHandler</STRONG> (Thumb, 0 bytes, Stack size 0 bytes, startup_stm32f2xx.o(.text))
<BR>[Address Reference Count : 1]<UL><LI> startup_stm32f2xx.o(RESET)
</UL>
<P><STRONG><a name="[11b]"></a>__cxa_rethrow</STRONG> (Thumb, 82 bytes, Stack size 16 bytes, arm_exceptions_rethrow.o(.text))
<BR><BR>[Stack]<UL><LI>Max Depth = 132<LI>Call Chain = __cxa_rethrow &rArr; __cxa_call_terminate &rArr; __cxa_begin_catch &rArr; __ARM::get_foreign_intermediary(__cxa_exception*, _Unwind_Control_Block*) &rArr; __cxa_allocate_exception &rArr; __ARM::call_terminate_handler(_Unwind_Control_Block*) &rArr; std::terminate() &rArr; __cxa_get_globals &rArr; __ARM_exceptions_buffer_init &rArr; malloc
</UL>
<BR>[Calls]<UL><LI><a href="#[11c]">&gt;&gt;</a>&nbsp;&nbsp;&nbsp;__cxa_get_globals
<LI><a href="#[11e]">&gt;&gt;</a>&nbsp;&nbsp;&nbsp;__ARM::is_foreign_exception(_Unwind_Control_Block*)
<LI><a href="#[11f]">&gt;&gt;</a>&nbsp;&nbsp;&nbsp;__cxa_call_terminate
<LI><a href="#[11d]">&gt;&gt;</a>&nbsp;&nbsp;&nbsp;__ARM::call_terminate_handler(_Unwind_Control_Block*)
</UL>
<BR>[Called By]<UL><LI><a href="#[3be]">&gt;&gt;</a>&nbsp;&nbsp;&nbsp;T2 std::uninitialized_copy&lang;_PLOT&lang;double&rang;::_POINT*, _PLOT&lang;double&rang;::_POINT*, std::allocator&lang;_PLOT&lang;double&rang;::_POINT&rang;&rang;(T1, T1, T2, T3&)
<LI><a href="#[3ac]">&gt;&gt;</a>&nbsp;&nbsp;&nbsp;std::vector&lang;_PLOT&lang;double&rang;::_POINT, std::allocator&lang;_PLOT&lang;double&rang;::_POINT&rang;&rang;::_C_insert_aux(_PLOT&lang;double&rang;::_POINT*, const _PLOT&lang;double&rang;::_POINT&)
<LI><a href="#[2bb]">&gt;&gt;</a>&nbsp;&nbsp;&nbsp;_PLOT&lang;double&rang;::Add(double*, double, double, short)
<LI><a href="#[363]">&gt;&gt;</a>&nbsp;&nbsp;&nbsp;__ARM_array_new_general
<LI><a href="#[365]">&gt;&gt;</a>&nbsp;&nbsp;&nbsp;__ARM_vec_cleanup_rethrow
<LI><a href="#[d1]">&gt;&gt;</a>&nbsp;&nbsp;&nbsp;[local to arm_exceptions_c]::armcpp_exception_cleanup(_Unwind_Reason_Code, _Unwind_Control_Block*)
<LI><a href="#[30c]">&gt;&gt;</a>&nbsp;&nbsp;&nbsp;__aeabi_vec_delete
</UL>

<P><STRONG><a name="[120]"></a>__cxa_begin_catch</STRONG> (Thumb, 72 bytes, Stack size 16 bytes, arm_exceptions_begincatch.o(.text))
<BR><BR>[Stack]<UL><LI>Max Depth = 116<LI>Call Chain = __cxa_begin_catch &rArr; __ARM::get_foreign_intermediary(__cxa_exception*, _Unwind_Control_Block*) &rArr; __cxa_allocate_exception &rArr; __ARM::call_terminate_handler(_Unwind_Control_Block*) &rArr; std::terminate() &rArr; __cxa_get_globals &rArr; __ARM_exceptions_buffer_init &rArr; malloc
</UL>
<BR>[Calls]<UL><LI><a href="#[121]">&gt;&gt;</a>&nbsp;&nbsp;&nbsp;__ARM::get_foreign_intermediary(__cxa_exception*, _Unwind_Control_Block*)
<LI><a href="#[11c]">&gt;&gt;</a>&nbsp;&nbsp;&nbsp;__cxa_get_globals
<LI><a href="#[11e]">&gt;&gt;</a>&nbsp;&nbsp;&nbsp;__ARM::is_foreign_exception(_Unwind_Control_Block*)
</UL>
<BR>[Called By]<UL><LI><a href="#[306]">&gt;&gt;</a>&nbsp;&nbsp;&nbsp;__rw::__rw_allocate(unsigned, int)
<LI><a href="#[3be]">&gt;&gt;</a>&nbsp;&nbsp;&nbsp;T2 std::uninitialized_copy&lang;_PLOT&lang;double&rang;::_POINT*, _PLOT&lang;double&rang;::_POINT*, std::allocator&lang;_PLOT&lang;double&rang;::_POINT&rang;&rang;(T1, T1, T2, T3&)
<LI><a href="#[3ac]">&gt;&gt;</a>&nbsp;&nbsp;&nbsp;std::vector&lang;_PLOT&lang;double&rang;::_POINT, std::allocator&lang;_PLOT&lang;double&rang;::_POINT&rang;&rang;::_C_insert_aux(_PLOT&lang;double&rang;::_POINT*, const _PLOT&lang;double&rang;::_POINT&)
<LI><a href="#[2bb]">&gt;&gt;</a>&nbsp;&nbsp;&nbsp;_PLOT&lang;double&rang;::Add(double*, double, double, short)
<LI><a href="#[11f]">&gt;&gt;</a>&nbsp;&nbsp;&nbsp;__cxa_call_terminate
<LI><a href="#[359]">&gt;&gt;</a>&nbsp;&nbsp;&nbsp;std::locale::_C_init()
<LI><a href="#[317]">&gt;&gt;</a>&nbsp;&nbsp;&nbsp;std::__rw_exception::_C_assign(const char*, unsigned)
<LI><a href="#[305]">&gt;&gt;</a>&nbsp;&nbsp;&nbsp;std::__rw_exception::_C_vformat(int, std::__va_list)
<LI><a href="#[364]">&gt;&gt;</a>&nbsp;&nbsp;&nbsp;__ARM_vec_cleanup
<LI><a href="#[363]">&gt;&gt;</a>&nbsp;&nbsp;&nbsp;__ARM_array_new_general
<LI><a href="#[365]">&gt;&gt;</a>&nbsp;&nbsp;&nbsp;__ARM_vec_cleanup_rethrow
<LI><a href="#[368]">&gt;&gt;</a>&nbsp;&nbsp;&nbsp;__aeabi_vec_dtor
<LI><a href="#[d1]">&gt;&gt;</a>&nbsp;&nbsp;&nbsp;[local to arm_exceptions_c]::armcpp_exception_cleanup(_Unwind_Reason_Code, _Unwind_Control_Block*)
<LI><a href="#[30c]">&gt;&gt;</a>&nbsp;&nbsp;&nbsp;__aeabi_vec_delete
<LI><a href="#[28d]">&gt;&gt;</a>&nbsp;&nbsp;&nbsp;catopen(const char*, int)
<LI><a href="#[28b]">&gt;&gt;</a>&nbsp;&nbsp;&nbsp;catgets(__rw::__rw_cat*, int, int, const char*)
</UL>

<P><STRONG><a name="[122]"></a>__cxa_end_catch</STRONG> (Thumb, 74 bytes, Stack size 16 bytes, arm_exceptions_endcatch.o(.text))
<BR><BR>[Stack]<UL><LI>Max Depth = 68<LI>Call Chain = __cxa_end_catch &rArr; std::terminate() &rArr; __cxa_get_globals &rArr; __ARM_exceptions_buffer_init &rArr; malloc
</UL>
<BR>[Calls]<UL><LI><a href="#[125]">&gt;&gt;</a>&nbsp;&nbsp;&nbsp;_Unwind_DeleteException
<LI><a href="#[11c]">&gt;&gt;</a>&nbsp;&nbsp;&nbsp;__cxa_get_globals
<LI><a href="#[123]">&gt;&gt;</a>&nbsp;&nbsp;&nbsp;std::terminate()
<LI><a href="#[124]">&gt;&gt;</a>&nbsp;&nbsp;&nbsp;__cxa_free_exception
<LI><a href="#[11e]">&gt;&gt;</a>&nbsp;&nbsp;&nbsp;__ARM::is_foreign_exception(_Unwind_Control_Block*)
</UL>
<BR>[Called By]<UL><LI><a href="#[306]">&gt;&gt;</a>&nbsp;&nbsp;&nbsp;__rw::__rw_allocate(unsigned, int)
<LI><a href="#[359]">&gt;&gt;</a>&nbsp;&nbsp;&nbsp;std::locale::_C_init()
<LI><a href="#[317]">&gt;&gt;</a>&nbsp;&nbsp;&nbsp;std::__rw_exception::_C_assign(const char*, unsigned)
<LI><a href="#[305]">&gt;&gt;</a>&nbsp;&nbsp;&nbsp;std::__rw_exception::_C_vformat(int, std::__va_list)
<LI><a href="#[364]">&gt;&gt;</a>&nbsp;&nbsp;&nbsp;__ARM_vec_cleanup
<LI><a href="#[363]">&gt;&gt;</a>&nbsp;&nbsp;&nbsp;__ARM_array_new_general
<LI><a href="#[365]">&gt;&gt;</a>&nbsp;&nbsp;&nbsp;__ARM_vec_cleanup_rethrow
<LI><a href="#[368]">&gt;&gt;</a>&nbsp;&nbsp;&nbsp;__aeabi_vec_dtor
<LI><a href="#[28d]">&gt;&gt;</a>&nbsp;&nbsp;&nbsp;catopen(const char*, int)
<LI><a href="#[28b]">&gt;&gt;</a>&nbsp;&nbsp;&nbsp;catgets(__rw::__rw_cat*, int, int, const char*)
</UL>

<P><STRONG><a name="[126]"></a>__rt_ctype_table</STRONG> (Thumb, 4 bytes, Stack size 0 bytes, ctype_o.o(.text))
<BR><BR>[Called By]<UL><LI><a href="#[1f2]">&gt;&gt;</a>&nbsp;&nbsp;&nbsp;cgets
<LI><a href="#[37e]">&gt;&gt;</a>&nbsp;&nbsp;&nbsp;asc2hex
<LI><a href="#[199]">&gt;&gt;</a>&nbsp;&nbsp;&nbsp;getHEX
<LI><a href="#[13a]">&gt;&gt;</a>&nbsp;&nbsp;&nbsp;strtoul
<LI><a href="#[137]">&gt;&gt;</a>&nbsp;&nbsp;&nbsp;strtol
<LI><a href="#[d0]">&gt;&gt;</a>&nbsp;&nbsp;&nbsp;isspace
<LI><a href="#[352]">&gt;&gt;</a>&nbsp;&nbsp;&nbsp;std::ctype_byname&lang;char&rang;::_C_get_mask_table(const char*)
</UL>

<P><STRONG><a name="[d0]"></a>isspace</STRONG> (Thumb, 18 bytes, Stack size 8 bytes, isspace_o.o(.text))
<BR><BR>[Stack]<UL><LI>Max Depth = 8<LI>Call Chain = isspace
</UL>
<BR>[Calls]<UL><LI><a href="#[126]">&gt;&gt;</a>&nbsp;&nbsp;&nbsp;__rt_ctype_table
</UL>
<BR>[Address Reference Count : 1]<UL><LI> scanf_char.o(.text)
</UL>
<P><STRONG><a name="[37f]"></a>toupper</STRONG> (Thumb, 12 bytes, Stack size 0 bytes, toupper.o(.text))
<BR><BR>[Called By]<UL><LI><a href="#[37e]">&gt;&gt;</a>&nbsp;&nbsp;&nbsp;asc2hex
</UL>

<P><STRONG><a name="[34f]"></a>___aeabi_memcpy$base</STRONG> (Thumb, 36 bytes, Stack size 0 bytes, memcpya.o(.text))
<BR><BR>[Called By]<UL><LI><a href="#[34e]">&gt;&gt;</a>&nbsp;&nbsp;&nbsp;std::char_traits&lang;char&rang;::copy(char*, const char*, unsigned)
</UL>

<P><STRONG><a name="[3c6]"></a>___aeabi_memcpy4$base</STRONG> (Thumb, 0 bytes, Stack size 0 bytes, memcpya.o(.text), UNUSED)

<P><STRONG><a name="[3c7]"></a>__aeabi_memcpy8</STRONG> (Thumb, 0 bytes, Stack size 0 bytes, memcpya.o(.text), UNUSED)

<P><STRONG><a name="[128]"></a>__aeabi_memset</STRONG> (Thumb, 14 bytes, Stack size 0 bytes, memseta.o(.text), UNUSED)
<BR><BR>[Called By]<UL><LI><a href="#[129]">&gt;&gt;</a>&nbsp;&nbsp;&nbsp;_memset$wrapper
<LI><a href="#[127]">&gt;&gt;</a>&nbsp;&nbsp;&nbsp;__aeabi_memclr
</UL>

<P><STRONG><a name="[3c8]"></a>__aeabi_memset4</STRONG> (Thumb, 0 bytes, Stack size 0 bytes, memseta.o(.text), UNUSED)

<P><STRONG><a name="[3c9]"></a>__aeabi_memset8</STRONG> (Thumb, 0 bytes, Stack size 0 bytes, memseta.o(.text), UNUSED)

<P><STRONG><a name="[127]"></a>__aeabi_memclr</STRONG> (Thumb, 4 bytes, Stack size 0 bytes, memseta.o(.text), UNUSED)
<BR><BR>[Calls]<UL><LI><a href="#[128]">&gt;&gt;</a>&nbsp;&nbsp;&nbsp;__aeabi_memset
</UL>

<P><STRONG><a name="[119]"></a>__aeabi_memclr4</STRONG> (Thumb, 0 bytes, Stack size 0 bytes, memseta.o(.text))
<BR><BR>[Called By]<UL><LI><a href="#[2fb]">&gt;&gt;</a>&nbsp;&nbsp;&nbsp;_TIM::_TIM()
<LI><a href="#[2e6]">&gt;&gt;</a>&nbsp;&nbsp;&nbsp;_CAN::Send(_stdid, CanMsg*, unsigned)
<LI><a href="#[11a]">&gt;&gt;</a>&nbsp;&nbsp;&nbsp;arm_fir_init_f32
<LI><a href="#[118]">&gt;&gt;</a>&nbsp;&nbsp;&nbsp;arm_biquad_cascade_df1_init_f32
<LI><a href="#[2cd]">&gt;&gt;</a>&nbsp;&nbsp;&nbsp;_PYRO::_PYRO()
<LI><a href="#[29c]">&gt;&gt;</a>&nbsp;&nbsp;&nbsp;_PYRO::addFilter(char*)
<LI><a href="#[2a1]">&gt;&gt;</a>&nbsp;&nbsp;&nbsp;_CAN::Parse(void*)
<LI><a href="#[2b7]">&gt;&gt;</a>&nbsp;&nbsp;&nbsp;_CAN::Send(char*)
<LI><a href="#[2b8]">&gt;&gt;</a>&nbsp;&nbsp;&nbsp;_CAN::Recv(char*)
</UL>

<P><STRONG><a name="[3ca]"></a>__aeabi_memclr8</STRONG> (Thumb, 0 bytes, Stack size 0 bytes, memseta.o(.text), UNUSED)

<P><STRONG><a name="[129]"></a>_memset$wrapper</STRONG> (Thumb, 18 bytes, Stack size 8 bytes, memseta.o(.text), UNUSED)
<BR><BR>[Calls]<UL><LI><a href="#[128]">&gt;&gt;</a>&nbsp;&nbsp;&nbsp;__aeabi_memset
</UL>

<P><STRONG><a name="[19c]"></a>strcat</STRONG> (Thumb, 24 bytes, Stack size 0 bytes, strcat.o(.text))
<BR><BR>[Called By]<UL><LI><a href="#[d4]">&gt;&gt;</a>&nbsp;&nbsp;&nbsp;DecodeCom
<LI><a href="#[d7]">&gt;&gt;</a>&nbsp;&nbsp;&nbsp;DecodeFs
<LI><a href="#[305]">&gt;&gt;</a>&nbsp;&nbsp;&nbsp;std::__rw_exception::_C_vformat(int, std::__va_list)
</UL>

<P><STRONG><a name="[1b0]"></a>strchr</STRONG> (Thumb, 20 bytes, Stack size 0 bytes, strchr.o(.text))
<BR><BR>[Called By]<UL><LI><a href="#[d7]">&gt;&gt;</a>&nbsp;&nbsp;&nbsp;DecodeFs
</UL>

<P><STRONG><a name="[1a2]"></a>strlen</STRONG> (Thumb, 14 bytes, Stack size 0 bytes, strlen.o(.text))
<BR><BR>[Called By]<UL><LI><a href="#[2c3]">&gt;&gt;</a>&nbsp;&nbsp;&nbsp;_EC20::Increment(int, int, void*)
<LI><a href="#[d7]">&gt;&gt;</a>&nbsp;&nbsp;&nbsp;DecodeFs
<LI><a href="#[32e]">&gt;&gt;</a>&nbsp;&nbsp;&nbsp;__rw::__rw_use_c_lib_locale::__rw_use_c_lib_locale(const char*, int)
<LI><a href="#[317]">&gt;&gt;</a>&nbsp;&nbsp;&nbsp;std::__rw_exception::_C_assign(const char*, unsigned)
<LI><a href="#[305]">&gt;&gt;</a>&nbsp;&nbsp;&nbsp;std::__rw_exception::_C_vformat(int, std::__va_list)
<LI><a href="#[35a]">&gt;&gt;</a>&nbsp;&nbsp;&nbsp;std::basic_string&lang;char, std::char_traits&lang;char&rang;, std::allocator&lang;char&rang;&rang;::operator =(const char*)
<LI><a href="#[298]">&gt;&gt;</a>&nbsp;&nbsp;&nbsp;std::basic_string&lang;char, std::char_traits&lang;char&rang;, std::allocator&lang;char&rang;&rang;::basic_string(const char*, const std::allocator&lang;char&rang;&)
<LI><a href="#[308]">&gt;&gt;</a>&nbsp;&nbsp;&nbsp;__rw::__rw_locale_imp::__rw_locale_imp(const char*, unsigned, unsigned)
</UL>

<P><STRONG><a name="[1b2]"></a>strcmp</STRONG> (Thumb, 28 bytes, Stack size 8 bytes, strcmp.o(.text))
<BR><BR>[Stack]<UL><LI>Max Depth = 8<LI>Call Chain = strcmp
</UL>
<BR>[Called By]<UL><LI><a href="#[d7]">&gt;&gt;</a>&nbsp;&nbsp;&nbsp;DecodeFs
<LI><a href="#[352]">&gt;&gt;</a>&nbsp;&nbsp;&nbsp;std::ctype_byname&lang;char&rang;::_C_get_mask_table(const char*)
</UL>

<P><STRONG><a name="[1b1]"></a>strcpy</STRONG> (Thumb, 18 bytes, Stack size 0 bytes, strcpy.o(.text))
<BR><BR>[Called By]<UL><LI><a href="#[d7]">&gt;&gt;</a>&nbsp;&nbsp;&nbsp;DecodeFs
<LI><a href="#[32e]">&gt;&gt;</a>&nbsp;&nbsp;&nbsp;__rw::__rw_use_c_lib_locale::__rw_use_c_lib_locale(const char*, int)
<LI><a href="#[317]">&gt;&gt;</a>&nbsp;&nbsp;&nbsp;std::__rw_exception::_C_assign(const char*, unsigned)
<LI><a href="#[305]">&gt;&gt;</a>&nbsp;&nbsp;&nbsp;std::__rw_exception::_C_vformat(int, std::__va_list)
</UL>

<P><STRONG><a name="[1a3]"></a>strncmp</STRONG> (Thumb, 30 bytes, Stack size 12 bytes, strncmp.o(.text))
<BR><BR>[Stack]<UL><LI>Max Depth = 12<LI>Call Chain = strncmp
</UL>
<BR>[Called By]<UL><LI><a href="#[198]">&gt;&gt;</a>&nbsp;&nbsp;&nbsp;sLoad
<LI><a href="#[d7]">&gt;&gt;</a>&nbsp;&nbsp;&nbsp;DecodeFs
</UL>

<P><STRONG><a name="[12a]"></a>calloc</STRONG> (Thumb, 28 bytes, Stack size 8 bytes, calloc.o(.text))
<BR><BR>[Stack]<UL><LI>Max Depth = 28<LI>Call Chain = calloc &rArr; malloc
</UL>
<BR>[Calls]<UL><LI><a href="#[12b]">&gt;&gt;</a>&nbsp;&nbsp;&nbsp;malloc
</UL>
<BR>[Called By]<UL><LI><a href="#[1dc]">&gt;&gt;</a>&nbsp;&nbsp;&nbsp;_io_init
<LI><a href="#[2ec]">&gt;&gt;</a>&nbsp;&nbsp;&nbsp;_buffer_init
<LI><a href="#[1b4]">&gt;&gt;</a>&nbsp;&nbsp;&nbsp;EnterFile
</UL>

<P><STRONG><a name="[12c]"></a>__0sscanf</STRONG> (Thumb, 48 bytes, Stack size 72 bytes, __0sscanf.o(.text))
<BR><BR>[Stack]<UL><LI>Max Depth = 264<LI>Call Chain = __0sscanf &rArr; __vfscanf_char &rArr; __vfscanf &rArr; _scanf_real
</UL>
<BR>[Calls]<UL><LI><a href="#[12d]">&gt;&gt;</a>&nbsp;&nbsp;&nbsp;__vfscanf_char
</UL>
[...]
<LI><a href="#[1e6]">&gt;&gt;</a>&nbsp;&nbsp;&nbsp;SCSI_SenseCode
<LI><a href="#[1e7]">&gt;&gt;</a>&nbsp;&nbsp;&nbsp;SCSI_ProcessCmd
<LI><a href="#[1e8]">&gt;&gt;</a>&nbsp;&nbsp;&nbsp;MSC_BOT_SendCSW
<LI><a href="#[1e3]">&gt;&gt;</a>&nbsp;&nbsp;&nbsp;MSC_BOT_Abort
<LI><a href="#[1e5]">&gt;&gt;</a>&nbsp;&nbsp;&nbsp;USBD_GetRxCount
</UL>
<BR>[Called By]<UL><LI><a href="#[1eb]">&gt;&gt;</a>&nbsp;&nbsp;&nbsp;MSC_BOT_DataOut
</UL>

<P><STRONG><a name="[66]"></a>VCP_Ctrl</STRONG> (Thumb, 76 bytes, Stack size 0 bytes, usbd_cdc_vcp.o(i.VCP_Ctrl))
<BR>[Address Reference Count : 1]<UL><LI> usbd_cdc_vcp.o(.data)
</UL>
<P><STRONG><a name="[68]"></a>VCP_DataRx</STRONG> (Thumb, 24 bytes, Stack size 8 bytes, usbd_cdc_vcp.o(i.VCP_DataRx))
<BR><BR>[Stack]<UL><LI>Max Depth = 24<LI>Call Chain = VCP_DataRx &rArr; _buffer_push
</UL>
<BR>[Calls]<UL><LI><a href="#[211]">&gt;&gt;</a>&nbsp;&nbsp;&nbsp;_buffer_push
</UL>
<BR>[Address Reference Count : 1]<UL><LI> usbd_cdc_vcp.o(.data)
</UL>
<P><STRONG><a name="[67]"></a>VCP_DataTx</STRONG> (Thumb, 50 bytes, Stack size 16 bytes, usbd_cdc_vcp.o(i.VCP_DataTx))
<BR><BR>[Stack]<UL><LI>Max Depth = 16<LI>Call Chain = VCP_DataTx
</UL>
<BR>[Called By]<UL><LI><a href="#[dd]">&gt;&gt;</a>&nbsp;&nbsp;&nbsp;putVCP
</UL>
<BR>[Address Reference Count : 1]<UL><LI> usbd_cdc_vcp.o(.data)
</UL>
<P><STRONG><a name="[65]"></a>VCP_DeInit</STRONG> (Thumb, 22 bytes, Stack size 8 bytes, usbd_cdc_vcp.o(i.VCP_DeInit))
<BR><BR>[Stack]<UL><LI>Max Depth = 48<LI>Call Chain = VCP_DeInit &rArr; _thread_remove &rArr; _buffer_push
</UL>
<BR>[Calls]<UL><LI><a href="#[277]">&gt;&gt;</a>&nbsp;&nbsp;&nbsp;_io_close
<LI><a href="#[19e]">&gt;&gt;</a>&nbsp;&nbsp;&nbsp;_thread_remove
</UL>
<BR>[Address Reference Count : 1]<UL><LI> usbd_cdc_vcp.o(.data)
</UL>
<P><STRONG><a name="[64]"></a>VCP_Init</STRONG> (Thumb, 38 bytes, Stack size 8 bytes, usbd_cdc_vcp.o(i.VCP_Init))
<BR><BR>[Stack]<UL><LI>Max Depth = 76<LI>Call Chain = VCP_Init &rArr; _thread_add &rArr; _buffer_init &rArr; calloc &rArr; malloc
</UL>
<BR>[Calls]<UL><LI><a href="#[1dc]">&gt;&gt;</a>&nbsp;&nbsp;&nbsp;_io_init
<LI><a href="#[1d4]">&gt;&gt;</a>&nbsp;&nbsp;&nbsp;_thread_add
</UL>
<BR>[Address Reference Count : 1]<UL><LI> usbd_cdc_vcp.o(.data)
</UL>
<P><STRONG><a name="[6b]"></a>USBH_MSC_ClassRequest</STRONG> (Thumb, 8 bytes, Stack size 0 bytes, usbh_msc_core.o(i.USBH_MSC_ClassRequest))
<BR>[Address Reference Count : 1]<UL><LI> usbh_msc_core.o(.data)
</UL>
<P><STRONG><a name="[6c]"></a>USBH_MSC_Handle</STRONG> (Thumb, 344 bytes, Stack size 40 bytes, usbh_msc_core.o(i.USBH_MSC_Handle))
<BR><BR>[Stack]<UL><LI>Max Depth = 136<LI>Call Chain = USBH_MSC_Handle &rArr; USBH_MSC_HandleBOTXfer &rArr; USBH_BulkSendData &rArr; HCD_SubmitRequest &rArr; USB_OTG_HC_StartXfer &rArr; USB_OTG_WritePacket
</UL>
<BR>[Calls]<UL><LI><a href="#[248]">&gt;&gt;</a>&nbsp;&nbsp;&nbsp;HCD_IsDeviceConnected
<LI><a href="#[24a]">&gt;&gt;</a>&nbsp;&nbsp;&nbsp;USBH_MSC_Init
<LI><a href="#[232]">&gt;&gt;</a>&nbsp;&nbsp;&nbsp;USBH_CtlReq
<LI><a href="#[231]">&gt;&gt;</a>&nbsp;&nbsp;&nbsp;USBH_ClrFeature
<LI><a href="#[250]">&gt;&gt;</a>&nbsp;&nbsp;&nbsp;USBH_MSC_HandleBOTXfer
<LI><a href="#[24b]">&gt;&gt;</a>&nbsp;&nbsp;&nbsp;USBH_MSC_TestUnitReady
<LI><a href="#[24f]">&gt;&gt;</a>&nbsp;&nbsp;&nbsp;USBH_MSC_RequestSense
<LI><a href="#[24d]">&gt;&gt;</a>&nbsp;&nbsp;&nbsp;USBH_MSC_ReadCapacity10
<LI><a href="#[24e]">&gt;&gt;</a>&nbsp;&nbsp;&nbsp;USBH_MSC_ModeSense6
<LI><a href="#[24c]">&gt;&gt;</a>&nbsp;&nbsp;&nbsp;USBH_MSC_ErrorHandle
</UL>
<BR>[Address Reference Count : 1]<UL><LI> usbh_msc_core.o(.data)
</UL>
<P><STRONG><a name="[6a]"></a>USBH_MSC_InterfaceDeInit</STRONG> (Thumb, 50 bytes, Stack size 16 bytes, usbh_msc_core.o(i.USBH_MSC_InterfaceDeInit))
<BR><BR>[Stack]<UL><LI>Max Depth = 24<LI>Call Chain = USBH_MSC_InterfaceDeInit &rArr; USB_OTG_HC_Halt
</UL>
<BR>[Calls]<UL><LI><a href="#[251]">&gt;&gt;</a>&nbsp;&nbsp;&nbsp;USB_OTG_HC_Halt
<LI><a href="#[237]">&gt;&gt;</a>&nbsp;&nbsp;&nbsp;USBH_Free_Channel
</UL>
<BR>[Address Reference Count : 1]<UL><LI> usbh_msc_core.o(.data)
</UL>
<P><STRONG><a name="[69]"></a>USBH_MSC_InterfaceInit</STRONG> (Thumb, 156 bytes, Stack size 32 bytes, usbh_msc_core.o(i.USBH_MSC_InterfaceInit))
<BR><BR>[Stack]<UL><LI>Max Depth = 76<LI>Call Chain = USBH_MSC_InterfaceInit &rArr; USBH_Open_Channel &rArr; USB_OTG_HC_Init
</UL>
<BR>[Calls]<UL><LI><a href="#[253]">&gt;&gt;</a>&nbsp;&nbsp;&nbsp;USBH_Open_Channel
<LI><a href="#[252]">&gt;&gt;</a>&nbsp;&nbsp;&nbsp;USBH_Alloc_Channel
</UL>
<BR>[Address Reference Count : 1]<UL><LI> usbh_msc_core.o(.data)
</UL>
<P><STRONG><a name="[1f5]"></a>SCSI_CheckAddressRange</STRONG> (Thumb, 30 bytes, Stack size 4 bytes, usbd_msc_scsi.o(i.SCSI_CheckAddressRange))
<BR><BR>[Stack]<UL><LI>Max Depth = 12<LI>Call Chain = SCSI_CheckAddressRange &rArr; SCSI_SenseCode
</UL>
<BR>[Calls]<UL><LI><a href="#[1e6]">&gt;&gt;</a>&nbsp;&nbsp;&nbsp;SCSI_SenseCode
</UL>
<BR>[Called By]<UL><LI><a href="#[1e7]">&gt;&gt;</a>&nbsp;&nbsp;&nbsp;SCSI_ProcessCmd
<LI><a href="#[1fa]">&gt;&gt;</a>&nbsp;&nbsp;&nbsp;SCSI_Write10
<LI><a href="#[1f9]">&gt;&gt;</a>&nbsp;&nbsp;&nbsp;SCSI_Read10
</UL>

<P><STRONG><a name="[1fb]"></a>SCSI_ProcessRead</STRONG> (Thumb, 114 bytes, Stack size 24 bytes, usbd_msc_scsi.o(i.SCSI_ProcessRead))
<BR><BR>[Stack]<UL><LI>Max Depth = 72<LI>Call Chain = SCSI_ProcessRead &rArr; DCD_EP_Tx &rArr; USB_OTG_EPStartXfer &rArr; USB_OTG_WritePacket
</UL>
<BR>[Calls]<UL><LI><a href="#[17b]">&gt;&gt;</a>&nbsp;&nbsp;&nbsp;DCD_EP_Tx
<LI><a href="#[1e6]">&gt;&gt;</a>&nbsp;&nbsp;&nbsp;SCSI_SenseCode
</UL>
<BR>[Called By]<UL><LI><a href="#[1f9]">&gt;&gt;</a>&nbsp;&nbsp;&nbsp;SCSI_Read10
</UL>

<P><STRONG><a name="[1fc]"></a>SCSI_ProcessWrite</STRONG> (Thumb, 126 bytes, Stack size 24 bytes, usbd_msc_scsi.o(i.SCSI_ProcessWrite))
<BR><BR>[Stack]<UL><LI>Max Depth = 80<LI>Call Chain = SCSI_ProcessWrite &rArr; MSC_BOT_SendCSW &rArr; DCD_EP_Tx &rArr; USB_OTG_EPStartXfer &rArr; USB_OTG_WritePacket
</UL>
<BR>[Calls]<UL><LI><a href="#[176]">&gt;&gt;</a>&nbsp;&nbsp;&nbsp;DCD_EP_PrepareRx
<LI><a href="#[1e6]">&gt;&gt;</a>&nbsp;&nbsp;&nbsp;SCSI_SenseCode
<LI><a href="#[1e8]">&gt;&gt;</a>&nbsp;&nbsp;&nbsp;MSC_BOT_SendCSW
</UL>
<BR>[Called By]<UL><LI><a href="#[1fa]">&gt;&gt;</a>&nbsp;&nbsp;&nbsp;SCSI_Write10
</UL>

<P><STRONG><a name="[1f9]"></a>SCSI_Read10</STRONG> (Thumb, 144 bytes, Stack size 32 bytes, usbd_msc_scsi.o(i.SCSI_Read10))
<BR><BR>[Stack]<UL><LI>Max Depth = 104<LI>Call Chain = SCSI_Read10 &rArr; SCSI_ProcessRead &rArr; DCD_EP_Tx &rArr; USB_OTG_EPStartXfer &rArr; USB_OTG_WritePacket
</UL>
<BR>[Calls]<UL><LI><a href="#[1e6]">&gt;&gt;</a>&nbsp;&nbsp;&nbsp;SCSI_SenseCode
<LI><a href="#[1fb]">&gt;&gt;</a>&nbsp;&nbsp;&nbsp;SCSI_ProcessRead
<LI><a href="#[1f5]">&gt;&gt;</a>&nbsp;&nbsp;&nbsp;SCSI_CheckAddressRange
</UL>
<BR>[Called By]<UL><LI><a href="#[1e7]">&gt;&gt;</a>&nbsp;&nbsp;&nbsp;SCSI_ProcessCmd
</UL>

<P><STRONG><a name="[1f8]"></a>SCSI_ReadCapacity10</STRONG> (Thumb, 86 bytes, Stack size 8 bytes, usbd_msc_scsi.o(i.SCSI_ReadCapacity10))
<BR><BR>[Stack]<UL><LI>Max Depth = 16<LI>Call Chain = SCSI_ReadCapacity10 &rArr; SCSI_SenseCode
</UL>
<BR>[Calls]<UL><LI><a href="#[1e6]">&gt;&gt;</a>&nbsp;&nbsp;&nbsp;SCSI_SenseCode
</UL>
<BR>[Called By]<UL><LI><a href="#[1e7]">&gt;&gt;</a>&nbsp;&nbsp;&nbsp;SCSI_ProcessCmd
</UL>

<P><STRONG><a name="[1f7]"></a>SCSI_ReadFormatCapacity</STRONG> (Thumb, 100 bytes, Stack size 24 bytes, usbd_msc_scsi.o(i.SCSI_ReadFormatCapacity))
<BR><BR>[Stack]<UL><LI>Max Depth = 32<LI>Call Chain = SCSI_ReadFormatCapacity &rArr; SCSI_SenseCode
</UL>
<BR>[Calls]<UL><LI><a href="#[1e6]">&gt;&gt;</a>&nbsp;&nbsp;&nbsp;SCSI_SenseCode
</UL>
<BR>[Called By]<UL><LI><a href="#[1e7]">&gt;&gt;</a>&nbsp;&nbsp;&nbsp;SCSI_ProcessCmd
</UL>

<P><STRONG><a name="[1f6]"></a>SCSI_RequestSense</STRONG> (Thumb, 86 bytes, Stack size 16 bytes, usbd_msc_scsi.o(i.SCSI_RequestSense))
<BR><BR>[Stack]<UL><LI>Max Depth = 16<LI>Call Chain = SCSI_RequestSense
</UL>
<BR>[Called By]<UL><LI><a href="#[1e7]">&gt;&gt;</a>&nbsp;&nbsp;&nbsp;SCSI_ProcessCmd
</UL>

<P><STRONG><a name="[1fa]"></a>SCSI_Write10</STRONG> (Thumb, 174 bytes, Stack size 32 bytes, usbd_msc_scsi.o(i.SCSI_Write10))
<BR><BR>[Stack]<UL><LI>Max Depth = 112<LI>Call Chain = SCSI_Write10 &rArr; SCSI_ProcessWrite &rArr; MSC_BOT_SendCSW &rArr; DCD_EP_Tx &rArr; USB_OTG_EPStartXfer &rArr; USB_OTG_WritePacket
</UL>
<BR>[Calls]<UL><LI><a href="#[176]">&gt;&gt;</a>&nbsp;&nbsp;&nbsp;DCD_EP_PrepareRx
<LI><a href="#[1e6]">&gt;&gt;</a>&nbsp;&nbsp;&nbsp;SCSI_SenseCode
<LI><a href="#[1fc]">&gt;&gt;</a>&nbsp;&nbsp;&nbsp;SCSI_ProcessWrite
<LI><a href="#[1f5]">&gt;&gt;</a>&nbsp;&nbsp;&nbsp;SCSI_CheckAddressRange
</UL>
<BR>[Called By]<UL><LI><a href="#[1e7]">&gt;&gt;</a>&nbsp;&nbsp;&nbsp;SCSI_ProcessCmd
</UL>

<P><STRONG><a name="[374]"></a>_fp_digits</STRONG> (Thumb, 334 bytes, Stack size 56 bytes, printfa.o(i._fp_digits), UNUSED)
<BR><BR>[Calls]<UL><LI><a href="#[132]">&gt;&gt;</a>&nbsp;&nbsp;&nbsp;__aeabi_dmul
<LI><a href="#[133]">&gt;&gt;</a>&nbsp;&nbsp;&nbsp;__aeabi_ddiv
<LI><a href="#[140]">&gt;&gt;</a>&nbsp;&nbsp;&nbsp;__aeabi_dadd
<LI><a href="#[155]">&gt;&gt;</a>&nbsp;&nbsp;&nbsp;__aeabi_d2ulz
<LI><a href="#[375]">&gt;&gt;</a>&nbsp;&nbsp;&nbsp;__aeabi_cdrcmple
<LI><a href="#[153]">&gt;&gt;</a>&nbsp;&nbsp;&nbsp;__aeabi_uldivmod
</UL>
<BR>[Called By]<UL><LI><a href="#[35f]">&gt;&gt;</a>&nbsp;&nbsp;&nbsp;_printf_core
</UL>

<P><STRONG><a name="[35f]"></a>_printf_core</STRONG> (Thumb, 1744 bytes, Stack size 136 bytes, printfa.o(i._printf_core), UNUSED)
<BR><BR>[Calls]<UL><LI><a href="#[376]">&gt;&gt;</a>&nbsp;&nbsp;&nbsp;_printf_pre_padding
<LI><a href="#[377]">&gt;&gt;</a>&nbsp;&nbsp;&nbsp;_printf_post_padding
<LI><a href="#[374]">&gt;&gt;</a>&nbsp;&nbsp;&nbsp;_fp_digits
<LI><a href="#[153]">&gt;&gt;</a>&nbsp;&nbsp;&nbsp;__aeabi_uldivmod
<LI><a href="#[378]">&gt;&gt;</a>&nbsp;&nbsp;&nbsp;__aeabi_uidivmod
</UL>
<BR>[Called By]<UL><LI><a href="#[362]">&gt;&gt;</a>&nbsp;&nbsp;&nbsp;__0vsnprintf
<LI><a href="#[361]">&gt;&gt;</a>&nbsp;&nbsp;&nbsp;__0sprintf
<LI><a href="#[360]">&gt;&gt;</a>&nbsp;&nbsp;&nbsp;__0printf
<LI><a href="#[35e]">&gt;&gt;</a>&nbsp;&nbsp;&nbsp;__0fprintf
</UL>

<P><STRONG><a name="[377]"></a>_printf_post_padding</STRONG> (Thumb, 36 bytes, Stack size 24 bytes, printfa.o(i._printf_post_padding), UNUSED)
<BR><BR>[Called By]<UL><LI><a href="#[35f]">&gt;&gt;</a>&nbsp;&nbsp;&nbsp;_printf_core
</UL>

<P><STRONG><a name="[376]"></a>_printf_pre_padding</STRONG> (Thumb, 46 bytes, Stack size 24 bytes, printfa.o(i._printf_pre_padding), UNUSED)
<BR><BR>[Called By]<UL><LI><a href="#[35f]">&gt;&gt;</a>&nbsp;&nbsp;&nbsp;_printf_core
</UL>

<P><STRONG><a name="[f8]"></a>_snputc</STRONG> (Thumb, 22 bytes, Stack size 0 bytes, printfa.o(i._snputc))
<BR>[Address Reference Count : 1]<UL><LI> printfa.o(i.__0vsnprintf)
</UL>
<P><STRONG><a name="[f7]"></a>_sputc</STRONG> (Thumb, 10 bytes, Stack size 0 bytes, printfa.o(i._sputc))
<BR><BR>[Called By]<UL><LI><a href="#[361]">&gt;&gt;</a>&nbsp;&nbsp;&nbsp;__0sprintf
</UL>
<BR>[Address Reference Count : 1]<UL><LI> printfa.o(i.__0sprintf)
</UL>
<P><STRONG><a name="[130]"></a>_fp_value</STRONG> (Thumb, 256 bytes, Stack size 56 bytes, scanf_fp.o(.text), UNUSED)
<BR><BR>[Calls]<UL><LI><a href="#[132]">&gt;&gt;</a>&nbsp;&nbsp;&nbsp;__aeabi_dmul
<LI><a href="#[133]">&gt;&gt;</a>&nbsp;&nbsp;&nbsp;__aeabi_ddiv
<LI><a href="#[131]">&gt;&gt;</a>&nbsp;&nbsp;&nbsp;__aeabi_ul2d
</UL>
<BR>[Called By]<UL><LI><a href="#[134]">&gt;&gt;</a>&nbsp;&nbsp;&nbsp;_scanf_really_real
</UL>

<P><STRONG><a name="[292]"></a>[local to rwstdexcept_cpp]::__rw::__rw_vfmatstr(char*, unsigned, const char*, std::__va_list)</STRONG> (Thumb, 88 bytes, Stack size 24 bytes, rwstdexcept.o(i._ZN37_INTERNAL_15_rwstdexcept_cpp_8697b68a4__rw13__rw_vfmatstrEPcjPKcSt9__va_list))
<BR><BR>[Stack]<UL><LI>Max Depth = 60<LI>Call Chain = [local to rwstdexcept_cpp]::__rw::__rw_vfmatstr(char*, unsigned, const char*, std::__va_list) &rArr; operator new[] (unsigned) &rArr; operator new(unsigned) &rArr; malloc
</UL>
<BR>[Calls]<UL><LI><a href="#[294]">&gt;&gt;</a>&nbsp;&nbsp;&nbsp;vsnprintf
<LI><a href="#[293]">&gt;&gt;</a>&nbsp;&nbsp;&nbsp;operator new[] (unsigned)
<LI><a href="#[f9]">&gt;&gt;</a>&nbsp;&nbsp;&nbsp;operator delete[] (void*)
</UL>
<BR>[Called By]<UL><LI><a href="#[305]">&gt;&gt;</a>&nbsp;&nbsp;&nbsp;std::__rw_exception::_C_vformat(int, std::__va_list)
<LI><a href="#[295]">&gt;&gt;</a>&nbsp;&nbsp;&nbsp;[local to rwstdexcept_cpp]::__rw::__rw_vfmatstr(char*, unsigned, int, std::__va_list)
</UL>

<P><STRONG><a name="[295]"></a>[local to rwstdexcept_cpp]::__rw::__rw_vfmatstr(char*, unsigned, int, std::__va_list)</STRONG> (Thumb, 296 bytes, Stack size 88 bytes, rwstdexcept.o(i._ZN37_INTERNAL_15_rwstdexcept_cpp_8697b68a4__rw13__rw_vfmatstrEPcjiSt9__va_list))
<BR><BR>[Stack]<UL><LI>Max Depth = 420<LI>Call Chain = [local to rwstdexcept_cpp]::__rw::__rw_vfmatstr(char*, unsigned, int, std::__va_list) &rArr; std::locale::locale() &rArr; std::locale::_C_init() &rArr; __rw::__rw_locale_imp::__rw_locale_imp(const char*, unsigned, unsigned) &rArr; __aeabi_vec_new_cookie &rArr; __cxa_vec_new &rArr; __ARM_array_new_general &rArr; __ARM_vec_cleanup &rArr; __cxa_begin_catch &rArr; __ARM::get_foreign_intermediary(__cxa_exception*, _Unwind_Control_Block*) &rArr; __cxa_allocate_exception &rArr; __ARM::call_terminate_handler(_Unwind_Control_Block*) &rArr; std::terminate() &rArr; __cxa_get_globals &rArr; __ARM_exceptions_buffer_init &rArr; malloc
</UL>
<BR>[Calls]<UL><LI><a href="#[297]">&gt;&gt;</a>&nbsp;&nbsp;&nbsp;operator new(unsigned, void*)
<LI><a href="#[e2]">&gt;&gt;</a>&nbsp;&nbsp;&nbsp;std::basic_string&lang;char, std::char_traits&lang;char&rang;, std::allocator&lang;char&rang;&rang;::~basic_string()
<LI><a href="#[299]">&gt;&gt;</a>&nbsp;&nbsp;&nbsp;std::basic_string&lang;char, std::char_traits&lang;char&rang;, std::allocator&lang;char&rang;&rang;::basic_string(const std::basic_string&lang;char, std::char_traits&lang;char&rang;, std::allocator&lang;char&rang;&rang;&)
<LI><a href="#[29a]">&gt;&gt;</a>&nbsp;&nbsp;&nbsp;std::locale::locale()
<LI><a href="#[292]">&gt;&gt;</a>&nbsp;&nbsp;&nbsp;[local to rwstdexcept_cpp]::__rw::__rw_vfmatstr(char*, unsigned, const char*, std::__va_list)
<LI><a href="#[15e]">&gt;&gt;</a>&nbsp;&nbsp;&nbsp;sscanf
<LI><a href="#[296]">&gt;&gt;</a>&nbsp;&nbsp;&nbsp;strrchr
<LI><a href="#[298]">&gt;&gt;</a>&nbsp;&nbsp;&nbsp;std::basic_string&lang;char, std::char_traits&lang;char&rang;, std::allocator&lang;char&rang;&rang;::basic_string(const char*, const std::allocator&lang;char&rang;&)
<LI><a href="#[f3]">&gt;&gt;</a>&nbsp;&nbsp;&nbsp;std::locale::~locale()
</UL>
<BR>[Called By]<UL><LI><a href="#[305]">&gt;&gt;</a>&nbsp;&nbsp;&nbsp;std::__rw_exception::_C_vformat(int, std::__va_list)
</UL>

<P><STRONG><a name="[ce]"></a>[local to arm_exceptions_c]::__default_terminate_handler()</STRONG> (Thumb, 6 bytes, Stack size 8 bytes, arm_exceptions_globs.o(.text))
<BR><BR>[Stack]<UL><LI>Max Depth = 8<LI>Call Chain = [local to arm_exceptions_c]::__default_terminate_handler()
</UL>
<BR>[Address Reference Count : 1]<UL><LI> arm_exceptions_globs.o(.text)
</UL>
<P><STRONG><a name="[cf]"></a>_scanf_char_input</STRONG> (Thumb, 12 bytes, Stack size 0 bytes, scanf_char.o(.text))
<BR>[Address Reference Count : 1]<UL><LI> scanf_char.o(.text)
</UL>
<P><STRONG><a name="[10e]"></a>__sti___8_char_cpp_a3dc957a</STRONG> (Thumb, 12 bytes, Stack size 0 bytes, char.o(i.__sti___8_char_cpp_a3dc957a))
<BR>[Address Reference Count : 1]<UL><LI> char.o(.init_array)
</UL>
<P><STRONG><a name="[e3]"></a>&lang;Func5&rang;</STRONG> (Thumb, 20 bytes, Stack size 16 bytes, locale.o(i.<Func5>))
<BR><BR>[Stack]<UL><LI>Max Depth = 24<LI>Call Chain = &lang;Func5&rang; &rArr; std::basic_string&lang;char, std::char_traits&lang;char&rang;, std::allocator&lang;char&rang;&rang;::basic_string(const std::allocator&lang;char&rang;&)
</UL>
<BR>[Calls]<UL><LI><a href="#[165]">&gt;&gt;</a>&nbsp;&nbsp;&nbsp;std::basic_string&lang;char, std::char_traits&lang;char&rang;, std::allocator&lang;char&rang;&rang;::basic_string(const std::allocator&lang;char&rang;&)
</UL>
<BR>[Address Reference Count : 1]<UL><LI> locale.o(i._ZN4__rw15__rw_locale_impC1EPKcjj)
</UL>
<P><STRONG><a name="[10f]"></a>__sti___10_locale_cpp_ff99fc7b</STRONG> (Thumb, 12 bytes, Stack size 0 bytes, locale.o(i.__sti___10_locale_cpp_ff99fc7b))
<BR>[Address Reference Count : 1]<UL><LI> locale.o(.init_array)
</UL>
<P><STRONG><a name="[d1]"></a>[local to arm_exceptions_c]::armcpp_exception_cleanup(_Unwind_Reason_Code, _Unwind_Control_Block*)</STRONG> (Thumb, 66 bytes, Stack size 24 bytes, arm_exceptions_throw.o(.text))
<BR><BR>[Stack]<UL><LI>Max Depth = 156<LI>Call Chain = [local to arm_exceptions_c]::armcpp_exception_cleanup(_Unwind_Reason_Code, _Unwind_Control_Block*) &rArr; __cxa_rethrow &rArr; __cxa_call_terminate &rArr; __cxa_begin_catch &rArr; __ARM::get_foreign_intermediary(__cxa_exception*, _Unwind_Control_Block*) &rArr; __cxa_allocate_exception &rArr; __ARM::call_terminate_handler(_Unwind_Control_Block*) &rArr; std::terminate() &rArr; __cxa_get_globals &rArr; __ARM_exceptions_buffer_init &rArr; malloc
</UL>
<BR>[Calls]<UL><LI><a href="#[120]">&gt;&gt;</a>&nbsp;&nbsp;&nbsp;__cxa_begin_catch
<LI><a href="#[11b]">&gt;&gt;</a>&nbsp;&nbsp;&nbsp;__cxa_rethrow
<LI><a href="#[11c]">&gt;&gt;</a>&nbsp;&nbsp;&nbsp;__cxa_get_globals
<LI><a href="#[124]">&gt;&gt;</a>&nbsp;&nbsp;&nbsp;__cxa_free_exception
</UL>
<BR>[Address Reference Count : 1]<UL><LI> arm_exceptions_throw.o(.text)
</UL>
<P><STRONG><a name="[110]"></a>__sti___10_rwcats_cpp_64e8068e</STRONG> (Thumb, 42 bytes, Stack size 16 bytes, rwcats.o(i.__sti___10_rwcats_cpp_64e8068e))
<BR><BR>[Stack]<UL><LI>Max Depth = 60<LI>Call Chain = __sti___10_rwcats_cpp_64e8068e &rArr; __aeabi_atexit &rArr; malloc
</UL>
<BR>[Calls]<UL><LI><a href="#[35c]">&gt;&gt;</a>&nbsp;&nbsp;&nbsp;__aeabi_atexit
<LI><a href="#[293]">&gt;&gt;</a>&nbsp;&nbsp;&nbsp;operator new[] (unsigned)
</UL>
<BR>[Address Reference Count : 1]<UL><LI> rwcats.o(.init_array)
</UL>
<P><STRONG><a name="[291]"></a>[local to rtti_c]::get_virtual_base_pointer(void*, __cxxabiv1::__base_class_type_info*)</STRONG> (Thumb, 14 bytes, Stack size 0 bytes, rtti.o(i._ZN27_INTERNAL_6_rtti_c_066a44b024get_virtual_base_pointerEPvPN10__cxxabiv122__base_class_type_infoE), UNUSED)
<BR><BR>[Called By]<UL><LI><a href="#[290]">&gt;&gt;</a>&nbsp;&nbsp;&nbsp;[local to rtti_c]::derived_to_base_conversion_r(void*, void**, const std::type_info*, const std::type_info*, unsigned, int*, int, const std::type_info**, a_result_virtuality*, int*)
</UL>

<P><STRONG><a name="[290]"></a>[local to rtti_c]::derived_to_base_conversion_r(void*, void**, const std::type_info*, const std::type_info*, unsigned, int*, int, const std::type_info**, a_result_virtuality*, int*)</STRONG> (Thumb, 476 bytes, Stack size 96 bytes, rtti.o(i._ZN27_INTERNAL_6_rtti_c_066a44b028derived_to_base_conversion_rEPvPS0_PKSt9type_infoS4_jPiiPS4_P19a_result_virtualityS5_), UNUSED)
<BR><BR>[Calls]<UL><LI><a href="#[290]">&gt;&gt;</a>&nbsp;&nbsp;&nbsp;[local to rtti_c]::derived_to_base_conversion_r(void*, void**, const std::type_info*, const std::type_info*, unsigned, int*, int, const std::type_info**, a_result_virtuality*, int*)
<LI><a href="#[291]">&gt;&gt;</a>&nbsp;&nbsp;&nbsp;[local to rtti_c]::get_virtual_base_pointer(void*, __cxxabiv1::__base_class_type_info*)
<LI><a href="#[15a]">&gt;&gt;</a>&nbsp;&nbsp;&nbsp;__ARM_common_get_typeid
<LI><a href="#[159]">&gt;&gt;</a>&nbsp;&nbsp;&nbsp;std::type_info::operator ==(const std::type_info&) const
</UL>
<BR>[Called By]<UL><LI><a href="#[15c]">&gt;&gt;</a>&nbsp;&nbsp;&nbsp;__derived_to_base_conversion
<LI><a href="#[290]">&gt;&gt;</a>&nbsp;&nbsp;&nbsp;[local to rtti_c]::derived_to_base_conversion_r(void*, void**, const std::type_info*, const std::type_info*, unsigned, int*, int, const std::type_info**, a_result_virtuality*, int*)
</UL>
<P>
<H3>
Undefined Global Symbols
</H3><HR></body></html>
